01-01 01:08:39.489  5219  5219 V CAM_QuickActivity: END onDestroy: Activity = com.android.camera.PermissionsActivity@ef33afa
01-01 01:08:39.497  5219  5656 W Adreno-ES20: <core_glFinish:34>: glFinish skipped: 0
01-01 01:08:39.503  5219  5656 W Adreno-ES20: <core_glFinish:34>: glFinish skipped: 0
01-01 01:08:39.510  5219  5219 V CAM_QuickActivity: START onPause: Activity = com.android.camera.PermissionsActivity@da61478
01-01 01:08:39.511  5219  5219 V CAM_QuickActivity: onPause --> onPauseTasks()
01-01 01:08:39.511  5219  5219 V CAM_QuickActivity: END onPause: Activity = com.android.camera.PermissionsActivity@da61478
01-01 01:08:39.513  3456  5244 D KeyguardViewMediator: setOccluded false
01-01 01:08:39.536  3456  3456 D StatusBar: disable<e i a s b h r c s q >
01-01 01:08:39.554   397   451 E ANDR-PERF-MPCTL: Invalid profile no. 0, total profiles 0 only
01-01 01:08:39.557   410   410 E lowmemorykiller: Error opening /dev/memcg/apps/uid_10063/pid_5618/memory.soft_limit_in_bytes; errno=2
01-01 01:08:39.559   410   410 E lowmemorykiller: Error opening /dev/memcg/apps/uid_10039/pid_5219/memory.soft_limit_in_bytes; errno=2
01-01 01:08:39.562   410   410 E lowmemorykiller: Error opening /dev/memcg/apps/uid_1000/pid_3769/memory.soft_limit_in_bytes; errno=2
01-01 01:08:39.569  3456  3456 V KeyguardDisplayManager: hide
01-01 01:08:39.696  3456  3456 D KeyguardViewMediator: adjustStatusBarLocked: mShowing=false mOccluded=false isSecure=false --> flags=0x0
01-01 01:08:39.728  3456  3456 D StatusBar: disable<e i a s b h r c s q >
01-01 01:08:39.737  3456  3849 W Adreno-ES20: <core_glFinish:34>: glFinish skipped: 0
01-01 01:08:39.831  3456  3849 W Adreno-EGL: <qeglDrvAPI_eglGetConfigAttrib:612>: EGL_BAD_ATTRIBUTE
01-01 01:08:39.883  5618  5639 W Adreno-EGL: <qeglDrvAPI_eglGetConfigAttrib:612>: EGL_BAD_ATTRIBUTE
01-01 01:08:39.966  5219  5656 W Adreno-ES20: <core_glFinish:34>: glFinish skipped: 0
01-01 01:08:40.082  5219  5656 I chatty  : uid=10039(com.android.camera2) RenderThread identical 3 lines
01-01 01:08:40.087  5219  5656 W Adreno-ES20: <core_glFinish:34>: glFinish skipped: 0
01-01 01:08:40.094  5219  5219 V CAM_QuickActivity: START onDestroy: Activity = com.android.camera.CameraActivity@834014c
01-01 01:08:40.107  5219  5219 V CAM_QuickActivity: END onDestroy: Activity = com.android.camera.CameraActivity@834014c
01-01 01:08:40.320   410   410 E lowmemorykiller: Error opening /dev/memcg/apps/uid_10039/pid_5219/memory.soft_limit_in_bytes; errno=2
01-01 01:08:40.325   410   410 E lowmemorykiller: Error opening /dev/memcg/apps/uid_1000/pid_4195/memory.soft_limit_in_bytes; errno=2
01-01 01:08:40.325   410   410 E lowmemorykiller: Error opening /dev/memcg/apps/uid_1002/pid_4651/memory.soft_limit_in_bytes; errno=2
01-01 01:08:40.326   410   410 E lowmemorykiller: Error opening /dev/memcg/apps/uid_10025/pid_4402/memory.soft_limit_in_bytes; errno=2
01-01 01:08:40.327  5219  5656 W Adreno-ES20: <core_glFinish:34>: glFinish skipped: 0
01-01 01:08:40.328   410   410 E lowmemorykiller: Error opening /dev/memcg/apps/uid_1000/pid_4195/memory.soft_limit_in_bytes; errno=2
01-01 01:08:40.328  5219  5656 W Adreno-ES20: <core_glFinish:34>: glFinish skipped: 0
01-01 01:08:40.329  5219  5656 W Adreno-ES20: <core_glFinish:34>: glFinish skipped: 0
01-01 01:08:40.329   410   410 E lowmemorykiller: Error opening /dev/memcg/apps/uid_1002/pid_4651/memory.soft_limit_in_bytes; errno=2
01-01 01:08:40.330  5219  5219 V CAM_QuickActivity: START onStop: Activity = com.android.camera.PermissionsActivity@da61478
01-01 01:08:40.330  5219  5219 V CAM_QuickActivity: END onStop: Activity = com.android.camera.PermissionsActivity@da61478
01-01 01:08:40.331   410   410 E lowmemorykiller: Error opening /dev/memcg/apps/uid_10019/pid_4623/memory.soft_limit_in_bytes; errno=2
01-01 01:08:40.331  5219  5219 V CAM_QuickActivity: START onDestroy: Activity = com.android.camera.PermissionsActivity@da61478
01-01 01:08:40.331  5219  5219 V CAM_PermissionsActivity: onDestroy: unregistering receivers
01-01 01:08:40.333   410   410 E lowmemorykiller: Error opening /dev/memcg/apps/uid_10025/pid_4402/memory.soft_limit_in_bytes; errno=2
01-01 01:08:40.333   410   410 E lowmemorykiller: Error opening /dev/memcg/apps/uid_10048/pid_4012/memory.soft_limit_in_bytes; errno=2
01-01 01:08:40.334   410   410 E lowmemorykiller: Error opening /dev/memcg/apps/uid_10023/pid_4513/memory.soft_limit_in_bytes; errno=2
01-01 01:08:40.341  5219  5219 V CAM_QuickActivity: END onDestroy: Activity = com.android.camera.PermissionsActivity@da61478
01-01 01:08:40.346  5219  5656 W Adreno-ES20: <core_glFinish:34>: glFinish skipped: 0
01-01 01:08:40.348  5219  5656 W Adreno-ES20: <core_glFinish:34>: glFinish skipped: 0
01-01 01:08:40.380  5219  5219 E WindowManager: 
01-01 01:08:40.380  5219  5219 E WindowManager: android.view.WindowLeaked: Activity com.android.camera.PermissionsActivity has leaked window DecorView@bfa064a[] that was originally added here
01-01 01:08:40.380  5219  5219 E WindowManager: 	at android.view.ViewRootImpl.<init>(ViewRootImpl.java:489)
01-01 01:08:40.380  5219  5219 E WindowManager: 	at android.view.WindowManagerGlobal.addView(WindowManagerGlobal.java:346)
01-01 01:08:40.380  5219  5219 E WindowManager: 	at android.view.WindowManagerImpl.addView(WindowManagerImpl.java:94)
01-01 01:08:40.380  5219  5219 E WindowManager: 	at android.app.Dialog.show(Dialog.java:330)
01-01 01:08:40.380  5219  5219 E WindowManager: 	at android.app.AlertDialog$Builder.show(AlertDialog.java:1114)
01-01 01:08:40.380  5219  5219 E WindowManager: 	at com.android.camera.PermissionsActivity.handlePermissionsFailure(PermissionsActivity.java:227)
01-01 01:08:40.380  5219  5219 E WindowManager: 	at com.android.camera.PermissionsActivity.checkPermissions(PermissionsActivity.java:137)
01-01 01:08:40.380  5219  5219 E WindowManager: 	at com.android.camera.PermissionsActivity.onResumeTasks(PermissionsActivity.java:90)
01-01 01:08:40.380  5219  5219 E WindowManager: 	at com.android.camera.util.QuickActivity$1.run(QuickActivity.java:92)
01-01 01:08:40.380  5219  5219 E WindowManager: 	at android.os.Handler.handleCallback(Handler.java:790)
01-01 01:08:40.380  5219  5219 E WindowManager: 	at android.os.Handler.dispatchMessage(Handler.java:99)
01-01 01:08:40.380  5219  5219 E WindowManager: 	at android.os.Looper.loop(Looper.java:164)
01-01 01:08:40.380  5219  5219 E WindowManager: 	at android.app.ActivityThread.main(ActivityThread.java:6518)
01-01 01:08:40.380  5219  5219 E WindowManager: 	at java.lang.reflect.Method.invoke(Native Method)
01-01 01:08:40.380  5219  5219 E WindowManager: 	at com.android.internal.os.RuntimeInit$MethodAndArgsCaller.run(RuntimeInit.java:438)
01-01 01:08:40.380  5219  5219 E WindowManager: 	at com.android.internal.os.ZygoteInit.main(ZygoteInit.java:807)
01-01 01:08:40.382  5219  5656 W Adreno-ES20: <core_glFinish:34>: glFinish skipped: 0
01-01 01:08:40.406  1114  1126 W WindowManager: Failed looking up window callers=com.android.server.wm.WindowManagerService.windowForClientLocked:5849 com.android.server.wm.WindowManagerService.removeWindow:1723 com.android.server.wm.Session.remove:222 
01-01 01:08:40.383  5219  5656 W Adreno-ES20: <core_glFinish:34>: glFinish skipped: 0
01-01 01:08:40.480   280   280 I chatty  : uid=1000(system) hwservicemanage expire 21 lines
01-01 01:08:40.989  1114  1405 D AutofillManagerService: Close system dialogs
01-01 01:08:41.010  1114  2875 I ActivityManager: START u0 {act=android.intent.action.MAIN cat=[android.intent.category.HOME] flg=0x10200000 cmp=com.android.launcher3/.Launcher (has extras)} from uid 1000
01-01 01:08:41.035  1114  2875 I chatty  : uid=1000(system) InputDispatcher expire 6 lines
01-01 01:08:41.052   410   410 E lowmemorykiller: Error opening /dev/memcg/apps/uid_10015/pid_4145/memory.soft_limit_in_bytes; errno=2
01-01 01:08:41.055   410   410 E lowmemorykiller: Error opening /dev/memcg/apps/uid_10063/pid_5618/memory.soft_limit_in_bytes; errno=2
01-01 01:08:41.058  4145  4315 W Adreno-ES20: <core_glFinish:34>: glFinish skipped: 0
01-01 01:08:41.059  4145  4315 W Adreno-ES20: <core_glFinish:34>: glFinish skipped: 0
01-01 01:08:41.089   410   410 E lowmemorykiller: Error opening /dev/memcg/apps/uid_10063/pid_5618/memory.soft_limit_in_bytes; errno=2
01-01 01:08:41.229  4145  4315 W Adreno-EGL: <qeglDrvAPI_eglGetConfigAttrib:612>: EGL_BAD_ATTRIBUTE
01-01 01:08:41.238  5618  5639 W Adreno-ES20: <core_glFinish:34>: glFinish skipped: 0
01-01 01:08:41.336  1114  5512 D AutofillManagerServiceImpl: Reset component for user 0
01-01 01:08:41.281  5618  5639 I chatty  : uid=10063(com.nfp.update) identical 2 lines
01-01 01:08:41.286  5618  5639 W Adreno-ES20: <core_glFinish:34>: glFinish skipped: 0
01-01 01:08:41.358   410   410 E lowmemorykiller: Error opening /dev/memcg/apps/uid_10063/pid_5618/memory.soft_limit_in_bytes; errno=2
01-01 01:08:41.420  5618  5639 W Adreno-ES20: <core_glFinish:34>: glFinish skipped: 0
01-01 01:08:41.423  5618  5639 W Adreno-ES20: <core_glFinish:34>: glFinish skipped: 0
01-01 01:08:41.874  4145  4315 W OpenGLRenderer: Incorrectly called buildLayer on View: ShortcutAndWidgetContainer, destroying layer...
01-01 01:08:43.114   397   451 E ANDR-PERF-MPCTL: Invalid profile no. 0, total profiles 0 only
01-01 01:08:43.145   397   451 E ANDR-PERF-MPCTL: Invalid profile no. 0, total profiles 0 only
01-01 01:08:45.409  5219  5656 W Adreno-ES20: <core_glFinish:34>: glFinish skipped: 0
01-01 01:08:45.421  5219  5656 W Adreno-ES20: <core_glFinish:34>: glFinish skipped: 0
01-01 01:08:47.682  1114  3653 I ActivityManager: START u0 {act=android.intent.action.MAIN cat=[android.intent.category.LAUNCHER] flg=0x10200000 cmp=com.nfp.update/.MainActivity bnds=[240,528][350,691]} from uid 10015
01-01 01:08:47.688   464   737 I AudioPolicyManagerCustom: FLAG None hence request for a primary output
01-01 01:08:47.717   397   451 E ANDR-PERF-MPCTL: Invalid profile no. 0, total profiles 0 only
01-01 01:08:47.734   464   737 I AudioPolicyManagerCustom: FLAG None hence request for a primary output
01-01 01:08:47.810   393  4693 I chatty  : uid=1000(system) writer expire 126 lines
01-01 01:08:47.864   410   410 E lowmemorykiller: Error opening /dev/memcg/apps/uid_10063/pid_5618/memory.soft_limit_in_bytes; errno=2
01-01 01:08:47.867   410   410 E lowmemorykiller: Error opening /dev/memcg/apps/uid_10015/pid_4145/memory.soft_limit_in_bytes; errno=2
01-01 01:08:47.873  5618  5639 W Adreno-ES20: <core_glFinish:34>: glFinish skipped: 0
01-01 01:08:47.874  5618  5639 W Adreno-ES20: <core_glFinish:34>: glFinish skipped: 0
01-01 01:08:47.933   410   410 E lowmemorykiller: Error opening /dev/memcg/apps/uid_10015/pid_4145/memory.soft_limit_in_bytes; errno=2
01-01 01:08:47.990  4145  4315 W Adreno-ES20: <core_glFinish:34>: glFinish skipped: 0
01-01 01:08:47.995  4145  4315 W Adreno-ES20: <core_glFinish:34>: glFinish skipped: 0
01-01 01:08:48.003  5618  5639 W Adreno-EGL: <qeglDrvAPI_eglGetConfigAttrib:612>: EGL_BAD_ATTRIBUTE
01-01 01:08:48.390  4145  4315 W Adreno-ES20: <core_glFinish:34>: glFinish skipped: 0
01-01 01:08:48.395  4145  4315 W Adreno-ES20: <core_glFinish:34>: glFinish skipped: 0
01-01 01:08:48.402   410   410 E lowmemorykiller: Error opening /dev/memcg/apps/uid_10015/pid_4145/memory.soft_limit_in_bytes; errno=2
01-01 01:08:48.536  4060  4400 I chatty  : uid=1000(system) Thread-2 expire 12 lines
01-01 01:08:49.674  5618  5623 I zygote  : Do partial code cache collection, code=27KB, data=25KB
01-01 01:08:49.677  5618  5623 I zygote  : After code cache collection, code=27KB, data=25KB
01-01 01:08:49.677  5618  5623 I zygote  : Increasing code cache capacity to 128KB
01-01 01:08:51.047   393  5650 I chatty  : uid=1000(system) HwBinder:393_4 expire 16 lines
01-01 01:08:54.230   464   737 I AudioPolicyManagerCustom: FLAG None hence request for a primary output
01-01 01:08:54.231   464   737 I AudioPolicyManagerCustom: FLAG None hence request for a primary output
01-01 01:08:54.239   397   451 E ANDR-PERF-MPCTL: Invalid profile no. 0, total profiles 0 only
01-01 01:08:54.254  1114  3653 I ActivityManager: START u0 {cmp=com.nfp.update/.LocalUpdate} from uid 10063
01-01 01:08:54.270  1114  3653 I chatty  : uid=1000(system) Binder:1114_5 expire 14 lines
01-01 01:08:55.003  5618  5618 I Choreographer: Skipped 37 frames!  The application may be doing too much work on its main thread.
01-01 01:08:55.085  5618  5639 W Adreno-EGL: <qeglDrvAPI_eglGetConfigAttrib:612>: EGL_BAD_ATTRIBUTE
01-01 01:08:55.204  5618  5639 W Adreno-ES20: <core_glFinish:34>: glFinish skipped: 0
01-01 01:08:55.209  5618  5639 W Adreno-ES20: <core_glFinish:34>: glFinish skipped: 0
01-01 01:08:55.250  5618  5639 W Adreno-ES20: <core_glFinish:34>: glFinish skipped: 0
01-01 01:08:59.660  5618  5618 W RecoverySystem: !!! REBOOTING TO INSTALL /fota/update.zip !!!
01-01 01:08:59.664   279   279 E SELinux : avc:  denied  { find } for service=recovery pid=5618 uid=10063 scontext=u:r:untrusted_app:s0:c512,c768 tcontext=u:object_r:recovery_service:s0 tclass=service_manager permissive=0
01-01 01:08:59.676  5618  5618 W SystemServiceRegistry: No service published for: recovery
01-01 01:08:59.688  5618  5618 D AndroidRuntime: Shutting down VM
01-01 01:08:59.714  5618  5618 E AndroidRuntime: FATAL EXCEPTION: main
01-01 01:08:59.714  5618  5618 E AndroidRuntime: Process: com.nfp.update, PID: 5618
01-01 01:08:59.714  5618  5618 E AndroidRuntime: java.lang.NullPointerException: Attempt to invoke direct method 'boolean android.os.RecoverySystem.setupBcb(java.lang.String)' on a null object reference
01-01 01:08:59.714  5618  5618 E AndroidRuntime: 	at android.os.RecoverySystem.installPackage(RecoverySystem.java:590)
01-01 01:08:59.714  5618  5618 E AndroidRuntime: 	at android.os.RecoverySystem.installPackage(RecoverySystem.java:514)
01-01 01:08:59.714  5618  5618 E AndroidRuntime: 	at com.nfp.update.LocalUpdate$1.run(LocalUpdate.java:56)
01-01 01:08:59.714  5618  5618 E AndroidRuntime: 	at android.os.Handler.handleCallback(Handler.java:790)
01-01 01:08:59.714  5618  5618 E AndroidRuntime: 	at android.os.Handler.dispatchMessage(Handler.java:99)
01-01 01:08:59.714  5618  5618 E AndroidRuntime: 	at android.os.Looper.loop(Looper.java:164)
01-01 01:08:59.714  5618  5618 E AndroidRuntime: 	at android.app.ActivityThread.main(ActivityThread.java:6518)
01-01 01:08:59.714  5618  5618 E AndroidRuntime: 	at java.lang.reflect.Method.invoke(Native Method)
01-01 01:08:59.714  5618  5618 E AndroidRuntime: 	at com.android.internal.os.RuntimeInit$MethodAndArgsCaller.run(RuntimeInit.java:438)
01-01 01:08:59.714  5618  5618 E AndroidRuntime: 	at com.android.internal.os.ZygoteInit.main(ZygoteInit.java:807)
01-01 01:08:59.763  1114  3653 W ActivityManager:   Force finishing activity com.nfp.update/.LocalUpdate
01-01 01:08:59.785  1114  1398 I ActivityManager: Showing crash dialog for package com.nfp.update u0
01-01 01:08:59.923  1114  1398 W Looper  : Dispatch took 152ms on android.ui, h=Handler (com.android.server.am.ActivityManagerService$UiHandler) {7499138} cb=null msg=1
01-01 01:09:00.020   410   410 E lowmemorykiller: Error opening /dev/memcg/apps/uid_10007/pid_4165/memory.soft_limit_in_bytes; errno=2
01-01 01:09:00.024  3456  3456 D KeyguardUpdateMonitor: received broadcast android.intent.action.TIME_TICK
01-01 01:09:00.024  3456  3456 D KeyguardUpdateMonitor: handleTimeUpdate
01-01 01:09:00.025   410   410 E lowmemorykiller: Error opening /dev/memcg/apps/uid_1000/pid_4195/memory.soft_limit_in_bytes; errno=2
01-01 01:09:00.026   410   410 E lowmemorykiller: Error opening /dev/memcg/apps/uid_10019/pid_4623/memory.soft_limit_in_bytes; errno=2
01-01 01:09:00.027   410   410 E lowmemorykiller: Error opening /dev/memcg/apps/uid_10023/pid_4513/memory.soft_limit_in_bytes; errno=2
01-01 01:09:00.040  3456  3461 I zygote  : Do full code cache collection, code=503KB, data=340KB
01-01 01:09:00.055  3456  3461 I zygote  : After code cache collection, code=497KB, data=304KB
01-01 01:09:00.267  1114  1397 W ActivityManager: Activity pause timeout for ActivityRecord{70a0e5b u0 com.nfp.update/.LocalUpdate t15 f}
01-01 01:09:00.278   397   451 E ANDR-PERF-MPCTL: Invalid profile no. 0, total profiles 0 only
01-01 01:09:00.616  4060  4400 I chatty  : uid=1000(system) Thread-2 expire 38 lines
01-01 01:09:00.625   280   280 I chatty  : uid=1000(system) hwservicemanage expire 40 lines
01-01 01:09:09.768  1114  1397 W ActivityManager: Launch timeout has expired, giving up wake lock!
01-01 01:09:09.851   459   459 I VM_BMS  : power_supply_update: ocv_uv=4181279 ibatt=-464313 soc=89 seq_num=82
01-01 01:09:38.469  3456  3456 D KeyguardUpdateMonitor: received broadcast android.intent.action.BATTERY_CHANGED
01-01 01:09:38.470  3626  3626 D QtiCarrierConfigHelper: WARNING, no carrier configs on phone Id: 0
01-01 01:09:38.531   395  4287 I LocSvc_libulp: ulp_msg_process_system_update: systemEvent:5 
01-01 01:09:38.532   395  4287 I LocSvc_libulp: ulp_msg_process_start_req, at ulp state = 1
01-01 01:09:38.532   395  3562 I LocSvc_api_v02: ---> locClientSendReq line 2102 QMI_LOC_GET_BEST_AVAILABLE_POSITION_REQ_V02
01-01 01:09:38.534   395  3576 I LocSvc_ApiV02: <--- globalRespCb line 141 QMI_LOC_GET_BEST_AVAILABLE_POSITION_REQ_V02
01-01 01:09:38.536   395  4287 I LocSvc_libulp: ulp_brain_process_zpp_position_report, report ZPP position to providers,report_position = 1
01-01 01:09:38.573  3456  3456 D KeyguardUpdateMonitor: handleBatteryUpdate
01-01 01:09:38.906  4060  4400 I chatty  : uid=1000(system) Thread-2 expire 11 lines
01-01 01:09:40.919   280   280 I chatty  : uid=1000(system) hwservicemanage expire 22 lines
01-01 01:09:45.790   464   737 I AudioPolicyManagerCustom: FLAG None hence request for a primary output
01-01 01:09:45.793   464   737 I AudioPolicyManagerCustom: FLAG None hence request for a primary output
01-01 01:09:45.801   393  4693 I chatty  : uid=1000(system) writer expire 100 lines
01-01 01:09:45.804   397   451 E ANDR-PERF-MPCTL: Invalid profile no. 0, total profiles 0 only
01-01 01:09:45.809  1114  3653 I ActivityManager: Killing 5618:com.nfp.update/u0a63 (adj 0): crash
01-01 01:09:45.864  1114  3653 I chatty  : uid=1000(system) Binder:1114_5 expire 5 lines
01-01 01:09:45.899  1114  3656 I WindowManager: WIN DEATH: Window{31ceaf4 u0 com.nfp.update/com.nfp.update.MainActivity}
01-01 01:09:45.908  1114  1400 I chatty  : uid=1000(system) ActivityManager expire 3 lines
01-01 01:09:46.026  1114  3653 W ActivityManager: Slow operation: 130ms so far, now at startProcess: returned from zygote!
01-01 01:09:46.027  1114  3653 W ActivityManager: Slow operation: 130ms so far, now at startProcess: done updating battery stats
01-01 01:09:46.041  5700  5700 I zygote  : Late-enabling -Xcheck:jni
01-01 01:09:46.044  1114  3653 W ActivityManager: Slow operation: 147ms so far, now at startProcess: building log message
01-01 01:09:46.044  1114  3653 I ActivityManager: Start proc 5700:com.nfp.update/u0a63 for activity com.nfp.update/.MainActivity
01-01 01:09:46.045  1114  3653 W ActivityManager: Slow operation: 149ms so far, now at startProcess: starting to update pids map
01-01 01:09:46.045  1114  3653 W ActivityManager: Slow operation: 149ms so far, now at startProcess: done updating pids map
01-01 01:09:46.046  1114  3653 W ActivityManager: Slow operation: 179ms so far, now at startProcess: done starting proc!
01-01 01:09:46.056  1114  3653 W AppOps  : Finishing op nesting under-run: uid 1000 pkg android code 24 time=0 duration=0 nesting=0
01-01 01:09:46.093  1114  1398 I chatty  : uid=1000(system) android.ui expire 1 line
01-01 01:09:46.097  1114  1398 W Looper  : Dispatch took 295ms on android.ui, h=Handler (com.android.server.am.AppErrorDialog$1) {fc89983} cb=null msg=3
01-01 01:09:46.097  1114  1397 I chatty  : uid=1000(system) ActivityManager expire 1 line
01-01 01:09:46.099  1114  1407 W ActivityManager: setHasOverlayUi called on unknown pid: 5618
01-01 01:09:46.328  1114  5699 I chatty  : uid=1000(system) Binder:1114_E expire 7 lines
01-01 01:09:46.347   410   410 E lowmemorykiller: Error opening /dev/memcg/apps/uid_10063/pid_5700/memory.soft_limit_in_bytes; errno=2
01-01 01:09:46.375  1114  5699 W ActivityManager: Slow operation: 54ms so far, now at attachApplicationLocked: after mServices.attachApplicationLocked
01-01 01:09:47.049  5700  5700 I InstantRun: starting instant run server: is main process
01-01 01:09:49.001   393  5650 I chatty  : uid=1000(system) HwBinder:393_4 expire 8 lines
01-01 01:09:49.594  5700  5700 D NetworkSecurityConfig: No Network Security Config specified, using platform default
01-01 01:09:49.778  5700  5700 D HttpClient: client.cancelAllRequests()
01-01 01:09:49.943  5700  5726 D OpenGLRenderer: HWUI GL Pipeline
01-01 01:09:49.977  4060  4400 I chatty  : uid=1000(system) Thread-2 expire 10 lines
01-01 01:09:50.102  5700  5726 I Adreno-EGL: <qeglDrvAPI_eglInitialize:379>: QUALCOMM Build: 12/13/18, 6f5d4d3, Ia9da49eece
01-01 01:09:50.224  5700  5726 I zygote  : android::hardware::configstore::V1_0::ISurfaceFlingerConfigs::hasWideColorDisplay retrieved: 0
01-01 01:09:50.225  5700  5726 I OpenGLRenderer: Initialized EGL, version 1.4
01-01 01:09:50.225  5700  5726 D OpenGLRenderer: Swap behavior 2
01-01 01:09:50.276  5700  5726 W Adreno-EGL: <qeglDrvAPI_eglGetConfigAttrib:612>: EGL_BAD_ATTRIBUTE
01-01 01:09:50.293  5700  5726 W Adreno-EGL: <qeglDrvAPI_eglGetConfigAttrib:612>: EGL_BAD_ATTRIBUTE
01-01 01:09:54.705  1114  5699 I ActivityManager: START u0 {cmp=com.nfp.update/.LocalUpdate} from uid 10063
01-01 01:09:54.715   464   737 I AudioPolicyManagerCustom: FLAG None hence request for a primary output
01-01 01:09:54.716   464   737 I AudioPolicyManagerCustom: FLAG None hence request for a primary output
01-01 01:09:54.720   397   451 E ANDR-PERF-MPCTL: Invalid profile no. 0, total profiles 0 only
01-01 01:09:54.729   393  4693 D ACDB-LOADER: ACDB -> send_audvoltable
01-01 01:09:54.729   393  4693 D ACDB-LOADER: ACDB -> ACDB_CMD_GET_AUDPROC_VOL_STEP_TABLE_SIZE
01-01 01:09:54.729   393  4693 D ACDB-LOADER: ACDB -> ACDB_CMD_GET_AUDPROC_GAIN_DEP_STEP_TABLE, vol index 0
01-01 01:09:54.729   393  4693 D ACDB-LOADER: ACDB -> AUDIO_SET_VOL_CAL cal type = 12
01-01 01:09:54.729   393  4693 D ACDB-LOADER: ACDB -> ACDB_CMD_GET_AUDPROC_STREAM_TABLE_SIZE
01-01 01:09:54.730   393  4693 D ACDB-LOADER: ACDB -> send_audstrmtable
01-01 01:09:54.730   393  4693 D ACDB-LOADER: ACDB -> ACDB_CMD_GET_AUDPROC_STREAM_TABLE_V2
01-01 01:09:54.730   393  4693 D ACDB-LOADER: ACDB -> audstrm_cal->cal_type.cal_data.cal_size = 88
01-01 01:09:54.730   393  4693 D ACDB-LOADER: ACDB -> send_afe_topology
01-01 01:09:54.730   393  4693 D ACDB-LOADER: ACDB -> ACDB_CMD_GET_AFE_TOPOLOGY_ID
01-01 01:09:54.730   393  4693 D         : ACDBFILE_MGR: CmnDevinfo for the devid 0000000E not found
01-01 01:09:54.730   393  4693 D         : ACDB_COMMAND: Failed to fetch the afe topo info for devid 0000000E 
01-01 01:09:54.730   393  4693 E ACDB-LOADER: ACDB get afe topology for acdb id = 14, err = -8
01-01 01:09:54.730   393  4693 E ACDB-LOADER: Error: get ACDB afe topology result = -8
01-01 01:09:54.730   393  4693 D ACDB-LOADER: ACDB -> send_afe_cal
01-01 01:09:54.730   393  4693 D ACDB-LOADER: ACDB -> ACDB_CMD_GET_AFE_COMMON_TABLE_SIZE
01-01 01:09:54.730   393  4693 D ACDB-LOADER: ACDB -> ACDB_CMD_GET_AFE_COMMON_TABLE
01-01 01:09:54.730   393  4693 D ACDB-LOADER: ACDB -> AUDIO_SET_AFE_CAL
01-01 01:09:54.731   393  4693 D ACDB-LOADER: ACDB -> send_hw_delay : acdb_id = 14 path = 0
01-01 01:09:54.731   393  4693 D ACDB-LOADER: ACDB -> ACDB_AVSYNC_INFO: ACDB_CMD_GET_DEVICE_PROPERTY
01-01 01:09:54.731   393  4693 D audio_hw_primary: enable_audio_route: apply mixer and update path: low-latency-playback
01-01 01:09:54.731   393  4693 D audio_route: Apply path: low-latency-playback
01-01 01:09:54.732   393  4693 D audio_hw_primary: select_devices: done
01-01 01:09:54.739  1114  5699 E ActivityTrigger: activityStartTrigger: not whiteListedcom.nfp.update/com.nfp.update.LocalUpdate/1
01-01 01:09:54.740  1114  5699 D CompatibilityInfo: mCompatibilityFlags - 4
01-01 01:09:54.740  1114  5699 D CompatibilityInfo: applicationDensity - 240
01-01 01:09:54.741  1114  5699 D CompatibilityInfo: applicationScale - 1.0
01-01 01:09:54.748  1114  5699 D ActivityTrigger: activityResumeTrigger: The activity in ApplicationInfo{e09ecda com.nfp.update} is now in focus and seems to be in full-screen mode
01-01 01:09:54.748  1114  5699 E ActivityTrigger: activityResumeTrigger: not whiteListedcom.nfp.update/com.nfp.update.LocalUpdate/1
01-01 01:09:54.748  1114  5699 D ActivityTrigger: ActivityTrigger activityPauseTrigger 
01-01 01:09:54.768  1114  5699 D ActivityTrigger: activityResumeTrigger: The activity in ApplicationInfo{e09ecda com.nfp.update} is now in focus and seems to be in full-screen mode
01-01 01:09:54.768  1114  5699 E ActivityTrigger: activityResumeTrigger: not whiteListedcom.nfp.update/com.nfp.update.LocalUpdate/1
01-01 01:09:54.786  1114  5699 D CompatibilityInfo: mCompatibilityFlags - 4
01-01 01:09:54.786  1114  5699 D CompatibilityInfo: applicationDensity - 240
01-01 01:09:54.786  1114  5699 D CompatibilityInfo: applicationScale - 1.0
01-01 01:09:54.817   393  4693 D msm8916_platform: platform_set_channel_map mixer_ctl_name:Playback Channel Map12
01-01 01:09:54.817   393  4693 D msm8916_platform: platform_set_channel_map: set mapping(1 2 0 0 0 0 0 0) for channel:2
01-01 01:09:54.818   393  4693 D audio_hw_primary: start_output_stream: exit
01-01 01:09:55.184  5700  5726 W Adreno-ES20: <core_glFinish:34>: glFinish skipped: 0
01-01 01:09:55.190  5700  5726 W Adreno-ES20: <core_glFinish:34>: glFinish skipped: 0
01-01 01:09:55.191  5700  5726 D OpenGLRenderer: endAllActiveAnimators on 0x8e838880 (ListView) with handle 0x8e7ff270
01-01 01:09:55.256  5700  5726 W Adreno-EGL: <qeglDrvAPI_eglGetConfigAttrib:612>: EGL_BAD_ATTRIBUTE
01-01 01:09:55.413  1114  1407 I ActivityManager: Displayed com.nfp.update/.LocalUpdate: +638ms
01-01 01:09:55.416  1114  1407 E ANDR-PERF-JNI: Iop tryGetService failed
01-01 01:09:55.615  1114  1397 D ActivityTrigger: ActivityTrigger activityStopTrigger 
01-01 01:09:55.636  5700  5726 W Adreno-ES20: <core_glFinish:34>: glFinish skipped: 0
01-01 01:09:55.806  1114  4938 W Adreno-ES20: <core_glFinish:34>: glFinish skipped: 0
01-01 01:09:57.911   393  5650 D audio_hw_primary: out_standby: enter: stream (0xa5365000) usecase(1: low-latency-playback)
01-01 01:09:57.984   459   459 I VM_BMS  : power_supply_update: ocv_uv=4184521 ibatt=-432940 soc=89 seq_num=83
01-01 01:09:58.028   393  5650 D audio_hw_primary: disable_audio_route: reset and update mixer path: low-latency-playback
01-01 01:09:58.031   393  5650 D soundtrigger: audio_extn_sound_trigger_update_stream_status: uc_id 1 of type 0 for Event 2, with Raise=0
01-01 01:09:58.031   393  5650 D hardware_info: hw_info_append_hw_type : device_name = speaker
01-01 01:09:58.031   393  5650 D audio_hw_primary: disable_snd_device: snd_device(2: speaker)
01-01 01:09:58.031   393  5650 D msm8916_platform: platform_split_snd_device: snd_device(2) num devices(0) new_snd_devices(0)
01-01 01:09:58.038   393  5650 I soundtrigger: audio_extn_sound_trigger_update_device_status: device 0x2 of type 0 for Event 0, with Raise=0
01-01 01:09:58.038   393  5650 D audio_hw_primary: out_standby: exit
01-01 01:10:00.009  3456  3456 D KeyguardUpdateMonitor: received broadcast android.intent.action.TIME_TICK
01-01 01:10:00.010  3456  3456 D KeyguardUpdateMonitor: handleTimeUpdate
01-01 01:10:00.016  5700  5700 W RecoverySystem: !!! REBOOTING TO INSTALL /fota/update.zip !!!
01-01 01:10:00.031   279   279 E SELinux : avc:  denied  { find } for service=recovery pid=5700 uid=10063 scontext=u:r:untrusted_app:s0:c512,c768 tcontext=u:object_r:recovery_service:s0 tclass=service_manager permissive=0
01-01 01:10:00.042  5700  5700 W SystemServiceRegistry: No service published for: recovery
01-01 01:10:00.047  4060  4400 I chatty  : uid=1000(system) Thread-2 expire 39 lines
01-01 01:10:00.056  5700  5700 D AndroidRuntime: Shutting down VM
01-01 01:10:00.070  5700  5700 E AndroidRuntime: FATAL EXCEPTION: main
01-01 01:10:00.070  5700  5700 E AndroidRuntime: Process: com.nfp.update, PID: 5700
01-01 01:10:00.070  5700  5700 E AndroidRuntime: java.lang.NullPointerException: Attempt to invoke direct method 'boolean android.os.RecoverySystem.setupBcb(java.lang.String)' on a null object reference
01-01 01:10:00.070  5700  5700 E AndroidRuntime: 	at android.os.RecoverySystem.installPackage(RecoverySystem.java:590)
01-01 01:10:00.070  5700  5700 E AndroidRuntime: 	at android.os.RecoverySystem.installPackage(RecoverySystem.java:514)
01-01 01:10:00.070  5700  5700 E AndroidRuntime: 	at com.nfp.update.LocalUpdate$1.run(LocalUpdate.java:56)
01-01 01:10:00.070  5700  5700 E AndroidRuntime: 	at android.os.Handler.handleCallback(Handler.java:790)
01-01 01:10:00.070  5700  5700 E AndroidRuntime: 	at android.os.Handler.dispatchMessage(Handler.java:99)
01-01 01:10:00.070  5700  5700 E AndroidRuntime: 	at android.os.Looper.loop(Looper.java:164)
01-01 01:10:00.070  5700  5700 E AndroidRuntime: 	at android.app.ActivityThread.main(ActivityThread.java:6518)
01-01 01:10:00.070  5700  5700 E AndroidRuntime: 	at java.lang.reflect.Method.invoke(Native Method)
01-01 01:10:00.070  5700  5700 E AndroidRuntime: 	at com.android.internal.os.RuntimeInit$MethodAndArgsCaller.run(RuntimeInit.java:438)
01-01 01:10:00.070  5700  5700 E AndroidRuntime: 	at com.android.internal.os.ZygoteInit.main(ZygoteInit.java:807)
01-01 01:10:00.097  1114  4603 W ActivityManager:   Force finishing activity com.nfp.update/.LocalUpdate
01-01 01:10:00.099  1114  4603 D ActivityTrigger: ActivityTrigger activityPauseTrigger 
01-01 01:10:00.129  1114  1398 I ActivityManager: Showing crash dialog for package com.nfp.update u0
01-01 01:10:00.601  1114  1397 W ActivityManager: Activity pause timeout for ActivityRecord{2c48bc4 u0 com.nfp.update/.LocalUpdate t16 f}
01-01 01:10:00.603  1114  1397 D ActivityTrigger: activityResumeTrigger: The activity in ApplicationInfo{e09ecda com.nfp.update} is now in focus and seems to be in full-screen mode
01-01 01:10:00.603  1114  1397 E ActivityTrigger: activityResumeTrigger: not whiteListedcom.nfp.update/com.nfp.update.MainActivity/1
01-01 01:10:00.607   397   451 E ANDR-PERF-MPCTL: Invalid profile no. 0, total profiles 0 only
01-01 01:10:01.059   280   280 I chatty  : uid=1000(system) hwservicemanage expire 40 lines
01-01 01:10:06.654  1114  4938 W Adreno-ES20: <core_glFinish:34>: glFinish skipped: 0
01-01 01:10:10.101  1114  1397 W ActivityManager: Launch timeout has expired, giving up wake lock!
01-01 01:10:38.470  3456  3456 D KeyguardUpdateMonitor: received broadcast android.intent.action.BATTERY_CHANGED
01-01 01:10:38.470  3456  3456 D KeyguardUpdateMonitor: handleBatteryUpdate
01-01 01:10:38.476  3626  3626 D QtiCarrierConfigHelper: WARNING, no carrier configs on phone Id: 0
01-01 01:10:38.532   395  4287 I LocSvc_libulp: ulp_msg_process_system_update: systemEvent:5 
01-01 01:10:38.532   395  4287 I LocSvc_libulp: ulp_msg_process_start_req, at ulp state = 1
01-01 01:10:38.533   395  3562 I LocSvc_api_v02: ---> locClientSendReq line 2102 QMI_LOC_GET_BEST_AVAILABLE_POSITION_REQ_V02
01-01 01:10:38.535   395  3576 I LocSvc_ApiV02: <--- globalRespCb line 141 QMI_LOC_GET_BEST_AVAILABLE_POSITION_REQ_V02
01-01 01:10:38.536   395  4287 I LocSvc_libulp: ulp_brain_process_zpp_position_report, report ZPP position to providers,report_position = 1
01-01 01:10:39.385  4060  4400 I chatty  : uid=1000(system) Thread-2 expire 11 lines
01-01 01:10:41.399   280   280 I chatty  : uid=1000(system) hwservicemanage expire 20 lines
01-01 01:10:46.127   459   459 I VM_BMS  : power_supply_update: ocv_uv=4188028 ibatt=-519294 soc=90 seq_num=84
01-01 01:10:46.165  3456  3456 D KeyguardUpdateMonitor: received broadcast android.intent.action.BATTERY_CHANGED
01-01 01:10:46.168  3626  3626 D QtiCarrierConfigHelper: WARNING, no carrier configs on phone Id: 0
01-01 01:10:46.239   388   388 D qdlights: set_speaker_light_locked mode=0, colorRGB=FF00FF00, onMS=0, offMS=0, rc=-2
01-01 01:10:46.244  3456  3456 D KeyguardUpdateMonitor: handleBatteryUpdate
01-01 01:10:46.244  3626  3626 D QtiCarrierConfigHelper: WARNING, no carrier configs on phone Id: 0
01-01 01:10:46.251  1114  1401 I WifiService: requestActivityInfo uid=1000
01-01 01:10:46.251  1114  1401 I WifiService: reportActivityInfo uid=1000
01-01 01:10:46.262  3456  3456 D KeyguardUpdateMonitor: received broadcast android.intent.action.BATTERY_CHANGED
01-01 01:10:46.273  3456  3456 D KeyguardUpdateMonitor: handleBatteryUpdate
01-01 01:10:46.285  1114  1401 I WifiService: getSupportedFeatures uid=1000
01-01 01:10:46.433  1114  1401 E BatteryExternalStatsWorker: no controller energy info supplied for wifi
01-01 01:10:46.434  1114  1401 E BatteryExternalStatsWorker: no controller energy info supplied for bluetooth
01-01 01:10:50.400  1114  4603 W ActivityManager:   Force finishing activity com.nfp.update/.LocalUpdate
01-01 01:10:50.433  1114  4603 W ActivityManager:   Force finishing activity com.nfp.update/.MainActivity
01-01 01:10:50.448  1114  4603 D ActivityTrigger: activityResumeTrigger: The activity in ApplicationInfo{62db995 com.android.launcher3} is now in focus and seems to be in full-screen mode
01-01 01:10:50.448  1114  4603 E ActivityTrigger: activityResumeTrigger: not whiteListedcom.android.launcher3/com.android.launcher3.Launcher/27
01-01 01:10:50.452   410   410 E lowmemorykiller: Error opening /dev/memcg/apps/uid_10015/pid_4145/memory.soft_limit_in_bytes; errno=2
01-01 01:10:50.455  1114  4603 E ActivityManager: Found activity ActivityRecord{d6e3ffc u0 com.nfp.update/.MainActivity t-1 f} in proc activity list using null instead of expected ProcessRecord{bbe224a 5700:com.nfp.update/u0a63}
01-01 01:10:50.456   410   410 E lowmemorykiller: Error opening /dev/memcg/apps/uid_10063/pid_5700/memory.soft_limit_in_bytes; errno=2
01-01 01:10:50.459  4060  4400 I chatty  : uid=1000(system) Thread-2 expire 44 lines
01-01 01:10:50.500  1114  4603 I ActivityManager: Killing 5700:com.nfp.update/u0a63 (adj 199): crash
01-01 01:10:50.504  1114  1400 W zygote  : kill(-5700, 9) failed: No such process
01-01 01:10:50.514  4145  4315 W Adreno-ES20: <core_glFinish:34>: glFinish skipped: 0
01-01 01:10:50.515  4145  4315 W Adreno-ES20: <core_glFinish:34>: glFinish skipped: 0
01-01 01:10:50.522  1114  1398 W InputEventReceiver: Attempted to finish an input event but the input event receiver has already been disposed.
01-01 01:10:50.543  1114  1400 W zygote  : kill(-5700, 9) failed: No such process
01-01 01:10:50.607  1114  2855 W AppOps  : Finishing op nesting under-run: uid 1000 pkg android code 24 time=0 duration=0 nesting=0
01-01 01:10:50.632  1114  1407 W ActivityManager: setHasOverlayUi called on unknown pid: 5700
01-01 01:10:50.623  1114  1400 I chatty  : uid=1000(system) ActivityManager identical 4 lines
01-01 01:10:50.719  4145  4315 W Adreno-EGL: <qeglDrvAPI_eglGetConfigAttrib:612>: EGL_BAD_ATTRIBUTE
01-01 01:10:51.278  4145  4315 W OpenGLRenderer: Incorrectly called buildLayer on View: ShortcutAndWidgetContainer, destroying layer...
01-01 01:11:00.005  3456  3456 D KeyguardUpdateMonitor: received broadcast android.intent.action.TIME_TICK
01-01 01:11:00.006  3456  3456 D KeyguardUpdateMonitor: handleTimeUpdate
01-01 01:11:01.539   280   280 I chatty  : uid=1000(system) hwservicemanage expire 40 lines
01-01 01:11:34.274   459   459 I VM_BMS  : power_supply_update: ocv_uv=4191650 ibatt=-516573 soc=90 seq_num=85
01-01 01:11:34.776  4060  4400 I chatty  : uid=1000(system) Thread-2 expire 16 lines
01-01 01:11:38.468  3456  3456 D KeyguardUpdateMonitor: received broadcast android.intent.action.BATTERY_CHANGED
01-01 01:11:38.472  3626  3626 D QtiCarrierConfigHelper: WARNING, no carrier configs on phone Id: 0
01-01 01:11:38.475  3456  3456 D KeyguardUpdateMonitor: handleBatteryUpdate
01-01 01:11:38.532   395  4287 I LocSvc_libulp: ulp_msg_process_system_update: systemEvent:5 
01-01 01:11:38.533   395  4287 I LocSvc_libulp: ulp_msg_process_start_req, at ulp state = 1
01-01 01:11:38.533   395  3562 I LocSvc_api_v02: ---> locClientSendReq line 2102 QMI_LOC_GET_BEST_AVAILABLE_POSITION_REQ_V02
01-01 01:11:38.535   395  3576 I LocSvc_ApiV02: <--- globalRespCb line 141 QMI_LOC_GET_BEST_AVAILABLE_POSITION_REQ_V02
01-01 01:11:38.535   395  4287 I LocSvc_libulp: ulp_brain_process_zpp_position_report, report ZPP position to providers,report_position = 1
01-01 01:11:41.827   280   280 I chatty  : uid=1000(system) hwservicemanage expire 10 lines
01-01 01:11:50.455  1114  1410 I PowerManagerService: Going to sleep due to screen timeout (uid 1000)...
01-01 01:11:50.475  1114  1410 I DisplayPowerController: Blocking screen off
01-01 01:11:50.483  1114  1410 I DisplayPowerController: Unblocked screen off after 7 ms
01-01 01:11:50.488  3456  5244 D KeyguardViewMediator: onStartedGoingToSleep(3)
01-01 01:11:50.505  1114  1410 I chatty  : uid=1000(system) PowerManagerSer expire 1 line
01-01 01:11:50.521  1114  1397 I chatty  : uid=1000(system) ActivityManager expire 1 line
01-01 01:11:50.526   411   411 D SurfaceFlinger: Set power mode=0, type=0 flinger=0xb10b6000
01-01 01:11:50.540  1114  1407 I DisplayManagerService: Display device changed state: "Built-in Screen", OFF
01-01 01:11:50.547  4145  4315 W Adreno-ES20: <core_glFinish:34>: glFinish skipped: 0
01-01 01:11:50.548   386   386 I SDM     : DisplayBase::SetDisplayState: Set state = 0, display 0
01-01 01:11:50.602  1114  2876 I chatty  : uid=1000(system) InputReader expire 1 line
01-01 01:11:50.670  3456  5244 D KeyguardViewMediator: setting alarm to turn off keyguard, seq = 13
01-01 01:11:50.675  3456  5244 D KeyguardViewMediator: notifyStartedGoingToSleep
01-01 01:11:50.676  3456  5244 D KeyguardViewMediator: notifyScreenTurnedOff
01-01 01:11:50.701  3456  3456 V KeyguardUpdateMonitor: startListeningForFingerprint()
01-01 01:11:50.702  3456  3456 D KeyguardViewMediator: handleNotifyStartedGoingToSleep
01-01 01:11:50.719  3456  3456 D KeyguardViewMediator: handleNotifyScreenTurnedOff
01-01 01:11:50.849  1114  3411 I chatty  : uid=1000(system) PhotonicModulat expire 1 line
01-01 01:11:50.865   390   390 I QCOM PowerHAL: Got set_interactive hint
01-01 01:11:50.867   397   451 E ANDR-PERF-MPCTL: Invalid profile no. 0, total profiles 0 only
01-01 01:11:50.880  1114  1410 I DreamManagerService: Entering dreamland.
01-01 01:11:50.884  1114  1410 I PowerManagerService: Dozing...
01-01 01:11:50.889  1114  1405 I DreamController: Starting dream: name=ComponentInfo{com.android.systemui/com.android.systemui.doze.DozeService}, isTest=false, canDoze=true, userId=0
01-01 01:11:50.889  4060  4400 I chatty  : uid=1000(system) Thread-2 expire 32 lines
01-01 01:11:50.905  1114  1405 I chatty  : uid=1000(system) android.fg expire 3 lines
01-01 01:11:50.913  1114  1405 D AutofillManagerService: Close system dialogs
01-01 01:11:50.994  3456  3456 V KeyguardUpdateMonitor: startListeningForFingerprint()
01-01 01:11:51.168  3456  3456 D StatusBar: disable<e i a s b h r c s q >
01-01 01:11:51.172  3456  3456 D StatusBar: disable<e i a s b h r c s q >
01-01 01:11:51.188  3456  5244 D KeyguardViewMediator: onFinishedGoingToSleep(3)
01-01 01:11:51.188  3456  5244 D KeyguardViewMediator: notifyFinishedGoingToSleep
01-01 01:11:51.244  3456  3849 W Adreno-EGL: <qeglDrvAPI_eglGetConfigAttrib:612>: EGL_BAD_ATTRIBUTE
01-01 01:11:51.292   393  5650 D audio_hw_primary: adev_set_parameters: enter: screen_state=off
01-01 01:11:51.333  3456  3456 D StatusBar: disable<e i a s b h r c s q >
01-01 01:11:51.365  3456  3456 D KeyguardViewMediator: handleNotifyFinishedGoingToSleep
01-01 01:11:51.366  3456  3456 V KeyguardStatusView: Schedule setEnableMarquee: Disable
01-01 01:11:51.366  3456  3456 V KeyguardStatusView: Disable transport text marquee
01-01 01:11:51.369  3456  3456 V KeyguardUpdateMonitor: startListeningForFingerprint()
01-01 01:11:51.375  3456  3456 D StatusBar: disable<e i a s b h r c s q >
01-01 01:11:51.376  3456  3456 D StatusBar: disable<e i a s b h r c s q >
01-01 01:11:51.379  3589  3758 I QCNEJ/CndHalConnector: -> SND notifyScreenStateChanged(false)
01-01 01:11:51.389  3456  3456 D StatusBar: disable<e i a s b h r c s q >
01-01 01:11:51.389  3456  3456 D StatusBar: disable<e i a s b h r c s q >
01-01 01:11:51.395  3589  3758 I QCNEJ/CndHalConnector: -> SND notifyScreenStateChanged(true)
01-01 01:11:51.539  1114  4238 I chatty  : uid=1000(system) IzatProvider expire 3 lines
01-01 01:11:51.573   395   395 V LocSvc_HIDL_IzatSubscription: [screenStatusUpdate][575] [HS] <<<<= [HC]
01-01 01:11:51.589   395  3562 I LocSvc_SystemStatusOsObserver: DataItem: IS_SCREEN_ON: false >> IZAT-MANAGER
01-01 01:11:51.592   395  4287 I LocSvc_libulp: ulp_msg_process_system_update: systemEvent:6 
01-01 01:11:51.898   280   280 I chatty  : uid=1000(system) hwservicemanage expire 40 lines
01-01 01:11:55.691  3456  3456 D KeyguardViewMediator: received DELAYED_KEYGUARD_ACTION with seq = 13, mDelayedShowingSequence = 13
01-01 01:11:55.709  3456  3456 D KeyguardViewMediator: doKeyguard: showing the lock screen
01-01 01:11:55.709  3456  3456 D KeyguardViewMediator: showLocked
01-01 01:11:55.711  3456  3456 D KeyguardViewMediator: handleShow
01-01 01:11:55.745  3456  3456 V KeyguardUpdateMonitor: *** register callback for com.android.keyguard.KeyguardHostView$1@c9784d
01-01 01:11:55.746  3456  3456 V KeyguardUpdateMonitor: *** unregister callback for null
01-01 01:11:55.756  3456  3456 V KeyguardSecurityView: showPrimarySecurityScreen(turningOff=false)
01-01 01:11:55.756  3456  3456 D KeyguardSecurityView: showSecurityScreen(None)
01-01 01:11:55.784  3456  3456 D StatusBar: disable<e i a s b h r c s q >
01-01 01:11:55.799  3456  3456 I chatty  : uid=10029(com.android.systemui) identical 2 lines
01-01 01:11:55.800  3456  3456 D StatusBar: disable<e i a s b h r c s q >
01-01 01:11:55.800  4145  4315 W Adreno-ES20: <core_glFinish:34>: glFinish skipped: 0
01-01 01:11:55.802  3456  3456 D KeyguardViewBase: show()
01-01 01:11:55.803  3456  3456 V KeyguardSecurityView: showPrimarySecurityScreen(turningOff=false)
01-01 01:11:55.808  4145  4315 W Adreno-ES20: <core_glFinish:34>: glFinish skipped: 0
01-01 01:11:55.809  3456  3456 D KeyguardSecurityView: showSecurityScreen(None)
01-01 01:11:55.813  3456  3456 D KeyguardUpdateMonitor: onKeyguardVisibilityChanged(true)
01-01 01:11:55.821  3456  3456 V KeyguardStatusView: refresh statusview showing:true
01-01 01:11:55.834  3456  3456 V KeyguardUpdateMonitor: startListeningForFingerprint()
01-01 01:11:55.842  3456  3456 D KeyguardViewMediator: adjustStatusBarLocked: mShowing=true mOccluded=false isSecure=false --> flags=0x1200000
01-01 01:11:55.846  3456  3456 V KeyguardDisplayManager: show
01-01 01:11:55.871  3456  3456 D KeyguardUpdateMonitor: handleKeyguardReset
01-01 01:11:55.872  3456  3456 V KeyguardUpdateMonitor: startListeningForFingerprint()
01-01 01:11:55.873  3456  3456 D StatusBar: disable<e i a s b H!R!c s q >
01-01 01:12:22.421   459   459 I VM_BMS  : power_supply_update: ocv_uv=4195431 ibatt=-501492 soc=90 seq_num=86
01-01 01:12:23.117  4060  4400 I chatty  : uid=1000(system) Thread-2 expire 16 lines
01-01 01:12:32.198   280   280 I chatty  : uid=1000(system) hwservicemanage expire 40 lines
01-01 01:12:38.468  3456  3456 D KeyguardUpdateMonitor: received broadcast android.intent.action.BATTERY_CHANGED
01-01 01:12:38.468  3626  3626 D QtiCarrierConfigHelper: WARNING, no carrier configs on phone Id: 0
01-01 01:12:38.475  3456  3456 D KeyguardUpdateMonitor: handleBatteryUpdate
01-01 01:12:38.533   395  4287 I LocSvc_libulp: ulp_msg_process_system_update: systemEvent:5 
01-01 01:12:38.533   395  4287 I LocSvc_libulp: ulp_msg_process_start_req, at ulp state = 1
01-01 01:12:38.533   395  3562 I LocSvc_api_v02: ---> locClientSendReq line 2102 QMI_LOC_GET_BEST_AVAILABLE_POSITION_REQ_V02
01-01 01:12:38.535   395  3576 I LocSvc_ApiV02: <--- globalRespCb line 141 QMI_LOC_GET_BEST_AVAILABLE_POSITION_REQ_V02
01-01 01:12:38.535   395  4287 I LocSvc_libulp: ulp_brain_process_zpp_position_report, report ZPP position to providers,report_position = 1
01-01 01:12:39.260  4060  4400 I chatty  : uid=1000(system) Thread-2 expire 32 lines
01-01 01:13:10.563   459   459 I VM_BMS  : power_supply_update: ocv_uv=4198873 ibatt=-484051 soc=91 seq_num=87
01-01 01:13:10.605  1114  1401 I chatty  : uid=1000(system) batterystats-wo expire 9 lines
01-01 01:13:10.609  3456  3456 D KeyguardUpdateMonitor: received broadcast android.intent.action.BATTERY_CHANGED
01-01 01:13:10.610  3626  3626 D QtiCarrierConfigHelper: WARNING, no carrier configs on phone Id: 0
01-01 01:13:10.618  1114  1401 E BatteryExternalStatsWorker: no controller energy info supplied for wifi
01-01 01:13:10.618  1114  1401 E BatteryExternalStatsWorker: no controller energy info supplied for bluetooth
01-01 01:13:10.619  3456  3456 D KeyguardUpdateMonitor: handleBatteryUpdate
01-01 01:13:10.699  3456  3456 D KeyguardUpdateMonitor: received broadcast android.intent.action.BATTERY_CHANGED
01-01 01:13:10.699  3626  3626 D QtiCarrierConfigHelper: WARNING, no carrier configs on phone Id: 0
01-01 01:13:10.703  3456  3456 D KeyguardUpdateMonitor: handleBatteryUpdate
01-01 01:13:11.504  4060  4400 I chatty  : uid=1000(system) Thread-2 expire 27 lines
01-01 01:13:12.512   280   280 I chatty  : uid=1000(system) hwservicemanage expire 30 lines
01-01 01:13:38.465  3456  3456 D KeyguardUpdateMonitor: received broadcast android.intent.action.BATTERY_CHANGED
01-01 01:13:38.466  3456  3456 D KeyguardUpdateMonitor: handleBatteryUpdate
01-01 01:13:38.466  3626  3626 D QtiCarrierConfigHelper: WARNING, no carrier configs on phone Id: 0
01-01 01:13:38.533   395  4287 I LocSvc_libulp: ulp_msg_process_system_update: systemEvent:5 
01-01 01:13:38.533   395  4287 I LocSvc_libulp: ulp_msg_process_start_req, at ulp state = 1
01-01 01:13:38.534   395  3562 I LocSvc_api_v02: ---> locClientSendReq line 2102 QMI_LOC_GET_BEST_AVAILABLE_POSITION_REQ_V02
01-01 01:13:38.535   395  3576 I LocSvc_ApiV02: <--- globalRespCb line 141 QMI_LOC_GET_BEST_AVAILABLE_POSITION_REQ_V02
01-01 01:13:38.535   395  4287 I LocSvc_libulp: ulp_brain_process_zpp_position_report, report ZPP position to providers,report_position = 1
01-01 01:13:38.698  4060  4400 I chatty  : uid=1000(system) Thread-2 expire 20 lines
01-01 01:13:42.722   280   280 I chatty  : uid=1000(system) hwservicemanage expire 20 lines
01-01 01:13:58.710   459   459 I VM_BMS  : power_supply_update: ocv_uv=4202222 ibatt=-467810 soc=91 seq_num=88
01-01 01:13:58.842  4060  4400 I chatty  : uid=1000(system) Thread-2 expire 40 lines
01-01 01:14:02.870   280   280 I chatty  : uid=1000(system) hwservicemanage expire 40 lines
01-01 01:14:38.466  3626  3626 D QtiCarrierConfigHelper: WARNING, no carrier configs on phone Id: 0
01-01 01:14:38.467  3456  3456 D KeyguardUpdateMonitor: received broadcast android.intent.action.BATTERY_CHANGED
01-01 01:14:38.472  3456  3456 D KeyguardUpdateMonitor: handleBatteryUpdate
01-01 01:14:38.534   395  4287 I LocSvc_libulp: ulp_msg_process_system_update: systemEvent:5 
01-01 01:14:38.534   395  4287 I LocSvc_libulp: ulp_msg_process_start_req, at ulp state = 1
01-01 01:14:38.534   395  3562 I LocSvc_api_v02: ---> locClientSendReq line 2102 QMI_LOC_GET_BEST_AVAILABLE_POSITION_REQ_V02
01-01 01:14:38.536   395  3576 I LocSvc_ApiV02: <--- globalRespCb line 141 QMI_LOC_GET_BEST_AVAILABLE_POSITION_REQ_V02
01-01 01:14:38.536   395  4287 I LocSvc_libulp: ulp_brain_process_zpp_position_report, report ZPP position to providers,report_position = 1
01-01 01:14:39.136  4060  4400 I chatty  : uid=1000(system) Thread-2 expire 21 lines
01-01 01:14:43.161   280   280 I chatty  : uid=1000(system) hwservicemanage expire 20 lines
01-01 01:14:46.854   459   459 I VM_BMS  : power_supply_update: ocv_uv=4205469 ibatt=-455950 soc=91 seq_num=89
01-01 01:15:00.003  3456  3456 D KeyguardUpdateMonitor: received broadcast android.intent.action.TIME_TICK
01-01 01:15:00.004  3456  3456 D KeyguardUpdateMonitor: handleTimeUpdate
01-01 01:15:00.276  4060  4400 I chatty  : uid=1000(system) Thread-2 expire 35 lines
01-01 01:15:03.298   280   280 I chatty  : uid=1000(system) hwservicemanage expire 40 lines
01-01 01:15:34.995   459   459 I VM_BMS  : power_supply_update: ocv_uv=4208610 ibatt=-441291 soc=92 seq_num=90
01-01 01:15:35.040  3456  3456 D KeyguardUpdateMonitor: received broadcast android.intent.action.BATTERY_CHANGED
01-01 01:15:35.040  3456  3456 D KeyguardUpdateMonitor: handleBatteryUpdate
01-01 01:15:35.042  3626  3626 D QtiCarrierConfigHelper: WARNING, no carrier configs on phone Id: 0
01-01 01:15:35.042  1114  1401 E BatteryExternalStatsWorker: no controller energy info supplied for wifi
01-01 01:15:35.043  1114  1401 E BatteryExternalStatsWorker: no controller energy info supplied for bluetooth
01-01 01:15:35.122  3456  3456 D KeyguardUpdateMonitor: received broadcast android.intent.action.BATTERY_CHANGED
01-01 01:15:35.122  3626  3626 D QtiCarrierConfigHelper: WARNING, no carrier configs on phone Id: 0
01-01 01:15:35.127  3456  3456 D KeyguardUpdateMonitor: handleBatteryUpdate
01-01 01:15:35.545  4060  4400 I chatty  : uid=1000(system) Thread-2 expire 48 lines
01-01 01:15:38.466  3456  3456 D KeyguardUpdateMonitor: received broadcast android.intent.action.BATTERY_CHANGED
01-01 01:15:38.466  3626  3626 D QtiCarrierConfigHelper: WARNING, no carrier configs on phone Id: 0
01-01 01:15:38.466  3456  3456 D KeyguardUpdateMonitor: handleBatteryUpdate
01-01 01:15:38.534   395  4287 I LocSvc_libulp: ulp_msg_process_system_update: systemEvent:5 
01-01 01:15:38.534   395  4287 I LocSvc_libulp: ulp_msg_process_start_req, at ulp state = 1
01-01 01:15:38.535   395  3562 I LocSvc_api_v02: ---> locClientSendReq line 2102 QMI_LOC_GET_BEST_AVAILABLE_POSITION_REQ_V02
01-01 01:15:38.536   395  3576 I LocSvc_ApiV02: <--- globalRespCb line 141 QMI_LOC_GET_BEST_AVAILABLE_POSITION_REQ_V02
