01-01 00:07:24.242  1114  1401 E BatteryExternalStatsWorker: no controller energy info supplied for wifi
01-01 00:07:24.242  1114  1401 E BatteryExternalStatsWorker: no controller energy info supplied for bluetooth
01-01 00:07:25.632  1114  1405 D AutofillManagerService: Close system dialogs
01-01 00:07:25.651  1114  2875 I ActivityManager: START u0 {act=android.intent.action.MAIN cat=[android.intent.category.HOME] flg=0x10200000 cmp=com.android.launcher3/.Launcher (has extras)} from uid 1000
01-01 00:07:26.098  1114  4971 D AutofillManagerServiceImpl: Reset component for user 0
01-01 00:07:31.242  1114  3729 I ActivityManager: START u0 {act=android.intent.action.MAIN cat=[android.intent.category.LAUNCHER] flg=0x10200000 cmp=com.nfp.update/.MainActivity bnds=[240,528][350,691]} from uid 10015
01-01 00:07:31.468  1114  3729 W ActivityManager: Slow operation: 113ms so far, now at startProcess: returned from zygote!
01-01 00:07:31.468  1114  3729 W ActivityManager: Slow operation: 114ms so far, now at startProcess: done updating battery stats
01-01 00:07:31.475  1114  3729 W ActivityManager: Slow operation: 121ms so far, now at startProcess: building log message
01-01 00:07:31.476  1114  3729 I ActivityManager: Start proc 4988:com.nfp.update/u0a63 for activity com.nfp.update/.MainActivity
01-01 00:07:31.486  1114  3729 W ActivityManager: Slow operation: 131ms so far, now at startProcess: starting to update pids map
01-01 00:07:31.486  1114  3729 W ActivityManager: Slow operation: 132ms so far, now at startProcess: done updating pids map
01-01 00:07:31.489  1114  3729 W ActivityManager: Slow operation: 137ms so far, now at startProcess: done starting proc!
01-01 00:07:31.943  1114  3729 W ActivityManager: Slow operation: 51ms so far, now at attachApplicationLocked: after mServices.attachApplicationLocked
01-01 00:07:36.122  1114  1405 D AutofillManagerService: Close system dialogs
01-01 00:07:36.149  1114  2875 I ActivityManager: START u0 {act=android.intent.action.MAIN cat=[android.intent.category.HOME] flg=0x10200000 cmp=com.android.launcher3/.Launcher (has extras)} from uid 1000
01-01 00:07:36.244  1114  2875 I WindowManager: Failed to capture screenshot of Token{71d65a5 ActivityRecord{19c379c u0 com.nfp.update/.MainActivity t8}} appWin=Window{333931b u0 com.nfp.update/com.nfp.update.MainActivity} drawState=1
01-01 00:07:36.295  1114  3729 D WindowManager: relayoutVisibleWindow: Window{f30e01c u0 com.android.launcher3/com.android.launcher3.Launcher EXITING} mAnimatingExit=true, mRemoveOnExit=false, mDestroying=false
01-01 00:07:36.991  1114  1398 D AutofillManagerService: onBackKeyPressed()
01-01 00:07:38.635  1114  1405 D AutofillManagerService: Close system dialogs
01-01 00:07:38.638  1114  2875 I ActivityManager: START u0 {act=android.intent.action.MAIN cat=[android.intent.category.HOME] flg=0x10200000 cmp=com.android.launcher3/.Launcher (has extras)} from uid 1000
01-01 00:07:40.638  1114  1398 D AutofillManagerService: onBackKeyPressed()
01-01 00:07:41.447  1114  1405 D AutofillManagerService: Close system dialogs
01-01 00:07:41.452  1114  2875 I ActivityManager: START u0 {act=android.intent.action.MAIN cat=[android.intent.category.HOME] flg=0x10200000 cmp=com.android.launcher3/.Launcher (has extras)} from uid 1000
01-01 00:07:41.623  1114  1405 D AutofillManagerService: Close system dialogs
01-01 00:07:41.624  1114  2875 I ActivityManager: START u0 {act=android.intent.action.MAIN cat=[android.intent.category.HOME] flg=0x10200000 cmp=com.android.launcher3/.Launcher (has extras)} from uid 1000
01-01 00:07:43.018  1114  1398 D AutofillManagerService: onBackKeyPressed()
01-01 00:07:43.542  1114  1405 D AutofillManagerService: Close system dialogs
01-01 00:07:43.546  1114  2875 I ActivityManager: START u0 {act=android.intent.action.MAIN cat=[android.intent.category.HOME] flg=0x10200000 cmp=com.android.launcher3/.Launcher (has extras)} from uid 1000
01-01 00:07:44.170  1114  1405 D AutofillManagerService: Close system dialogs
01-01 00:07:44.174  1114  2875 I ActivityManager: START u0 {act=android.intent.action.MAIN cat=[android.intent.category.HOME] flg=0x10200000 cmp=com.android.launcher3/.Launcher (has extras)} from uid 1000
01-01 00:07:44.377  1114  1405 D AutofillManagerService: Close system dialogs
01-01 00:07:44.379  1114  2875 I ActivityManager: START u0 {act=android.intent.action.MAIN cat=[android.intent.category.HOME] flg=0x10200000 cmp=com.android.launcher3/.Launcher (has extras)} from uid 1000
01-01 00:07:44.543  1114  1405 D AutofillManagerService: Close system dialogs
01-01 00:07:44.547  1114  2875 I ActivityManager: START u0 {act=android.intent.action.MAIN cat=[android.intent.category.HOME] flg=0x10200000 cmp=com.android.launcher3/.Launcher (has extras)} from uid 1000
01-01 00:07:46.203  1114  1398 D AutofillManagerService: onBackKeyPressed()
01-01 00:07:46.567  1114  1398 I chatty  : uid=1000(system) android.ui identical 2 lines
01-01 00:07:46.799  1114  1398 D AutofillManagerService: onBackKeyPressed()
01-01 00:07:49.571  1114  4971 I ActivityManager: START u0 {act=android.intent.action.MAIN cat=[android.intent.category.LAUNCHER] flg=0x10200000 cmp=com.nfp.update/.MainActivity bnds=[240,528][350,691]} from uid 10015
01-01 00:07:57.072  1114  1401 E BatteryExternalStatsWorker: no controller energy info supplied for wifi
01-01 00:07:57.072  1114  1401 E BatteryExternalStatsWorker: no controller energy info supplied for bluetooth
01-01 00:07:57.357  1114  1401 E BatteryExternalStatsWorker: no controller energy info supplied for wifi
01-01 00:07:57.357  1114  1401 E BatteryExternalStatsWorker: no controller energy info supplied for bluetooth
01-01 00:07:57.957  1114  1405 D UsbDeviceManager: Clear notification
01-01 00:07:59.332  1114  1405 D AutofillManagerService: Close system dialogs
01-01 00:07:59.339  1114  2875 I ActivityManager: START u0 {act=android.intent.action.MAIN cat=[android.intent.category.HOME] flg=0x10200000 cmp=com.android.launcher3/.Launcher (has extras)} from uid 1000
01-01 00:08:38.469  1114  1401 E BatteryExternalStatsWorker: no controller energy info supplied for wifi
01-01 00:08:38.469  1114  1401 E BatteryExternalStatsWorker: no controller energy info supplied for bluetooth
01-01 00:08:38.504  1114  1114 I EntropyMixer: Writing entropy...
01-01 00:08:38.774  1114  1405 D UsbDeviceManager: push notification:USB charging this device
01-01 00:08:43.648  1114  2582 I ActivityManager: START u0 {act=android.intent.action.MAIN cat=[android.intent.category.LAUNCHER] flg=0x10200000 cmp=com.nfp.update/.MainActivity bnds=[240,528][350,691]} from uid 10015
01-01 00:08:45.905  1114  1405 D AutofillManagerService: Close system dialogs
01-01 00:08:45.911  1114  2875 I ActivityManager: START u0 {act=android.intent.action.MAIN cat=[android.intent.category.HOME] flg=0x10200000 cmp=com.android.launcher3/.Launcher (has extras)} from uid 1000
01-01 00:09:38.532  1114  1401 E BatteryExternalStatsWorker: no controller energy info supplied for wifi
01-01 00:09:38.532  1114  1401 E BatteryExternalStatsWorker: no controller energy info supplied for bluetooth
01-01 00:09:45.968  1114  1410 I PowerManagerService: Going to sleep due to screen timeout (uid 1000)...
01-01 00:09:45.990  1114  1410 I DisplayPowerController: Blocking screen off
01-01 00:09:46.001  1114  1410 I DisplayPowerController: Unblocked screen off after 12 ms
01-01 00:09:46.070  1114  1407 I DisplayManagerService: Display device changed state: "Built-in Screen", OFF
01-01 00:09:46.442  1114  1410 I DreamManagerService: Entering dreamland.
01-01 00:09:46.448  1114  1410 I PowerManagerService: Dozing...
01-01 00:09:46.453  1114  1405 I DreamController: Starting dream: name=ComponentInfo{com.android.systemui/com.android.systemui.doze.DozeService}, isTest=false, canDoze=true, userId=0
01-01 00:09:46.464  1114  1405 D AutofillManagerService: Close system dialogs
01-01 00:09:47.254  1114  1401 E BatteryExternalStatsWorker: no controller energy info supplied for wifi
01-01 00:09:47.254  1114  1401 E BatteryExternalStatsWorker: no controller energy info supplied for bluetooth
01-01 00:09:51.309  3456  3456 V KeyguardStatusView: refresh statusview showing:true
01-01 00:09:51.324  3456  3456 V KeyguardDisplayManager: show
01-01 00:10:12.404  1114  2876 I PowerManagerService: Waking up from dozing (uid=1000 reason=android.policy:POWER)...
01-01 00:10:12.416  1114  1410 I DisplayPowerController: Blocking screen on until initial contents have been drawn.
01-01 00:10:12.440  1114  1407 I DisplayManagerService: Display device changed state: "Built-in Screen", ON
01-01 00:10:13.207  1114  1410 I DisplayPowerController: Unblocked screen on after 799 ms
01-01 00:10:13.210  1114  1410 W PowerManagerService: Screen on took 895 ms
01-01 00:10:13.211  1114  1410 I DreamManagerService: Gently waking up from dream.
01-01 00:10:13.212  1114  1405 I DreamManagerService: Performing gentle wake from dream.
01-01 00:10:13.338  1114  3653 I DreamManagerService: Leaving dreamland.
01-01 00:10:13.338  1114  1405 I DreamManagerService: Performing gentle wake from dream.
01-01 00:10:13.338  1114  1405 I DreamController: Stopping dream: name=ComponentInfo{com.android.systemui/com.android.systemui.doze.DozeService}, isTest=false, canDoze=true, userId=0
01-01 00:10:15.021  3456  3456 V KeyguardDisplayManager: hide
01-01 00:11:14.612  1114  1410 I PowerManagerService: Going to sleep due to screen timeout (uid 1000)...
01-01 00:11:14.613  1114  1410 I DisplayPowerController: Blocking screen off
01-01 00:11:14.614  1114  1410 I DisplayPowerController: Unblocked screen off after 0 ms
01-01 00:11:14.701  1114  1407 I DisplayManagerService: Display device changed state: "Built-in Screen", OFF
01-01 00:11:14.992  1114  1410 I DreamManagerService: Entering dreamland.
01-01 00:11:14.993  1114  1410 I PowerManagerService: Dozing...
01-01 00:11:14.998  1114  1405 I DreamController: Starting dream: name=ComponentInfo{com.android.systemui/com.android.systemui.doze.DozeService}, isTest=false, canDoze=true, userId=0
01-01 00:11:15.021  1114  1405 D AutofillManagerService: Close system dialogs
01-01 00:11:19.826  3456  3456 V KeyguardStatusView: refresh statusview showing:true
01-01 00:11:19.837  3456  3456 V KeyguardDisplayManager: show
01-01 00:11:23.555  1114  1401 E BatteryExternalStatsWorker: no controller energy info supplied for wifi
01-01 00:11:23.560  1114  1401 E BatteryExternalStatsWorker: no controller energy info supplied for bluetooth
01-01 00:12:11.672  1114  1401 E BatteryExternalStatsWorker: no controller energy info supplied for wifi
01-01 00:12:11.672  1114  1401 E BatteryExternalStatsWorker: no controller energy info supplied for bluetooth
01-01 00:13:47.967  1114  1401 E BatteryExternalStatsWorker: no controller energy info supplied for wifi
01-01 00:13:47.967  1114  1401 E BatteryExternalStatsWorker: no controller energy info supplied for bluetooth
01-01 00:15:24.252  1114  1401 E BatteryExternalStatsWorker: no controller energy info supplied for wifi
01-01 00:15:24.252  1114  1401 E BatteryExternalStatsWorker: no controller energy info supplied for bluetooth
01-01 00:17:00.542  1114  1401 E BatteryExternalStatsWorker: no controller energy info supplied for wifi
01-01 00:17:00.542  1114  1401 E BatteryExternalStatsWorker: no controller energy info supplied for bluetooth
01-01 00:18:36.833  1114  1401 E BatteryExternalStatsWorker: no controller energy info supplied for wifi
01-01 00:18:36.835  1114  1401 E BatteryExternalStatsWorker: no controller energy info supplied for bluetooth
01-01 00:20:13.120  1114  1401 E BatteryExternalStatsWorker: no controller energy info supplied for wifi
01-01 00:20:13.120  1114  1401 E BatteryExternalStatsWorker: no controller energy info supplied for bluetooth
01-01 00:21:49.416  1114  1401 E BatteryExternalStatsWorker: no controller energy info supplied for wifi
01-01 00:21:49.416  1114  1401 E BatteryExternalStatsWorker: no controller energy info supplied for bluetooth
01-01 00:22:37.548  1114  1401 E BatteryExternalStatsWorker: no controller energy info supplied for wifi
01-01 00:22:37.548  1114  1401 E BatteryExternalStatsWorker: no controller energy info supplied for bluetooth
01-01 00:23:13.872  1114  1396 I UsageStatsService: User[0] Flushing usage stats to disk
01-01 00:24:13.848  1114  1401 E BatteryExternalStatsWorker: no controller energy info supplied for wifi
01-01 00:24:13.849  1114  1401 E BatteryExternalStatsWorker: no controller energy info supplied for bluetooth
01-01 00:26:38.273  1114  1401 E BatteryExternalStatsWorker: no controller energy info supplied for wifi
01-01 00:26:38.273  1114  1401 E BatteryExternalStatsWorker: no controller energy info supplied for bluetooth
01-01 00:28:14.567  1114  1401 E BatteryExternalStatsWorker: no controller energy info supplied for wifi
01-01 00:28:14.567  1114  1401 E BatteryExternalStatsWorker: no controller energy info supplied for bluetooth
01-01 00:29:50.856  1114  1401 E BatteryExternalStatsWorker: no controller energy info supplied for wifi
01-01 00:29:50.856  1114  1401 E BatteryExternalStatsWorker: no controller energy info supplied for bluetooth
01-01 00:31:27.146  1114  1401 E BatteryExternalStatsWorker: no controller energy info supplied for wifi
01-01 00:31:27.146  1114  1401 E BatteryExternalStatsWorker: no controller energy info supplied for bluetooth
01-01 00:32:15.290  1114  1401 E BatteryExternalStatsWorker: no controller energy info supplied for wifi
01-01 00:32:15.290  1114  1401 E BatteryExternalStatsWorker: no controller energy info supplied for bluetooth
01-01 00:32:28.856  1114  1401 E BatteryExternalStatsWorker: no controller energy info supplied for wifi
01-01 00:32:28.856  1114  1401 E BatteryExternalStatsWorker: no controller energy info supplied for bluetooth
01-01 00:33:03.429  1114  1401 E BatteryExternalStatsWorker: no controller energy info supplied for wifi
01-01 00:33:03.430  1114  1401 E BatteryExternalStatsWorker: no controller energy info supplied for bluetooth
01-01 00:34:39.715  1114  1401 E BatteryExternalStatsWorker: no controller energy info supplied for wifi
01-01 00:34:39.715  1114  1401 E BatteryExternalStatsWorker: no controller energy info supplied for bluetooth
01-01 00:35:27.868  1114  1401 E BatteryExternalStatsWorker: no controller energy info supplied for wifi
01-01 00:35:27.868  1114  1401 E BatteryExternalStatsWorker: no controller energy info supplied for bluetooth
01-01 00:37:04.145  1114  1401 E BatteryExternalStatsWorker: no controller energy info supplied for wifi
01-01 00:37:04.149  1114  1401 E BatteryExternalStatsWorker: no controller energy info supplied for bluetooth
01-01 00:39:28.575  1114  1401 E BatteryExternalStatsWorker: no controller energy info supplied for wifi
01-01 00:39:28.577  1114  1401 E BatteryExternalStatsWorker: no controller energy info supplied for bluetooth
01-01 00:41:53.015  1114  1401 E BatteryExternalStatsWorker: no controller energy info supplied for wifi
01-01 00:41:53.015  1114  1401 E BatteryExternalStatsWorker: no controller energy info supplied for bluetooth
01-01 00:42:13.081  1114  1401 E BatteryExternalStatsWorker: no controller energy info supplied for wifi
01-01 00:42:13.081  1114  1401 E BatteryExternalStatsWorker: no controller energy info supplied for bluetooth
01-01 00:44:17.444  1114  1401 E BatteryExternalStatsWorker: no controller energy info supplied for wifi
01-01 00:44:17.444  1114  1401 E BatteryExternalStatsWorker: no controller energy info supplied for bluetooth
01-01 00:45:53.722  1114  1401 E BatteryExternalStatsWorker: no controller energy info supplied for wifi
01-01 00:45:53.722  1114  1401 E BatteryExternalStatsWorker: no controller energy info supplied for bluetooth
01-01 00:47:30.020  1114  1401 E BatteryExternalStatsWorker: no controller energy info supplied for wifi
01-01 00:47:30.020  1114  1401 E BatteryExternalStatsWorker: no controller energy info supplied for bluetooth
01-01 00:49:54.438  1114  1401 E BatteryExternalStatsWorker: no controller energy info supplied for wifi
01-01 00:49:54.439  1114  1401 E BatteryExternalStatsWorker: no controller energy info supplied for bluetooth
01-01 00:51:30.729  1114  1401 E BatteryExternalStatsWorker: no controller energy info supplied for wifi
01-01 00:51:30.729  1114  1401 E BatteryExternalStatsWorker: no controller energy info supplied for bluetooth
01-01 00:53:07.017  1114  1401 E BatteryExternalStatsWorker: no controller energy info supplied for wifi
01-01 00:53:07.017  1114  1401 E BatteryExternalStatsWorker: no controller energy info supplied for bluetooth
01-01 00:55:31.451  1114  1401 E BatteryExternalStatsWorker: no controller energy info supplied for wifi
01-01 00:55:31.451  1114  1401 E BatteryExternalStatsWorker: no controller energy info supplied for bluetooth
01-01 00:55:46.943  1114  2876 I PowerManagerService: Waking up from dozing (uid=1000 reason=android.policy:POWER)...
01-01 00:55:46.966  1114  1410 I DisplayPowerController: Blocking screen on until initial contents have been drawn.
01-01 00:55:46.992  1114  2876 I GestureLauncherService: Power button double tap gesture detected, launching camera. Interval=69ms
01-01 00:55:47.080  1114  1407 I DisplayManagerService: Display device changed state: "Built-in Screen", ON
01-01 00:55:47.978  1114  3729 I ActivityManager: START u0 {act=android.media.action.STILL_IMAGE_CAMERA flg=0x14000000 cmp=com.android.camera2/com.android.camera.CameraActivity (has extras)} from uid 10029
01-01 00:55:48.278  1114  1398 W Looper  : Dispatch took 392ms on android.ui, h=Handler (com.android.server.am.ActivityManagerService$UiHandler) {7499138} cb=null msg=53
01-01 00:55:48.383  1114  1410 I DisplayPowerController: Unblocked screen on after 1423 ms
01-01 00:55:48.396  1114  1410 W PowerManagerService: Screen on took 1516 ms
01-01 00:55:48.405  1114  1410 I DreamManagerService: Gently waking up from dream.
01-01 00:55:48.405  1114  1405 I DreamManagerService: Performing gentle wake from dream.
01-01 00:55:48.483  1114  3729 I DreamManagerService: Leaving dreamland.
01-01 00:55:48.484  1114  1405 I DreamManagerService: Performing gentle wake from dream.
01-01 00:55:48.485  1114  1405 I DreamController: Stopping dream: name=ComponentInfo{com.android.systemui/com.android.systemui.doze.DozeService}, isTest=false, canDoze=true, userId=0
01-01 00:55:48.588  1114  3729 E ActivityManager: applyOptionsLocked: Unknown animationType=0
01-01 00:55:48.764  1114  3729 W ActivityManager: Slow operation: 175ms so far, now at startProcess: returned from zygote!
01-01 00:55:48.765  1114  3729 W ActivityManager: Slow operation: 175ms so far, now at startProcess: done updating battery stats
01-01 00:55:48.779  1114  3729 W ActivityManager: Slow operation: 190ms so far, now at startProcess: building log message
01-01 00:55:48.780  1114  3729 I ActivityManager: Start proc 5219:com.android.camera2/u0a39 for activity com.android.camera2/com.android.camera.CameraActivity
01-01 00:55:48.781  1114  3729 W ActivityManager: Slow operation: 192ms so far, now at startProcess: starting to update pids map
01-01 00:55:48.781  1114  3729 W ActivityManager: Slow operation: 192ms so far, now at startProcess: done updating pids map
01-01 00:55:48.787  1114  3729 W ActivityManager: Slow operation: 199ms so far, now at startProcess: done starting proc!
01-01 00:55:49.236  1114  3729 W ActivityManager: Slow operation: 77ms so far, now at attachApplicationLocked: after mServices.attachApplicationLocked
01-01 00:55:49.798  3456  3456 V KeyguardDisplayManager: hide
01-01 00:55:50.212  1114  2582 D VoldConnector: SND -> {35 volume mkdirs /storage/A659-1263/Android/data/com.android.camera2/cache/}
01-01 00:55:50.688  1114  2875 I ActivityManager: START u0 {act=android.intent.action.MAIN cat=[android.intent.category.HOME] flg=0x10200000 cmp=com.android.launcher3/.Launcher (has extras)} from uid 1000
01-01 00:55:50.797  1114  2878 D VoldConnector: RCV <- {200 35 Command succeeded}
01-01 00:55:50.799  1114  2582 E VoldConnector: NDC Command {35 volume mkdirs /storage/A659-1263/Android/data/com.android.camera2/cache/} took too long (588ms)
01-01 00:55:50.849  1114  1405 D AutofillManagerService: Close system dialogs
01-01 00:55:51.207  1114  1397 W ActivityManager: Activity pause timeout for ActivityRecord{aec56fc u0 com.android.camera2/com.android.camera.CameraActivity t9}
01-01 00:55:51.231  1114  2582 I ActivityManager: START u0 {cmp=com.android.camera2/com.android.camera.PermissionsActivity} from uid 10039
01-01 00:55:51.252  1114  2582 W ActivityManager: Activity start request from 10039 stopped
01-01 00:55:51.262  1114  2582 I ActivityManager: Killing 4493:com.android.cellbroadcastreceiver/u0a8 (adj 906): empty #17
01-01 00:55:54.229  1114  2582 I ActivityManager: START u0 {act=android.intent.action.MAIN cat=[android.intent.category.LAUNCHER] flg=0x10200000 cmp=com.nfp.update/.MainActivity bnds=[240,528][350,691]} from uid 10015
01-01 00:55:54.488  1114  2582 W ActivityManager: startActivity called from finishing ActivityRecord{aec56fc u0 com.android.camera2/com.android.camera.CameraActivity t-1 f}; forcing Intent.FLAG_ACTIVITY_NEW_TASK for: Intent { flg=0x800000 cmp=com.android.camera2/com.android.camera.PermissionsActivity }
01-01 00:56:54.122  1114  1410 I PowerManagerService: Going to sleep due to screen timeout (uid 1000)...
01-01 00:56:54.135  1114  1410 I DisplayPowerController: Blocking screen off
01-01 00:56:54.144  1114  1410 I DisplayPowerController: Unblocked screen off after 8 ms
01-01 00:56:54.200  1114  1407 I DisplayManagerService: Display device changed state: "Built-in Screen", OFF
01-01 00:56:54.510  1114  1410 I DreamManagerService: Entering dreamland.
01-01 00:56:54.515  1114  1410 I PowerManagerService: Dozing...
01-01 00:56:54.518  1114  1405 I DreamController: Starting dream: name=ComponentInfo{com.android.systemui/com.android.systemui.doze.DozeService}, isTest=false, canDoze=true, userId=0
01-01 00:56:54.533  1114  1405 D AutofillManagerService: Close system dialogs
01-01 00:56:59.363  3456  3456 V KeyguardStatusView: refresh statusview showing:true
01-01 00:56:59.379  3456  3456 V KeyguardDisplayManager: show
01-01 00:57:55.990  1114  1401 E BatteryExternalStatsWorker: no controller energy info supplied for wifi
01-01 00:57:55.990  1114  1401 E BatteryExternalStatsWorker: no controller energy info supplied for bluetooth
01-01 00:59:32.155  1114  1401 E BatteryExternalStatsWorker: no controller energy info supplied for wifi
01-01 00:59:32.156  1114  1401 E BatteryExternalStatsWorker: no controller energy info supplied for bluetooth
01-01 01:01:08.452  1114  1401 E BatteryExternalStatsWorker: no controller energy info supplied for wifi
01-01 01:01:08.452  1114  1401 E BatteryExternalStatsWorker: no controller energy info supplied for bluetooth
01-01 01:02:28.910  1114  1401 E BatteryExternalStatsWorker: no controller energy info supplied for wifi
01-01 01:02:28.910  1114  1401 E BatteryExternalStatsWorker: no controller energy info supplied for bluetooth
01-01 01:03:32.889  1114  1401 E BatteryExternalStatsWorker: no controller energy info supplied for wifi
01-01 01:03:32.891  1114  1401 E BatteryExternalStatsWorker: no controller energy info supplied for bluetooth
01-01 01:04:53.261  1114  2876 I PowerManagerService: Waking up from dozing (uid=1000 reason=android.policy:POWER)...
01-01 01:04:53.278  1114  1410 I DisplayPowerController: Blocking screen on until initial contents have been drawn.
01-01 01:04:53.312  1114  1407 I DisplayManagerService: Display device changed state: "Built-in Screen", ON
01-01 01:04:53.958  1114  1410 I DisplayPowerController: Unblocked screen on after 677 ms
01-01 01:04:53.966  1114  1410 W PowerManagerService: Screen on took 825 ms
01-01 01:04:53.972  1114  1410 I DreamManagerService: Gently waking up from dream.
01-01 01:04:53.972  1114  1405 I DreamManagerService: Performing gentle wake from dream.
01-01 01:04:54.057  1114  4971 I DreamManagerService: Leaving dreamland.
01-01 01:04:54.060  1114  1405 I DreamManagerService: Performing gentle wake from dream.
01-01 01:04:54.060  1114  1405 I DreamController: Stopping dream: name=ComponentInfo{com.android.systemui/com.android.systemui.doze.DozeService}, isTest=false, canDoze=true, userId=0
01-01 01:04:55.353  3456  3456 V KeyguardDisplayManager: hide
01-01 01:05:09.181  1114  1401 E BatteryExternalStatsWorker: no controller energy info supplied for wifi
01-01 01:05:09.182  1114  1401 E BatteryExternalStatsWorker: no controller energy info supplied for bluetooth
01-01 01:05:56.406  1114  1410 I PowerManagerService: Going to sleep due to screen timeout (uid 1000)...
01-01 01:05:56.407  1114  1410 I DisplayPowerController: Blocking screen off
01-01 01:05:56.407  1114  1410 I DisplayPowerController: Unblocked screen off after 1 ms
01-01 01:05:56.724  1114  1410 I DreamManagerService: Entering dreamland.
01-01 01:05:56.725  1114  1410 I PowerManagerService: Dozing...
01-01 01:05:56.741  1114  1407 I DisplayManagerService: Display device changed state: "Built-in Screen", OFF
01-01 01:05:56.800  1114  1398 W Looper  : Dispatch took 387ms on android.ui, h=Handler (com.android.server.am.ActivityManagerService$UiHandler) {7499138} cb=null msg=53
01-01 01:05:56.809  1114  1405 I DreamController: Starting dream: name=ComponentInfo{com.android.systemui/com.android.systemui.doze.DozeService}, isTest=false, canDoze=true, userId=0
01-01 01:05:56.824  1114  1405 D AutofillManagerService: Close system dialogs
01-01 01:06:01.903  3456  3456 V KeyguardStatusView: refresh statusview showing:true
01-01 01:06:01.917  3456  3456 V KeyguardDisplayManager: show
01-01 01:06:16.746  1114  2876 I PowerManagerService: Waking up from dozing (uid=1000 reason=android.policy:POWER)...
01-01 01:06:16.770  1114  1410 I DisplayPowerController: Blocking screen on until initial contents have been drawn.
01-01 01:06:16.810  1114  1407 I DisplayManagerService: Display device changed state: "Built-in Screen", ON
01-01 01:06:17.391  1114  1410 I DisplayPowerController: Unblocked screen on after 633 ms
01-01 01:06:17.401  1114  1407 W PowerManagerService: Screen on took 739 ms
01-01 01:06:17.401  1114  1410 I DreamManagerService: Gently waking up from dream.
01-01 01:06:17.402  1114  1405 I DreamManagerService: Performing gentle wake from dream.
01-01 01:06:17.429  1114  4971 I DreamManagerService: Leaving dreamland.
01-01 01:06:17.430  1114  1405 I DreamManagerService: Performing gentle wake from dream.
01-01 01:06:17.433  1114  1405 I DreamController: Stopping dream: name=ComponentInfo{com.android.systemui/com.android.systemui.doze.DozeService}, isTest=false, canDoze=true, userId=0
01-01 01:06:18.420  3456  3456 V KeyguardDisplayManager: hide
01-01 01:06:24.601  1114  1405 D AutofillManagerService: Close system dialogs
01-01 01:06:24.651  1114  2875 I ActivityManager: START u0 {act=android.intent.action.MAIN cat=[android.intent.category.HOME] flg=0x10200000 cmp=com.android.launcher3/.Launcher (has extras)} from uid 1000
01-01 01:06:31.867  1114  3653 W WindowManager: Permission Denial: dismissKeyguard from pid=5351, uid=2000 requires android.permission.CONTROL_KEYGUARD
01-01 01:06:38.368  1114  1425 W PackageParser: Unknown element under <manifest>: uses-sdk at /data/app/vmdl604908149.tmp/split_lib_resources_apk.apk Binary XML file line #7
01-01 01:06:38.388  1114  1425 I PackageParser: Parse times for '/data/app/vmdl604908149.tmp': parse=111ms, update_cache=0 ms
01-01 01:06:38.430  1114  1397 I ActivityManager: Force stopping com.nfp.update appid=10063 user=-1: installPackageLI
01-01 01:06:38.445  1114  1397 I ActivityManager: Killing 4988:com.nfp.update/u0a63 (adj 700): stop com.nfp.update
01-01 01:06:38.466  1114  1397 I ActivityManager:   Force finishing activity ActivityRecord{19c379c u0 com.nfp.update/.MainActivity t8}
01-01 01:06:38.625  1114  4971 W WindowManager: Failed looking up window callers=com.android.server.wm.WindowManagerService.windowForClientLocked:5849 com.android.server.wm.WindowState$DeathRecipient.binderDied:2385 android.os.BinderProxy.sendDeathNotice:844 
01-01 01:06:38.626  1114  4971 I WindowManager: WIN DEATH: null
01-01 01:06:38.646  1114  1398 W Looper  : Dispatch took 201ms on android.ui, h=Handler (com.android.server.am.ActivityManagerService$UiHandler) {7499138} cb=null msg=53
01-01 01:06:38.648  1114  1407 W ActivityManager: setHasOverlayUi called on unknown pid: 4988
01-01 01:06:38.728  1114  1425 I PackageManager: Package com.nfp.update codePath changed from /data/app/com.nfp.update-_Ah0SeYCH0aoilAXGGpENw== to /data/app/com.nfp.update-cyfkxpsi0Wa7P0B2nuZoCQ==; Retaining data and using new
01-01 01:06:38.730  1114  1425 W PackageManager: Code path for com.nfp.update changing from /data/app/com.nfp.update-_Ah0SeYCH0aoilAXGGpENw== to /data/app/com.nfp.update-cyfkxpsi0Wa7P0B2nuZoCQ==
01-01 01:06:38.733  1114  1425 W PackageManager: Resource path for com.nfp.update changing from /data/app/com.nfp.update-_Ah0SeYCH0aoilAXGGpENw== to /data/app/com.nfp.update-cyfkxpsi0Wa7P0B2nuZoCQ==
01-01 01:06:46.579  1114  1425 D PackageManager: Ephemeral installer not found with new action; try old one
01-01 01:06:46.582  1114  1425 D PackageManager: Clear ephemeral installer activity
01-01 01:06:47.179  1114  1425 I ActivityManager: Force stopping com.nfp.update appid=10063 user=0: pkg removed
01-01 01:06:47.448  1114  1125 W BroadcastQueue: Background execution not allowed: receiving Intent { act=android.intent.action.PACKAGE_REMOVED dat=package:com.nfp.update flg=0x4000010 (has extras) } to org.codeaurora.gallery/com.android.gallery3d.app.PackagesMonitor
01-01 01:06:47.493  1114  1125 W BroadcastQueue: Background execution not allowed: receiving Intent { act=android.intent.action.PACKAGE_ADDED dat=package:com.nfp.update flg=0x4000010 (has extras) } to com.svox.pico/.VoiceDataInstallerReceiver
01-01 01:06:47.494  1114  1397 W BroadcastQueue: Background execution not allowed: receiving Intent { act=android.intent.action.PACKAGE_ADDED dat=package:com.nfp.update flg=0x4000010 (has extras) } to org.codeaurora.gallery/com.android.gallery3d.app.PackagesMonitor
01-01 01:06:47.761  1114  1114 I Telecom : DefaultDialerCache: Refreshing default dialer for user 0: now com.android.dialer: DDC.oR@AGY
01-01 01:06:48.147  1114  1396 D AutofillManagerServiceImpl: Reset component for user 0
01-01 01:06:48.147  1114  1398 D AutofillUI: destroySaveUiUiThread(): already destroyed
01-01 01:06:48.160  1114  1396 W VoiceInteractionManagerService: no available voice recognition services found for user 0
01-01 01:06:48.177  1114  3656 I ActivityManager: START u0 {act=android.intent.action.MAIN cat=[android.intent.category.LAUNCHER] flg=0x10000000 cmp=com.nfp.update/.MainActivity} from uid 2000
01-01 01:06:48.537  1114  3656 W ActivityManager: Slow operation: 68ms so far, now at startProcess: returned from zygote!
01-01 01:06:48.537  1114  3656 W ActivityManager: Slow operation: 69ms so far, now at startProcess: done updating battery stats
01-01 01:06:48.539  1114  3656 W ActivityManager: Slow operation: 70ms so far, now at startProcess: building log message
01-01 01:06:48.539  1114  3656 I ActivityManager: Start proc 5473:com.nfp.update/u0a63 for activity com.nfp.update/.MainActivity
01-01 01:06:48.540  1114  3656 W ActivityManager: Slow operation: 72ms so far, now at startProcess: starting to update pids map
01-01 01:06:48.540  1114  3656 W ActivityManager: Slow operation: 72ms so far, now at startProcess: done updating pids map
01-01 01:06:48.540  1114  3656 W ActivityManager: Slow operation: 72ms so far, now at startProcess: done starting proc!
01-01 01:06:48.859  1114  3656 D AutofillManagerServiceImpl: Reset component for user 0
01-01 01:06:55.842  1114  3656 I ActivityManager: START u0 {cmp=com.nfp.update/.LocalUpdate} from uid 10063
01-01 01:07:01.230  5473  5473 E AndroidRuntime: FATAL EXCEPTION: main
01-01 01:07:01.230  5473  5473 E AndroidRuntime: Process: com.nfp.update, PID: 5473
01-01 01:07:01.230  5473  5473 E AndroidRuntime: java.lang.NullPointerException: Attempt to invoke direct method 'boolean android.os.RecoverySystem.setupBcb(java.lang.String)' on a null object reference
01-01 01:07:01.230  5473  5473 E AndroidRuntime: 	at android.os.RecoverySystem.installPackage(RecoverySystem.java:590)
01-01 01:07:01.230  5473  5473 E AndroidRuntime: 	at android.os.RecoverySystem.installPackage(RecoverySystem.java:514)
01-01 01:07:01.230  5473  5473 E AndroidRuntime: 	at com.nfp.update.LocalUpdate$1.run(LocalUpdate.java:56)
01-01 01:07:01.230  5473  5473 E AndroidRuntime: 	at android.os.Handler.handleCallback(Handler.java:790)
01-01 01:07:01.230  5473  5473 E AndroidRuntime: 	at android.os.Handler.dispatchMessage(Handler.java:99)
01-01 01:07:01.230  5473  5473 E AndroidRuntime: 	at android.os.Looper.loop(Looper.java:164)
01-01 01:07:01.230  5473  5473 E AndroidRuntime: 	at android.app.ActivityThread.main(ActivityThread.java:6518)
01-01 01:07:01.230  5473  5473 E AndroidRuntime: 	at java.lang.reflect.Method.invoke(Native Method)
01-01 01:07:01.230  5473  5473 E AndroidRuntime: 	at com.android.internal.os.RuntimeInit$MethodAndArgsCaller.run(RuntimeInit.java:438)
01-01 01:07:01.230  5473  5473 E AndroidRuntime: 	at com.android.internal.os.ZygoteInit.main(ZygoteInit.java:807)
01-01 01:07:01.293  1114  3656 W ActivityManager:   Force finishing activity com.nfp.update/.LocalUpdate
01-01 01:07:01.334  1114  1398 I ActivityManager: Showing crash dialog for package com.nfp.update u0
01-01 01:07:01.463  1114  1398 W Looper  : Dispatch took 157ms on android.ui, h=Handler (com.android.server.am.ActivityManagerService$UiHandler) {7499138} cb=null msg=1
01-01 01:07:01.797  1114  1397 W ActivityManager: Activity pause timeout for ActivityRecord{779a36a u0 com.nfp.update/.LocalUpdate t12 f}
01-01 01:07:08.297  1114  3656 I ActivityManager: Killing 5473:com.nfp.update/u0a63 (adj 0): crash
01-01 01:07:08.377  1114  3656 I ActivityManager: Start proc 5507:com.nfp.update/u0a63 for activity com.nfp.update/.MainActivity
01-01 01:07:08.378  1114  3656 W ActivityManager: Slow operation: 51ms so far, now at startProcess: done updating pids map
01-01 01:07:08.378  1114  3656 W ActivityManager: Slow operation: 58ms so far, now at startProcess: done starting proc!
01-01 01:07:08.414  1114  1398 W Looper  : Dispatch took 124ms on android.ui, h=Handler (com.android.server.am.AppErrorDialog$1) {f4727e7} cb=null msg=3
01-01 01:07:08.416  1114  3725 I WindowManager: WIN DEATH: Window{adc2674 u0 com.nfp.update/com.nfp.update.MainActivity}
01-01 01:07:08.446  1114  1407 W ActivityManager: setHasOverlayUi called on unknown pid: 5473
01-01 01:07:08.495  1114  2855 W AppOps  : Finishing op nesting under-run: uid 1000 pkg android code 24 time=0 duration=0 nesting=0
01-01 01:07:11.297  1114  1397 W ActivityManager: Launch timeout has expired, giving up wake lock!
01-01 01:07:14.201  1114  1126 I ActivityManager: START u0 {cmp=com.nfp.update/.LocalUpdate} from uid 10063
01-01 01:07:19.437  5507  5507 E AndroidRuntime: FATAL EXCEPTION: main
01-01 01:07:19.437  5507  5507 E AndroidRuntime: Process: com.nfp.update, PID: 5507
01-01 01:07:19.437  5507  5507 E AndroidRuntime: java.lang.NullPointerException: Attempt to invoke direct method 'boolean android.os.RecoverySystem.setupBcb(java.lang.String)' on a null object reference
01-01 01:07:19.437  5507  5507 E AndroidRuntime: 	at android.os.RecoverySystem.installPackage(RecoverySystem.java:590)
01-01 01:07:19.437  5507  5507 E AndroidRuntime: 	at android.os.RecoverySystem.installPackage(RecoverySystem.java:514)
01-01 01:07:19.437  5507  5507 E AndroidRuntime: 	at com.nfp.update.LocalUpdate$1.run(LocalUpdate.java:56)
01-01 01:07:19.437  5507  5507 E AndroidRuntime: 	at android.os.Handler.handleCallback(Handler.java:790)
01-01 01:07:19.437  5507  5507 E AndroidRuntime: 	at android.os.Handler.dispatchMessage(Handler.java:99)
01-01 01:07:19.437  5507  5507 E AndroidRuntime: 	at android.os.Looper.loop(Looper.java:164)
01-01 01:07:19.437  5507  5507 E AndroidRuntime: 	at android.app.ActivityThread.main(ActivityThread.java:6518)
01-01 01:07:19.437  5507  5507 E AndroidRuntime: 	at java.lang.reflect.Method.invoke(Native Method)
01-01 01:07:19.437  5507  5507 E AndroidRuntime: 	at com.android.internal.os.RuntimeInit$MethodAndArgsCaller.run(RuntimeInit.java:438)
01-01 01:07:19.437  5507  5507 E AndroidRuntime: 	at com.android.internal.os.ZygoteInit.main(ZygoteInit.java:807)
01-01 01:07:19.447  1114  5420 W ActivityManager:   Force finishing activity com.nfp.update/.LocalUpdate
01-01 01:07:19.466  1114  1398 I ActivityManager: Showing crash dialog for package com.nfp.update u0
01-01 01:07:19.954  1114  1397 W ActivityManager: Activity pause timeout for ActivityRecord{613d8d7 u0 com.nfp.update/.LocalUpdate t13 f}
01-01 01:07:21.147  1114  5420 W ActivityManager:   Force finishing activity com.nfp.update/.LocalUpdate
01-01 01:07:21.178  1114  5420 W ActivityManager:   Force finishing activity com.nfp.update/.MainActivity
01-01 01:07:21.207  1114  5420 I WindowManager: Failed to capture screenshot of Token{fcf05c4 ActivityRecord{613d8d7 u0 com.nfp.update/.LocalUpdate t-1 f}} appWin=Window{5dd763 u0 com.nfp.update/com.nfp.update.LocalUpdate} drawState=4
01-01 01:07:21.250  1114  5420 I ActivityManager: Killing 5507:com.nfp.update/u0a63 (adj 199): crash
01-01 01:07:21.274  1114  1398 W Looper  : Dispatch took 128ms on android.ui, h=Handler (com.android.server.am.AppErrorDialog$1) {d39b497} cb=null msg=1
01-01 01:07:21.346  1114  2855 W AppOps  : Finishing op nesting under-run: uid 1000 pkg android code 24 time=0 duration=0 nesting=0
01-01 01:07:21.352  1114  3653 I WindowManager: WIN DEATH: Window{5dd763 u0 com.nfp.update/com.nfp.update.LocalUpdate}
01-01 01:07:21.359  1114  5512 I WindowManager: WIN DEATH: Window{8cbb7fb u0 com.nfp.update/com.nfp.update.MainActivity}
01-01 01:07:21.384  1114  1407 W ActivityManager: setHasOverlayUi called on unknown pid: 5507
01-01 01:07:33.876  1114  1401 E BatteryExternalStatsWorker: no controller energy info supplied for wifi
01-01 01:07:33.876  1114  1401 E BatteryExternalStatsWorker: no controller energy info supplied for bluetooth
01-01 01:07:53.810  1114  3725 W WindowManager: Permission Denial: dismissKeyguard from pid=5585, uid=2000 requires android.permission.CONTROL_KEYGUARD
01-01 01:07:54.698  1114  2854 D PackageInstaller: Inherited files: [/data/app/com.nfp.update-cyfkxpsi0Wa7P0B2nuZoCQ==/base.apk, /data/app/com.nfp.update-cyfkxpsi0Wa7P0B2nuZoCQ==/split_lib_dependencies_apk.apk, /data/app/com.nfp.update-cyfkxpsi0Wa7P0B2nuZoCQ==/split_lib_resources_apk.apk, /data/app/com.nfp.update-cyfkxpsi0Wa7P0B2nuZoCQ==/split_lib_slice_0_apk.apk, /data/app/com.nfp.update-cyfkxpsi0Wa7P0B2nuZoCQ==/split_lib_slice_1_apk.apk, /data/app/com.nfp.update-cyfkxpsi0Wa7P0B2nuZoCQ==/split_lib_slice_2_apk.apk, /data/app/com.nfp.update-cyfkxpsi0Wa7P0B2nuZoCQ==/split_lib_slice_3_apk.apk, /data/app/com.nfp.update-cyfkxpsi0Wa7P0B2nuZoCQ==/split_lib_slice_4_apk.apk, /data/app/com.nfp.update-cyfkxpsi0Wa7P0B2nuZoCQ==/split_lib_slice_5_apk.apk, /data/app/com.nfp.update-cyfkxpsi0Wa7P0B2nuZoCQ==/split_lib_slice_7_apk.apk, /data/app/com.nfp.update-cyfkxpsi0Wa7P0B2nuZoCQ==/split_lib_slice_8_apk.apk, /data/app/com.nfp.update-cyfkxpsi0Wa7P0B2nuZoCQ==/split_lib_slice_9_apk.apk, /data/app/com.nfp.update-cyfkxpsi0Wa7P0B2nuZoCQ==/oat/arm/base.odex, /data/app/com.nfp.update-cyfkxpsi0Wa7P0B2nuZoCQ==/oat/arm/base.vdex]
01-01 01:07:54.734  1114  2854 D PackageInstaller: Linked 14 files into /data/app/vmdl1206820254.tmp
01-01 01:07:55.095  1114  1425 W PackageParser: Unknown element under <manifest>: uses-sdk at /data/app/vmdl1206820254.tmp/split_lib_resources_apk.apk Binary XML file line #7
01-01 01:07:55.140  1114  1397 I ActivityManager: Force stopping com.nfp.update appid=10063 user=-1: installPackageLI
01-01 01:07:55.333  1114  1425 I PackageManager: Package com.nfp.update codePath changed from /data/app/com.nfp.update-cyfkxpsi0Wa7P0B2nuZoCQ== to /data/app/com.nfp.update-9O5mUhT9YMUc2NO8JBT_fA==; Retaining data and using new
01-01 01:07:55.334  1114  1425 W PackageManager: Code path for com.nfp.update changing from /data/app/com.nfp.update-cyfkxpsi0Wa7P0B2nuZoCQ== to /data/app/com.nfp.update-9O5mUhT9YMUc2NO8JBT_fA==
01-01 01:07:55.334  1114  1425 W PackageManager: Resource path for com.nfp.update changing from /data/app/com.nfp.update-cyfkxpsi0Wa7P0B2nuZoCQ== to /data/app/com.nfp.update-9O5mUhT9YMUc2NO8JBT_fA==
01-01 01:07:55.666  1114  1425 D PackageManager: Ephemeral installer not found with new action; try old one
01-01 01:07:55.666  1114  1425 D PackageManager: Clear ephemeral installer activity
01-01 01:07:56.015  1114  1425 I ActivityManager: Force stopping com.nfp.update appid=10063 user=0: pkg removed
01-01 01:07:56.214  1114  3725 W BroadcastQueue: Background execution not allowed: receiving Intent { act=android.intent.action.PACKAGE_REMOVED dat=package:com.nfp.update flg=0x4000010 (has extras) } to org.codeaurora.gallery/com.android.gallery3d.app.PackagesMonitor
01-01 01:07:56.237  1114  3725 W BroadcastQueue: Background execution not allowed: receiving Intent { act=android.intent.action.PACKAGE_ADDED dat=package:com.nfp.update flg=0x4000010 (has extras) } to com.svox.pico/.VoiceDataInstallerReceiver
01-01 01:07:56.238  1114  1397 W BroadcastQueue: Background execution not allowed: receiving Intent { act=android.intent.action.PACKAGE_ADDED dat=package:com.nfp.update flg=0x4000010 (has extras) } to org.codeaurora.gallery/com.android.gallery3d.app.PackagesMonitor
01-01 01:07:56.353  1114  1114 I Telecom : DefaultDialerCache: Refreshing default dialer for user 0: now com.android.dialer: DDC.oR@AGo
01-01 01:07:56.404  1114  3653 I ActivityManager: START u0 {act=android.intent.action.MAIN cat=[android.intent.category.LAUNCHER] flg=0x10000000 cmp=com.nfp.update/.MainActivity} from uid 2000
01-01 01:07:56.549  1114  3653 W ActivityManager: Slow operation: 57ms so far, now at startProcess: returned from zygote!
01-01 01:07:56.549  1114  3653 W ActivityManager: Slow operation: 57ms so far, now at startProcess: done updating battery stats
01-01 01:07:56.549  1114  3653 W ActivityManager: Slow operation: 58ms so far, now at startProcess: building log message
01-01 01:07:56.549  1114  3653 I ActivityManager: Start proc 5618:com.nfp.update/u0a63 for activity com.nfp.update/.MainActivity
01-01 01:07:56.551  1114  3653 W ActivityManager: Slow operation: 59ms so far, now at startProcess: starting to update pids map
01-01 01:07:56.551  1114  3653 W ActivityManager: Slow operation: 59ms so far, now at startProcess: done updating pids map
01-01 01:07:56.554  1114  3653 W ActivityManager: Slow operation: 63ms so far, now at startProcess: done starting proc!
01-01 01:07:56.722  1114  1398 D AutofillUI: destroySaveUiUiThread(): already destroyed
01-01 01:07:56.722  1114  1396 D AutofillManagerServiceImpl: Reset component for user 0
01-01 01:07:56.774  1114  1396 W VoiceInteractionManagerService: no available voice recognition services found for user 0
01-01 01:07:57.219  1114  5512 W ActivityManager: Slow operation: 102ms so far, now at attachApplicationLocked: after mServices.attachApplicationLocked
01-01 01:07:57.253  1114  1398 W Looper  : Dispatch took 108ms on android.ui, h=Handler (com.android.server.am.ActivityManagerService$UiHandler) {7499138} cb=null msg=31
01-01 01:08:21.147  1114  1410 I PowerManagerService: Going to sleep due to screen timeout (uid 1000)...
01-01 01:08:21.176  1114  1410 I DisplayPowerController: Blocking screen off
01-01 01:08:21.215  1114  1410 I DisplayPowerController: Unblocked screen off after 32 ms
01-01 01:08:21.369  1114  1407 I DisplayManagerService: Display device changed state: "Built-in Screen", OFF
01-01 01:08:21.658  1114  1410 I DreamManagerService: Entering dreamland.
01-01 01:08:21.682  1114  1410 I PowerManagerService: Dozing...
01-01 01:08:21.693  1114  1405 I DreamController: Starting dream: name=ComponentInfo{com.android.systemui/com.android.systemui.doze.DozeService}, isTest=false, canDoze=true, userId=0
01-01 01:08:21.723  1114  1405 D AutofillManagerService: Close system dialogs
01-01 01:08:26.384  3456  3456 V KeyguardStatusView: refresh statusview showing:true
01-01 01:08:26.410  3456  3456 V KeyguardDisplayManager: show
01-01 01:08:36.655  1114  2876 I PowerManagerService: Waking up from dozing (uid=1000 reason=android.policy:POWER)...
01-01 01:08:36.672  1114  1410 I DisplayPowerController: Blocking screen on until initial contents have been drawn.
01-01 01:08:36.692  1114  1407 I DisplayManagerService: Display device changed state: "Built-in Screen", ON
01-01 01:08:36.850  1114  2876 I GestureLauncherService: Power button double tap gesture detected, launching camera. Interval=93ms
01-01 01:08:37.132  1114  5512 I ActivityManager: START u0 {act=android.media.action.STILL_IMAGE_CAMERA flg=0x14000000 cmp=com.android.camera2/com.android.camera.CameraActivity (has extras)} from uid 10029
01-01 01:08:37.174  1114  5512 E ActivityManager: applyOptionsLocked: Unknown animationType=0
01-01 01:08:37.254  1114  1410 I DisplayPowerController: Unblocked screen on after 582 ms
01-01 01:08:37.290  1114  1410 W PowerManagerService: Screen on took 638 ms
01-01 01:08:37.290  1114  1410 I DreamManagerService: Gently waking up from dream.
01-01 01:08:37.291  1114  1405 I DreamManagerService: Performing gentle wake from dream.
01-01 01:08:37.414  1114  3725 D ActivityManager: awakeFromSleepingLocked: previously pausing activity didn't pause
01-01 01:08:37.416  1114  3725 E ActivityManager: applyOptionsLocked: Unknown animationType=0
01-01 01:08:37.445  1114  3725 I DreamManagerService: Leaving dreamland.
01-01 01:08:37.446  1114  1405 I DreamManagerService: Performing gentle wake from dream.
01-01 01:08:37.446  1114  1405 I DreamController: Stopping dream: name=ComponentInfo{com.android.systemui/com.android.systemui.doze.DozeService}, isTest=false, canDoze=true, userId=0
01-01 01:08:37.673  1114  5512 I ActivityManager: START u0 {cmp=com.android.camera2/com.android.camera.PermissionsActivity} from uid 10039
01-01 01:08:38.182  1114  1397 W ActivityManager: Activity pause timeout for ActivityRecord{bdf56bb u0 com.android.camera2/com.android.camera.CameraActivity t10 f}
--------- beginning of main
01-01 01:08:38.945  5219  5668 V CAM_CameraDataAdapter: retrieved photo metadata, number of items: 0
01-01 01:08:38.946  5219  5668 V CAM_CameraDataAdapter: retrieved video metadata, number of items: 0
01-01 01:08:38.946  5219  5668 V CAM_CameraDataAdapter: sorting video/photo metadata
01-01 01:08:38.957  5219  5668 V CAM_CameraDataAdapter: sorted video/photo metadata
01-01 01:08:38.974  3456  5244 D KeyguardViewMediator: setOccluded true
01-01 01:08:39.005  3456  3456 D KeyguardViewMediator: adjustStatusBarLocked: mShowing=true mOccluded=true isSecure=false --> flags=0x1000000
01-01 01:08:39.009  3456  3456 D KeyguardViewMediator: handleStartKeyguardExitAnimation startTime=0 fadeoutDuration=0
01-01 01:08:39.013  3456  3456 D KeyguardUpdateMonitor: onKeyguardVisibilityChanged(false)
01-01 01:08:39.044  3456  3456 D KeyguardViewMediator: adjustStatusBarLocked: mShowing=false mOccluded=true isSecure=false --> flags=0x0
01-01 01:08:39.046   411   411 D SurfaceFlinger: duplicate layer name: changing com.android.camera2/com.android.camera.PermissionsActivity to com.android.camera2/com.android.camera.PermissionsActivity#2
01-01 01:08:39.077  5219  5656 W Adreno-EGL: <qeglDrvAPI_eglGetConfigAttrib:612>: EGL_BAD_ATTRIBUTE
01-01 01:08:39.085  3456  3849 W OpenGLRenderer: Incorrectly called buildLayer on View: NotificationPanelView, destroying layer...
01-01 01:08:39.088  3456  3456 D StatusBar: disable<e i a s b h!r!c s q >
01-01 01:08:39.101   410   410 E lowmemorykiller: Error opening /dev/memcg/apps/uid_10007/pid_4165/memory.soft_limit_in_bytes; errno=2
01-01 01:08:39.103   410   410 E lowmemorykiller: Error opening /dev/memcg/apps/uid_10004/pid_4344/memory.soft_limit_in_bytes; errno=2
01-01 01:08:39.105   410   410 E lowmemorykiller: Error opening /dev/memcg/apps/uid_10019/pid_4623/memory.soft_limit_in_bytes; errno=2
01-01 01:08:39.106   410   410 E lowmemorykiller: Error opening /dev/memcg/apps/uid_10018/pid_4604/memory.soft_limit_in_bytes; errno=2
01-01 01:08:39.107   410   410 E lowmemorykiller: Error opening /dev/memcg/apps/uid_10048/pid_4012/memory.soft_limit_in_bytes; errno=2
01-01 01:08:39.108   410   410 E lowmemorykiller: Error opening /dev/memcg/apps/uid_10023/pid_4513/memory.soft_limit_in_bytes; errno=2
01-01 01:08:39.108   410   410 E lowmemorykiller: Error opening /dev/memcg/apps/uid_1000/pid_4430/memory.soft_limit_in_bytes; errno=2
01-01 01:08:39.139  3589  3758 I QCNEJ/CndHalConnector: -> SND notifyScreenStateChanged(true)
01-01 01:08:39.406  5219  5656 W Adreno-ES20: <core_glFinish:34>: glFinish skipped: 0
01-01 01:08:39.419  5219  5656 W Adreno-ES20: <core_glFinish:34>: glFinish skipped: 0
01-01 01:08:39.453  5219  5219 V CAM_PermissionsActivity: received intent, finishing: android.intent.action.USER_PRESENT
01-01 01:08:39.460  5219  5219 V CAM_PermissionsActivity: received intent, finishing: android.intent.action.USER_PRESENT
01-01 01:08:39.462  1114  3653 I chatty  : uid=1000(system) Binder:1114_5 expire 11 lines
01-01 01:08:39.471  5219  5219 V CAM_CameraDataAdapter: new photos query return num items: 0
01-01 01:08:39.480  5219  5656 W Adreno-ES20: <core_glFinish:34>: glFinish skipped: 0
01-01 01:08:39.483  5219  5219 V CAM_QuickActivity: START onStop: Activity = com.android.camera.PermissionsActivity@ef33afa
01-01 01:08:39.484  5219  5219 V CAM_QuickActivity: END onStop: Activity = com.android.camera.PermissionsActivity@ef33afa
01-01 01:08:39.484  5219  5219 V CAM_QuickActivity: START onDestroy: Activity = com.android.camera.PermissionsActivity@ef33afa
01-01 01:08:39.485  5219  5219 V CAM_PermissionsActivity: onDestroy: unregistering receivers
