04-23 23:32:48.271   753  1528 D msm8916_platform: platform_set_snd_device_backend: hw_interface_table[5] = INT4_MI2S_RX
04-23 23:32:48.271   753  1528 D msm8916_platform: platform_set_snd_device_backend: backend_tag_table[vbat-speaker]: old = null new = (null)
04-23 23:32:48.271   753  1528 D msm8916_platform: platform_set_snd_device_backend: hw_interface_table[7] = INT4_MI2S_RX
04-23 23:32:48.271   753  1528 D msm8916_platform: platform_set_snd_device_backend: backend_tag_table[speaker-and-headphones-ext-1]: old = null new = (null)
04-23 23:32:48.271   753  1528 D msm8916_platform: platform_set_snd_device_backend: hw_interface_table[14] = INT4_MI2S_RX-and-INT0_MI2S_RX
04-23 23:32:48.271   753  1528 D msm8916_platform: platform_set_snd_device_backend: backend_tag_table[speaker-and-headphones-ext-2]: old = null new = (null)
04-23 23:32:48.271   753  1528 D msm8916_platform: platform_set_snd_device_backend: hw_interface_table[15] = INT4_MI2S_RX-and-INT0_MI2S_RX
04-23 23:32:48.271   753  1528 D msm8916_platform: platform_set_snd_device_backend: backend_tag_table[voice-handset]: old = null new = (null)
04-23 23:32:48.271   753  1528 D msm8916_platform: platform_set_snd_device_backend: hw_interface_table[16] = INT0_MI2S_RX
04-23 23:32:48.271   753  1528 D msm8916_platform: platform_set_snd_device_backend: backend_tag_table[voice-speaker]: old = null new = (null)
04-23 23:32:48.271   753  1528 D msm8916_platform: platform_set_snd_device_backend: hw_interface_table[17] = INT4_MI2S_RX
04-23 23:32:48.271   753  1528 D msm8916_platform: platform_set_snd_device_backend: backend_tag_table[vbat-voice-speaker]: old = vbat-voice-speaker new = (null)
04-23 23:32:48.271   753  1528 D msm8916_platform: platform_set_snd_device_backend: hw_interface_table[19] = INT4_MI2S_RX
04-23 23:32:48.271   753  1528 D msm8916_platform: platform_set_snd_device_backend: backend_tag_table[voice-speaker-2]: old = speaker new = speaker
04-23 23:32:48.271   753  1528 D msm8916_platform: platform_set_snd_device_backend: hw_interface_table[20] = PRI_MI2S_RX
04-23 23:32:48.271   753  1528 D msm8916_platform: platform_set_snd_device_backend: backend_tag_table[vbat-voice-speaker-2]: old = vbat-voice-speaker-2 new = (null)
04-23 23:32:48.271   753  1528 D msm8916_platform: platform_set_snd_device_backend: hw_interface_table[22] = INT4_MI2S_RX
04-23 23:32:48.271   753  1528 D msm8916_platform: platform_set_snd_device_backend: backend_tag_table[speaker-and-hdmi]: old = speaker-and-hdmi new = (null)
04-23 23:32:48.271   753  1528 D msm8916_platform: platform_set_snd_device_backend: hw_interface_table[26] = INT4_MI2S_RX-and-HDMI
04-23 23:32:48.271   753  1528 D msm8916_platform: platform_set_snd_device_backend: backend_tag_table[speaker-and-display-port]: old = speaker-and-display-port new = (null)
04-23 23:32:48.271   753  1528 D msm8916_platform: platform_set_snd_device_backend: hw_interface_table[28] = INT4_MI2S_RX-and-DISPLAY_PORT
04-23 23:32:48.271   753  1528 D msm8916_platform: platform_set_snd_device_backend: backend_tag_table[speaker-and-bt-sco]: old = null new = speaker-and-bt-sco
04-23 23:32:48.271   753  1528 D msm8916_platform: platform_set_snd_device_backend: hw_interface_table[33] = SLIMBUS_0_RX-and-SLIMBUS_7_RX
04-23 23:32:48.271   753  1528 D msm8916_platform: platform_set_snd_device_backend: backend_tag_table[speaker-and-bt-sco-wb]: old = null new = speaker-and-bt-sco-wb
04-23 23:32:48.271   753  1528 D msm8916_platform: platform_set_snd_device_backend: hw_interface_table[34] = SLIMBUS_0_RX-and-SLIMBUS_7_RX
04-23 23:32:48.271   753  1528 D msm8916_platform: platform_set_snd_device_backend: backend_tag_table[speaker-and-bt-a2dp]: old = speaker-and-bt-a2dp new = (null)
04-23 23:32:48.271   753  1528 D msm8916_platform: platform_set_snd_device_backend: hw_interface_table[32] = INT4_MI2S_RX-and-SLIMBUS_7_RX
04-23 23:32:48.271   753  1528 D msm8916_platform: platform_set_snd_device_backend: backend_tag_table[voice-tty-hco-handset]: old = null new = (null)
04-23 23:32:48.271   753  1528 D msm8916_platform: platform_set_snd_device_backend: hw_interface_table[37] = INT4_MI2S_RX
04-23 23:32:48.271   753  1528 D msm8916_platform: platform_set_snd_device_backend: backend_tag_table[anc-fb-headphones]: old = null new = (null)
04-23 23:32:48.271   753  1528 D msm8916_platform: platform_set_snd_device_backend: hw_interface_table[47] = INT0_MI2S_RX
04-23 23:32:48.271   753  1528 D msm8916_platform: platform_set_snd_device_backend: backend_tag_table[voice-anc-fb-headphones]: old = null new = (null)
04-23 23:32:48.271   753  1528 D msm8916_platform: platform_set_snd_device_backend: hw_interface_table[49] = INT0_MI2S_RX
04-23 23:32:48.271   753  1528 D msm8916_platform: platform_set_snd_device_backend: backend_tag_table[anc-handset]: old = null new = (null)
04-23 23:32:48.272   753  1528 D msm8916_platform: platform_set_snd_device_backend: hw_interface_table[51] = INT4_MI2S_RX
04-23 23:32:48.272   753  1528 D msm8916_platform: platform_set_snd_device_backend: backend_tag_table[speaker-protected]: old = null new = (null)
04-23 23:32:48.272   753  1528 D msm8916_platform: platform_set_snd_device_backend: hw_interface_table[52] = INT4_MI2S_RX
04-23 23:32:48.272   753  1528 D msm8916_platform: platform_set_snd_device_backend: backend_tag_table[voice-speaker-protected]: old = null new = (null)
04-23 23:32:48.272   753  1528 D msm8916_platform: platform_set_snd_device_backend: hw_interface_table[53] = INT4_MI2S_RX
04-23 23:32:48.272   753  1528 D msm8916_platform: platform_set_snd_device_backend: backend_tag_table[voice-speaker-2-protected]: old = null new = (null)
04-23 23:32:48.272   753  1528 D msm8916_platform: platform_set_snd_device_backend: hw_interface_table[54] = INT4_MI2S_RX
04-23 23:32:48.272   753  1528 D msm8916_platform: platform_set_snd_device_backend: backend_tag_table[speaker-protected-vbat]: old = null new = (null)
04-23 23:32:48.272   753  1528 D msm8916_platform: platform_set_snd_device_backend: hw_interface_table[55] = INT4_MI2S_RX
04-23 23:32:48.272   753  1528 D msm8916_platform: platform_set_snd_device_backend: backend_tag_table[voice-speaker-protected-vbat]: old = null new = (null)
04-23 23:32:48.272   753  1528 D msm8916_platform: platform_set_snd_device_backend: hw_interface_table[56] = INT4_MI2S_RX
04-23 23:32:48.272   753  1528 D msm8916_platform: platform_set_snd_device_backend: backend_tag_table[voice-speaker-2-protected-vbat]: old = null new = (null)
04-23 23:32:48.272   753  1528 D msm8916_platform: platform_set_snd_device_backend: hw_interface_table[57] = INT4_MI2S_RX
04-23 23:32:48.272   753  1528 D msm8916_platform: platform_set_snd_device_backend: backend_tag_table[wsa-speaker]: old = null new = (null)
04-23 23:32:48.272   753  1528 D msm8916_platform: platform_set_snd_device_backend: hw_interface_table[6] = INT4_MI2S_RX
04-23 23:32:48.272   753  1528 D msm8916_platform: platform_set_snd_device_backend: backend_tag_table[wsa-voice-speaker]: old = null new = (null)
04-23 23:32:48.272   753  1528 D msm8916_platform: platform_set_snd_device_backend: hw_interface_table[18] = INT4_MI2S_RX
04-23 23:32:48.272   753  1528 D msm8916_platform: platform_set_snd_device_backend: backend_tag_table[wsa-voice-speaker-2]: old = null new = (null)
04-23 23:32:48.272   753  1528 D msm8916_platform: platform_set_snd_device_backend: hw_interface_table[21] = INT4_MI2S_RX
04-23 23:32:48.272   753  1528 D msm8916_platform: platform_set_snd_device_backend: backend_tag_table[handset-mic]: old = null new = (null)
04-23 23:32:48.272   753  1528 D msm8916_platform: platform_set_snd_device_backend: hw_interface_table[62] = INT3_MI2S_TX
04-23 23:32:48.272   753  1528 D msm8916_platform: platform_set_snd_device_backend: backend_tag_table[handset-mic-ext]: old = null new = (null)
04-23 23:32:48.272   753  1528 D msm8916_platform: platform_set_snd_device_backend: hw_interface_table[63] = INT3_MI2S_TX
04-23 23:32:48.272   753  1528 D msm8916_platform: platform_set_snd_device_backend: backend_tag_table[handset-mic]: old = null new = (null)
04-23 23:32:48.272   753  1528 D msm8916_platform: platform_set_snd_device_backend: hw_interface_table[64] = INT3_MI2S_TX
04-23 23:32:48.272   753  1528 D msm8916_platform: platform_set_snd_device_backend: backend_tag_table[handset-mic]: old = null new = (null)
04-23 23:32:48.272   753  1528 D msm8916_platform: platform_set_snd_device_backend: hw_interface_table[65] = INT3_MI2S_TX
04-23 23:32:48.272   753  1528 D msm8916_platform: platform_set_snd_device_backend: backend_tag_table[handset-mic]: old = null new = (null)
04-23 23:32:48.272   753  1528 D msm8916_platform: platform_set_snd_device_backend: hw_interface_table[66] = INT3_MI2S_TX
04-23 23:32:48.272   753  1528 D msm8916_platform: platform_set_snd_device_backend: backend_tag_table[dmic-endfire]: old = null new = (null)
04-23 23:32:48.272   753  1528 D msm8916_platform: platform_set_snd_device_backend: hw_interface_table[67] = INT3_MI2S_TX
04-23 23:32:48.272   753  1528 D msm8916_platform: platform_set_snd_device_backend: backend_tag_table[dmic-endfire]: old = null new = (null)
04-23 23:32:48.272   753  1528 D msm8916_platform: platform_set_snd_device_backend: hw_interface_table[68] = INT3_MI2S_TX
04-23 23:32:48.272   753  1528 D msm8916_platform: platform_set_snd_device_backend: backend_tag_table[dmic-endfire]: old = null new = (null)
04-23 23:32:48.272   753  1528 D msm8916_platform: platform_set_snd_device_backend: hw_interface_table[69] = INT3_MI2S_TX
04-23 23:32:48.272   753  1528 D msm8916_platform: platform_set_snd_device_backend: backend_tag_table[dmic-endfire]: old = null new = (null)
04-23 23:32:48.272   753  1528 D msm8916_platform: platform_set_snd_device_backend: hw_interface_table[70] = INT3_MI2S_TX
04-23 23:32:48.272   753  1528 D msm8916_platform: platform_set_snd_device_backend: backend_tag_table[speaker-mic]: old = null new = (null)
04-23 23:32:48.272   753  1528 D msm8916_platform: platform_set_snd_device_backend: hw_interface_table[71] = INT3_MI2S_TX
04-23 23:32:48.272   753  1528 D msm8916_platform: platform_set_snd_device_backend: backend_tag_table[speaker-mic]: old = null new = (null)
04-23 23:32:48.272   753  1528 D msm8916_platform: platform_set_snd_device_backend: hw_interface_table[72] = INT3_MI2S_TX
04-23 23:32:48.272   753  1528 D msm8916_platform: platform_set_snd_device_backend: backend_tag_table[speaker-mic]: old = null new = (null)
04-23 23:32:48.272   753  1528 D msm8916_platform: platform_set_snd_device_backend: hw_interface_table[73] = INT3_MI2S_TX
04-23 23:32:48.272   753  1528 D msm8916_platform: platform_set_snd_device_backend: backend_tag_table[speaker-mic]: old = null new = (null)
04-23 23:32:48.272   753  1528 D msm8916_platform: platform_set_snd_device_backend: hw_interface_table[74] = INT3_MI2S_TX
04-23 23:32:48.272   753  1528 D msm8916_platform: platform_set_snd_device_backend: backend_tag_table[speaker-dmic-endfire]: old = null new = (null)
04-23 23:32:48.272   753  1528 D msm8916_platform: platform_set_snd_device_backend: hw_interface_table[75] = INT3_MI2S_TX
04-23 23:32:48.272   753  1528 D msm8916_platform: platform_set_snd_device_backend: backend_tag_table[speaker-dmic-endfire]: old = null new = (null)
04-23 23:32:48.272   753  1528 D msm8916_platform: platform_set_snd_device_backend: hw_interface_table[76] = INT3_MI2S_TX
04-23 23:32:48.272   753  1528 D msm8916_platform: platform_set_snd_device_backend: backend_tag_table[speaker-dmic-endfire]: old = null new = (null)
04-23 23:32:48.272   753  1528 D msm8916_platform: platform_set_snd_device_backend: hw_interface_table[77] = INT3_MI2S_TX
04-23 23:32:48.272   753  1528 D msm8916_platform: platform_set_snd_device_backend: backend_tag_table[speaker-dmic-endfire]: old = null new = (null)
04-23 23:32:48.272   753  1528 D msm8916_platform: platform_set_snd_device_backend: hw_interface_table[78] = INT3_MI2S_TX
04-23 23:32:48.272   753  1528 D msm8916_platform: platform_set_snd_device_backend: backend_tag_table[headset-mic]: old = null new = (null)
04-23 23:32:48.272   753  1528 D msm8916_platform: platform_set_snd_device_backend: hw_interface_table[79] = INT3_MI2S_TX
04-23 23:32:48.272   753  1528 D msm8916_platform: platform_set_snd_device_backend: backend_tag_table[headset-mic]: old = null new = (null)
04-23 23:32:48.272   753  1528 D msm8916_platform: platform_set_snd_device_backend: hw_interface_table[80] = INT3_MI2S_TX
04-23 23:32:48.272   753  1528 D msm8916_platform: platform_set_snd_device_backend: backend_tag_table[voice-speaker-mic]: old = null new = (null)
04-23 23:32:48.272   753  1528 D msm8916_platform: platform_set_snd_device_backend: hw_interface_table[81] = INT3_MI2S_TX
04-23 23:32:48.272   753  1528 D msm8916_platform: platform_set_snd_device_backend: backend_tag_table[voice-headset-mic]: old = null new = (null)
04-23 23:32:48.272   753  1528 D msm8916_platform: platform_set_snd_device_backend: hw_interface_table[82] = INT3_MI2S_TX
04-23 23:32:48.272   753  1528 D msm8916_platform: platform_set_snd_device_backend: backend_tag_table[hdmi-mic]: old = hdmi-mic new = (null)
04-23 23:32:48.272   753  1528 D msm8916_platform: platform_set_snd_device_backend: hw_interface_table[83] = HDMI
04-23 23:32:48.272   753  1528 D msm8916_platform: platform_set_snd_device_backend: backend_tag_table[bt-sco-mic]: old = bt-sco new = (null)
04-23 23:32:48.272   753  1528 D msm8916_platform: platform_set_snd_device_backend: hw_interface_table[84] = SLIMBUS_7_TX
04-23 23:32:48.272   753  1528 D msm8916_platform: platform_set_snd_device_backend: backend_tag_table[bt-sco-mic]: old = bt-sco new = (null)
04-23 23:32:48.272   753  1528 D msm8916_platform: platform_set_snd_device_backend: hw_interface_table[85] = SLIMBUS_7_TX
04-23 23:32:48.272   753  1528 D msm8916_platform: platform_set_snd_device_backend: backend_tag_table[bt-sco-mic-wb]: old = bt-sco-wb new = (null)
04-23 23:32:48.272   753  1528 D msm8916_platform: platform_set_snd_device_backend: hw_interface_table[86] = SLIMBUS_7_TX
04-23 23:32:48.272   753  1528 D msm8916_platform: platform_set_snd_device_backend: backend_tag_table[bt-sco-mic-wb]: old = bt-sco-wb new = (null)
04-23 23:32:48.272   753  1528 D msm8916_platform: platform_set_snd_device_backend: hw_interface_table[87] = SLIMBUS_7_TX
04-23 23:32:48.272   753  1528 D msm8916_platform: platform_set_snd_device_backend: backend_tag_table[camcorder-mic]: old = null new = (null)
04-23 23:32:48.272   753  1528 D msm8916_platform: platform_set_snd_device_backend: hw_interface_table[88] = INT3_MI2S_TX
04-23 23:32:48.272   753  1528 D msm8916_platform: platform_set_snd_device_backend: backend_tag_table[voice-dmic-ef]: old = null new = (null)
04-23 23:32:48.272   753  1528 D msm8916_platform: platform_set_snd_device_backend: hw_interface_table[89] = INT3_MI2S_TX
04-23 23:32:48.272   753  1528 D msm8916_platform: platform_set_snd_device_backend: backend_tag_table[voice-speaker-dmic-ef]: old = null new = (null)
04-23 23:32:48.272   753  1528 D msm8916_platform: platform_set_snd_device_backend: hw_interface_table[90] = INT3_MI2S_TX
04-23 23:32:48.272   753  1528 D msm8916_platform: platform_set_snd_device_backend: backend_tag_table[voice-speaker-qmic]: old = null new = (null)
04-23 23:32:48.272   753  1528 D msm8916_platform: platform_set_snd_device_backend: hw_interface_table[91] = INT3_MI2S_TX
04-23 23:32:48.272   753  1528 D msm8916_platform: platform_set_snd_device_backend: backend_tag_table[voice-tty-full-headset-mic]: old = null new = (null)
04-23 23:32:48.272   753  1528 D msm8916_platform: platform_set_snd_device_backend: hw_interface_table[92] = INT3_MI2S_TX
04-23 23:32:48.272   753  1528 D msm8916_platform: platform_set_snd_device_backend: backend_tag_table[voice-tty-vco-handset-mic]: old = null new = (null)
04-23 23:32:48.272   753  1528 D msm8916_platform: platform_set_snd_device_backend: hw_interface_table[93] = INT3_MI2S_TX
04-23 23:32:48.272   753  1528 D msm8916_platform: platform_set_snd_device_backend: backend_tag_table[voice-tty-hco-headset-mic]: old = null new = (null)
04-23 23:32:48.272   753  1528 D msm8916_platform: platform_set_snd_device_backend: hw_interface_table[94] = INT3_MI2S_TX
04-23 23:32:48.272   753  1528 D msm8916_platform: platform_set_snd_device_backend: backend_tag_table[voice-rec-mic]: old = null new = (null)
04-23 23:32:48.272   753  1528 D msm8916_platform: platform_set_snd_device_backend: hw_interface_table[95] = INT3_MI2S_TX
04-23 23:32:48.272   753  1528 D msm8916_platform: platform_set_snd_device_backend: backend_tag_table[voice-rec-mic]: old = null new = (null)
04-23 23:32:48.272   753  1528 D msm8916_platform: platform_set_snd_device_backend: hw_interface_table[96] = INT3_MI2S_TX
04-23 23:32:48.272   753  1528 D msm8916_platform: platform_set_snd_device_backend: backend_tag_table[voice-rec-dmic-ef]: old = null new = (null)
04-23 23:32:48.272   753  1528 D msm8916_platform: platform_set_snd_device_backend: hw_interface_table[97] = INT3_MI2S_TX
04-23 23:32:48.273   753  1528 D msm8916_platform: platform_set_snd_device_backend: backend_tag_table[voice-rec-dmic-ef-fluence]: old = null new = (null)
04-23 23:32:48.273   753  1528 D msm8916_platform: platform_set_snd_device_backend: hw_interface_table[98] = INT3_MI2S_TX
04-23 23:32:48.273   753  1528 D msm8916_platform: platform_set_snd_device_backend: backend_tag_table[aanc-handset-mic]: old = null new = (null)
04-23 23:32:48.273   753  1528 D msm8916_platform: platform_set_snd_device_backend: hw_interface_table[106] = INT3_MI2S_TX
04-23 23:32:48.273   753  1528 D msm8916_platform: platform_set_snd_device_backend: backend_tag_table[quad-mic]: old = null new = (null)
04-23 23:32:48.273   753  1528 D msm8916_platform: platform_set_snd_device_backend: hw_interface_table[107] = INT3_MI2S_TX
04-23 23:32:48.273   753  1528 D msm8916_platform: platform_set_snd_device_backend: backend_tag_table[handset-stereo-dmic-ef]: old = null new = (null)
04-23 23:32:48.273   753  1528 D msm8916_platform: platform_set_snd_device_backend: hw_interface_table[108] = INT3_MI2S_TX
04-23 23:32:48.273   753  1528 D msm8916_platform: platform_set_snd_device_backend: backend_tag_table[speaker-stereo-dmic-ef]: old = null new = (null)
04-23 23:32:48.273   753  1528 D msm8916_platform: platform_set_snd_device_backend: hw_interface_table[109] = INT3_MI2S_TX
04-23 23:32:48.273   753  1528 D msm8916_platform: platform_set_snd_device_backend: backend_tag_table[vi-feedback]: old = null new = (null)
04-23 23:32:48.273   753  1528 D msm8916_platform: platform_set_snd_device_backend: hw_interface_table[110] = INT5_MI2S_TX
04-23 23:32:48.273   753  1528 D msm8916_platform: platform_set_snd_device_backend: backend_tag_table[vi-feedback-mono-1]: old = null new = (null)
04-23 23:32:48.273   753  1528 D msm8916_platform: platform_set_snd_device_backend: hw_interface_table[111] = INT5_MI2S_TX
04-23 23:32:48.273   753  1528 D msm8916_platform: platform_set_snd_device_backend: backend_tag_table[vi-feedback-mono-2]: old = null new = (null)
04-23 23:32:48.273   753  1528 D msm8916_platform: platform_set_snd_device_backend: hw_interface_table[112] = INT5_MI2S_TX
04-23 23:32:48.273   753  1528 D msm8916_platform: platform_set_snd_device_backend: backend_tag_table[voice-speaker-dmic-broadside]: old = null new = (null)
04-23 23:32:48.273   753  1528 D msm8916_platform: platform_set_snd_device_backend: hw_interface_table[113] = INT3_MI2S_TX
04-23 23:32:48.273   753  1528 D msm8916_platform: platform_set_snd_device_backend: backend_tag_table[speaker-dmic-broadside]: old = null new = (null)
04-23 23:32:48.273   753  1528 D msm8916_platform: platform_set_snd_device_backend: hw_interface_table[114] = INT3_MI2S_TX
04-23 23:32:48.273   753  1528 D msm8916_platform: platform_set_snd_device_backend: backend_tag_table[speaker-dmic-broadside]: old = null new = (null)
04-23 23:32:48.273   753  1528 D msm8916_platform: platform_set_snd_device_backend: hw_interface_table[115] = INT3_MI2S_TX
04-23 23:32:48.273   753  1528 D msm8916_platform: platform_set_snd_device_backend: backend_tag_table[speaker-dmic-broadside]: old = null new = (null)
04-23 23:32:48.273   753  1528 D msm8916_platform: platform_set_snd_device_backend: hw_interface_table[116] = INT3_MI2S_TX
04-23 23:32:48.273   753  1528 D msm8916_platform: platform_set_snd_device_backend: backend_tag_table[speaker-dmic-broadside]: old = null new = (null)
04-23 23:32:48.273   753  1528 D msm8916_platform: platform_set_snd_device_backend: hw_interface_table[117] = INT3_MI2S_TX
04-23 23:32:48.273   753  1528 D msm8916_platform: platform_set_snd_device_backend: backend_tag_table[aanc-fluence-dmic-handset]: old = null new = (null)
04-23 23:32:48.273   753  1528 D msm8916_platform: platform_set_snd_device_backend: hw_interface_table[118] = INT3_MI2S_TX
04-23 23:32:48.273   753  1528 D msm8916_platform: platform_set_snd_device_backend: backend_tag_table[quad-mic]: old = null new = (null)
04-23 23:32:48.273   753  1528 D msm8916_platform: platform_set_snd_device_backend: hw_interface_table[119] = INT3_MI2S_TX
04-23 23:32:48.273   753  1528 D msm8916_platform: platform_set_snd_device_backend: backend_tag_table[quad-mic]: old = null new = (null)
04-23 23:32:48.273   753  1528 D msm8916_platform: platform_set_snd_device_backend: hw_interface_table[120] = INT3_MI2S_TX
04-23 23:32:48.273   753  1528 D msm8916_platform: platform_set_snd_device_backend: backend_tag_table[quad-mic]: old = null new = (null)
04-23 23:32:48.273   753  1528 D msm8916_platform: platform_set_snd_device_backend: hw_interface_table[121] = INT3_MI2S_TX
04-23 23:32:48.273   753  1528 D msm8916_platform: platform_set_snd_device_backend: backend_tag_table[quad-mic]: old = null new = (null)
04-23 23:32:48.273   753  1528 D msm8916_platform: platform_set_snd_device_backend: hw_interface_table[122] = INT3_MI2S_TX
04-23 23:32:48.273   753  1528 D msm8916_platform: platform_set_snd_device_backend: backend_tag_table[three-mic]: old = null new = (null)
04-23 23:32:48.273   753  1528 D msm8916_platform: platform_set_snd_device_backend: hw_interface_table[123] = INT3_MI2S_TX
04-23 23:32:48.273   753  1528 D msm8916_platform: platform_set_snd_device_backend: backend_tag_table[three-mic]: old = null new = (null)
04-23 23:32:48.273   753  1528 D msm8916_platform: platform_set_snd_device_backend: hw_interface_table[124] = INT3_MI2S_TX
04-23 23:32:48.273   753  1528 D msm8916_platform: platform_set_snd_device_backend: backend_tag_table[three-mic]: old = null new = (null)
04-23 23:32:48.273   753  1528 D msm8916_platform: platform_set_snd_device_backend: hw_interface_table[125] = INT3_MI2S_TX
04-23 23:32:48.273   753  1528 D msm8916_platform: platform_set_snd_device_backend: backend_tag_table[unprocessed-mic]: old = null new = (null)
04-23 23:32:48.273   753  1528 D msm8916_platform: platform_set_snd_device_backend: hw_interface_table[126] = INT3_MI2S_TX
04-23 23:32:48.273   753  1528 D msm8916_platform: platform_set_snd_device_backend: backend_tag_table[voice-rec-dmic-ef]: old = null new = (null)
04-23 23:32:48.273   753  1528 D msm8916_platform: platform_set_snd_device_backend: hw_interface_table[127] = INT3_MI2S_TX
04-23 23:32:48.273   753  1528 D msm8916_platform: platform_set_snd_device_backend: backend_tag_table[three-mic]: old = null new = (null)
04-23 23:32:48.273   753  1528 D msm8916_platform: platform_set_snd_device_backend: hw_interface_table[128] = INT3_MI2S_TX
04-23 23:32:48.273   753  1528 D msm8916_platform: platform_set_snd_device_backend: backend_tag_table[quad-mic]: old = null new = (null)
04-23 23:32:48.273   753  1528 D msm8916_platform: platform_set_snd_device_backend: hw_interface_table[129] = INT3_MI2S_TX
04-23 23:32:48.273   753  1528 D msm8916_platform: platform_set_snd_device_backend: backend_tag_table[headset-mic]: old = null new = (null)
04-23 23:32:48.273   753  1528 D msm8916_platform: platform_set_snd_device_backend: hw_interface_table[130] = INT3_MI2S_TX
04-23 23:32:48.273   753  1528 E msm8916_platform: find_index: Could not find index for name = SND_DEVICE_OUT_VOICE_SPEAKER_AND_VOICE_HEADPHONES
04-23 23:32:48.273   753  1528 E platform_info: process_backend_name: Device SND_DEVICE_OUT_VOICE_SPEAKER_AND_VOICE_HEADPHONES not found, no ACDB ID set!
04-23 23:32:48.273   753  1528 E msm8916_platform: find_index: Could not find index for name = SND_DEVICE_OUT_VOICE_SPEAKER_AND_VOICE_ANC_HEADSET
04-23 23:32:48.273   753  1528 E platform_info: process_backend_name: Device SND_DEVICE_OUT_VOICE_SPEAKER_AND_VOICE_ANC_HEADSET not found, no ACDB ID set!
04-23 23:32:48.307   755  1643 E mm-camera: <SENSOR><ERROR> 247: module_sensor_offload_init_config: func_tbl for submodule 4 is NULL
04-23 23:32:48.307   755  1643 E mm-camera: <SENSOR><ERROR> 249: module_sensor_offload_init_config: failed to get led off frame skip time
04-23 23:32:48.314   755   755 I mm-camera: <IFACE >< INFO> 680: iface_unreserve_sink_port: stream_id f mode 0 
04-23 23:32:48.314   755   755 I mm-camera: <ISP   >< INFO> 939: isp_port_check_caps_unreserve: ide 4000f port 0xe9c77540
04-23 23:32:48.316   755   755 I mm-camera: <MCT   >< INFO> 4356: mct_pipeline_process_set: Stream 0x4000f and stream type=10, successfully deleted
04-23 23:32:48.316   755  1682 I mm-camera: <MCT   >< INFO> 4933: mct_pipeline_stop_session_thread: Stop module name: iface - E
04-23 23:32:48.316   755  1681 I mm-camera: <MCT   >< INFO> 4933: mct_pipeline_stop_session_thread: Stop module name: sensor - E
04-23 23:32:48.316   755  1683 I mm-camera: <MCT   >< INFO> 4933: mct_pipeline_stop_session_thread: Stop module name: isp - E
04-23 23:32:48.316   755  1683 I mm-camera: <ISP   >< INFO> 506: isp_module_stop_session: session id 4
04-23 23:32:48.317   755  1682 I mm-camera: <MCT   >< INFO> 4941: mct_pipeline_stop_session_thread: Stop module name: iface - X
04-23 23:32:48.317   755  1681 I mm-camera: <MCT   >< INFO> 4941: mct_pipeline_stop_session_thread: Stop module name: sensor - X
04-23 23:32:48.318   755  1684 I mm-camera: <MCT   >< INFO> 4933: mct_pipeline_stop_session_thread: Stop module name: stats - E
04-23 23:32:48.318   755  1685 I mm-camera: <MCT   >< INFO> 4933: mct_pipeline_stop_session_thread: Stop module name: pproc - E
04-23 23:32:48.318   755  1683 I mm-camera: <MCT   >< INFO> 4941: mct_pipeline_stop_session_thread: Stop module name: isp - X
04-23 23:32:48.320   755  1685 E mm-camera: <IMGLIB><ERROR> 328: AllocateBuffers: Nothing allocated or already freed!
04-23 23:32:48.320   755  1685 I mm-camera: <MCT   >< INFO> 4941: mct_pipeline_stop_session_thread: Stop module name: pproc - X
04-23 23:32:48.321   755  1686 I mm-camera: <MCT   >< INFO> 4933: mct_pipeline_stop_session_thread: Stop module name: imglib - E
04-23 23:32:48.321   755   755 I mm-camera: <MCT   >< INFO> 5221: mct_pipeline_stop_session: Modules left: 5
04-23 23:32:48.321   755   755 I mm-camera: <MCT   >< INFO> 5221: mct_pipeline_stop_session: Modules left: 4
04-23 23:32:48.321   755   755 I mm-camera: <MCT   >< INFO> 5221: mct_pipeline_stop_session: Modules left: 3
04-23 23:32:48.321   755   755 I mm-camera: <MCT   >< INFO> 5221: mct_pipeline_stop_session: Modules left: 2
04-23 23:32:48.323   755  1684 I mm-camera: <MCT   >< INFO> 4941: mct_pipeline_stop_session_thread: Stop module name: stats - X
04-23 23:32:48.323   755   755 I mm-camera: <MCT   >< INFO> 5221: mct_pipeline_stop_session: Modules left: 1
04-23 23:32:48.323  1194  1194 E GPU-STATS: OpenCL build err = 0x0
04-23 23:32:48.325   755  1686 I mm-camera: <MCT   >< INFO> 4941: mct_pipeline_stop_session_thread: Stop module name: imglib - X
04-23 23:32:48.325   755   755 I mm-camera: <MCT   >< INFO> 5221: mct_pipeline_stop_session: Modules left: 0
04-23 23:32:48.325   755   755 I mm-camera: <MCT   >< INFO> 5231: mct_pipeline_stop_session: Stopped session 4 successfully
04-23 23:32:48.325   755   755 I mm-camera: <MCT   >< INFO> 5531: mct_pipeline_destroy: E: session:4
04-23 23:32:48.325   755   755 E mm-camera: <MCT   ><ERROR> 179: stop_sof_check_thread: Returning as SOF timer thread not yet initialized
04-23 23:32:48.325   755   755 I mm-camera: <MCT   >< INFO> 5608: mct_pipeline_destroy: X: Pipeline destroyed successfully session =4
04-23 23:32:48.325   755   755 I mm-camera: <MCT   >< INFO> 422: mct_controller_destroy: X Successfully closed mct_controller session 4
04-23 23:32:48.325   755   755 E QCamera : <MCI><ERROR> startVsync: 383: ERROR: Display event callbacks is not registered
04-23 23:32:48.325   755   755 I QCamera : <HAL><INFO> closeCamera: 2418: [KPI Perf]: X PROFILE_CLOSE_CAMERA camera id 2, rc: 0
04-23 23:32:48.326   755   755 I QCamera : <HAL><INFO> close_camera_device: 1545: [KPI Perf]: X
04-23 23:32:48.326   755   755 I QCamera : <HAL><INFO> getCameraInfo: 342: Camera id 3 API version 768
04-23 23:32:48.326  1194  1194 W MediaCodecsXmlParser: unable to open media codecs configuration xml file: /data/misc/media/media_codecs_profiling_results.xml
04-23 23:32:48.326  1194  1194 W MediaCodecsXmlParser: parseTopLevelXMLFile(/data/misc/media/media_codecs_profiling_results.xml) failed
04-23 23:32:48.326  1194  1194 I ServiceManagement: Removing namespace from process name android.hardware.media.omx@1.0-service to omx@1.0-service.
04-23 23:32:48.328  1194  1194 I /vendor/bin/hw/android.hardware.media.omx@1.0-service: Treble OMX service created.
04-23 23:32:48.330   755   755 D QCamera : Debug log file is not enabled
04-23 23:32:48.330   755   755 I mm-camera: <MCT   >< INFO> 118: mct_controller_new: Creating new mct_controller with session-id 3
04-23 23:32:48.331   755  1691 I mm-camera: <MCT   >< INFO> 5121: mct_pipeline_start_session_thread: E sensor
04-23 23:32:48.331   755  1691 I mm-camera: <MCT   >< INFO> 5128: mct_pipeline_start_session_thread: Calling start_session on Module sensor
04-23 23:32:48.331   755  1692 I mm-camera: <MCT   >< INFO> 5121: mct_pipeline_start_session_thread: E iface
04-23 23:32:48.331   755  1692 I mm-camera: <MCT   >< INFO> 5128: mct_pipeline_start_session_thread: Calling start_session on Module iface
04-23 23:32:48.332   755  1694 I mm-camera: <MCT   >< INFO> 5121: mct_pipeline_start_session_thread: E isp
04-23 23:32:48.332   755  1694 I mm-camera: <MCT   >< INFO> 5128: mct_pipeline_start_session_thread: Calling start_session on Module isp
04-23 23:32:48.332   755  1694 I mm-camera: <ISP   >< INFO> 210: isp_module_start_session: session id 3 
04-23 23:32:48.332   755  1696 I mm-camera: <MCT   >< INFO> 5121: mct_pipeline_start_session_thread: E stats
04-23 23:32:48.332   755  1696 I mm-camera: <MCT   >< INFO> 5128: mct_pipeline_start_session_thread: Calling start_session on Module stats
04-23 23:32:48.335   755  1698 I mm-camera: <MCT   >< INFO> 5121: mct_pipeline_start_session_thread: E pproc
04-23 23:32:48.335   755  1698 I mm-camera: <MCT   >< INFO> 5128: mct_pipeline_start_session_thread: Calling start_session on Module pproc
04-23 23:32:48.338   755  1692 I mm-camera: <MCT   >< INFO> 5131: mct_pipeline_start_session_thread: Module iface start_session rc = 1
04-23 23:32:48.338   755  1692 I mm-camera: <MCT   >< INFO> 5139: mct_pipeline_start_session_thread: started_num = 1, success = 1
04-23 23:32:48.338   755  1692 I mm-camera: <MCT   >< INFO> 5146: mct_pipeline_start_session_thread: X iface
04-23 23:32:48.338   755  1701 I mm-camera: <MCT   >< INFO> 5121: mct_pipeline_start_session_thread: E imglib
04-23 23:32:48.338   755  1701 I mm-camera: <MCT   >< INFO> 5128: mct_pipeline_start_session_thread: Calling start_session on Module imglib
04-23 23:32:48.339   755  1701 I mm-camera: <MCT   >< INFO> 5131: mct_pipeline_start_session_thread: Module imglib start_session rc = 1
04-23 23:32:48.339   755  1701 I mm-camera: <MCT   >< INFO> 5139: mct_pipeline_start_session_thread: started_num = 2, success = 2
04-23 23:32:48.339   755  1701 I mm-camera: <MCT   >< INFO> 5146: mct_pipeline_start_session_thread: X imglib
04-23 23:32:48.341   755  1694 I mm-camera: <MCT   >< INFO> 5131: mct_pipeline_start_session_thread: Module isp start_session rc = 1
04-23 23:32:48.341   755  1694 I mm-camera: <MCT   >< INFO> 5139: mct_pipeline_start_session_thread: started_num = 3, success = 3
04-23 23:32:48.341   755  1694 I mm-camera: <MCT   >< INFO> 5146: mct_pipeline_start_session_thread: X isp
04-23 23:32:48.341   755  1698 I mm-camera: <MCT   >< INFO> 5131: mct_pipeline_start_session_thread: Module pproc start_session rc = 1
04-23 23:32:48.341   755  1698 I mm-camera: <MCT   >< INFO> 5139: mct_pipeline_start_session_thread: started_num = 4, success = 4
04-23 23:32:48.341   755  1698 I mm-camera: <MCT   >< INFO> 5146: mct_pipeline_start_session_thread: X pproc
04-23 23:32:48.342   755  1696 I mm-camera: <MCT   >< INFO> 5131: mct_pipeline_start_session_thread: Module stats start_session rc = 1
04-23 23:32:48.342   755  1696 I mm-camera: <MCT   >< INFO> 5139: mct_pipeline_start_session_thread: started_num = 5, success = 5
04-23 23:32:48.342   755  1696 I mm-camera: <MCT   >< INFO> 5146: mct_pipeline_start_session_thread: X stats
04-23 23:32:48.342   755  1691 I mm-camera: <MCT   >< INFO> 5131: mct_pipeline_start_session_thread: Module sensor start_session rc = 1
04-23 23:32:48.342   755  1691 I mm-camera: <MCT   >< INFO> 5139: mct_pipeline_start_session_thread: started_num = 6, success = 6
04-23 23:32:48.342   755  1691 I mm-camera: <MCT   >< INFO> 5146: mct_pipeline_start_session_thread: X sensor
04-23 23:32:48.346   755   755 I mm-camera: <MCT   >< INFO> 5042: mct_pipeline_start_stream_internal: Adding session stream streamid= 0xf for session=3
04-23 23:32:48.346   755   755 I mm-camera: <MCT   >< INFO> 5090: mct_pipeline_start_stream_internal: Linking session stream for session 3
04-23 23:32:48.346   755   755 I mm-camera: <MCT   >< INFO> 525: mct_stream_start_link: Start linking Session-stream 0x3000f
04-23 23:32:48.346   755   755 I mm-camera: <IFACE >< INFO> 344: iface_util_find_primary_cid: iface_util_find_primary_cid:344 error cannot find primary sensor format cids 1
04-23 23:32:48.346   755   755 I mm-camera: <ISP   >< INFO> 849: isp_port_check_caps_reserve: port 0xe9c77540 ide 3000f type 10 dim 0 0
04-23 23:32:48.346   755   755 I mm-camera: <PPROC >< INFO> 449: pproc_port_add_modules_to_stream: in identity 3000f stream 10 int_link = 0xe9bf5e00
04-23 23:32:48.346   755   755 I mm-camera: <PPROC >< INFO> 461: pproc_port_add_modules_to_stream: :LINK linking mods tmod and paaf for identity 3000f
04-23 23:32:48.346   755   755 I mm-camera: <PPROC >< INFO> 461: pproc_port_add_modules_to_stream: :LINK linking mods paaf and sat for identity 3000f
04-23 23:32:48.346   755   755 I mm-camera: <PPROC >< INFO> 461: pproc_port_add_modules_to_stream: :LINK linking mods sat and ppeiscore for identity 3000f
04-23 23:32:48.346   755   755 I mm-camera: <PPROC >< INFO> 461: pproc_port_add_modules_to_stream: :LINK linking mods ppeiscore and c2d for identity 3000f
04-23 23:32:48.346   755   755 I mm-camera: <C2D   >< INFO> 1557: c2d_module_notify_add_stream: width 0, height 0, stride 0, scanline 0, is_type 0
04-23 23:32:48.346   755   755 I mm-camera: <PPROC >< INFO> 461: pproc_port_add_modules_to_stream: :LINK linking mods c2d and cpp for identity 3000f
04-23 23:32:48.347   755   755 I mm-camera: <CPP   >< INFO> 2389: cpp_module_notify_add_stream: :stream 10, width 0, height 0, stride 0,scanline 0, framelen 0
04-23 23:32:48.347   755   755 I mm-camera: <CPP   >< INFO> 2546: cpp_module_notify_add_stream: : stream 10, fmt 1, asf_mode 0, sharpness_level 0.000000,asf mask 0, denoise 0, denoise_mask 0, dsdn mask 0,dsdn enable 0, tnr mask 0, tnr enable 0, ds_mask 0, luma dsdn 0
04-23 23:32:48.347   755   755 I mm-camera: <PPROC >< INFO> 461: pproc_port_add_modules_to_stream: :LINK linking mods cpp and rtbdm for identity 3000f
04-23 23:32:48.347   755   755 I mm-camera: <PPROC >< INFO> 461: pproc_port_add_modules_to_stream: :LINK linking mods rtbdm and depth_map for identity 3000f
04-23 23:32:48.347   755   755 I mm-camera: <PPROC >< INFO> 461: pproc_port_add_modules_to_stream: :LINK linking mods depth_map and rtb for identity 3000f
04-23 23:32:48.347   755   755 I mm-camera: <PPROC >< INFO> 461: pproc_port_add_modules_to_stream: :LINK linking mods rtb and ezt for identity 3000f
04-23 23:32:48.347   755   755 I mm-camera: <PPROC >< INFO> 461: pproc_port_add_modules_to_stream: :LINK linking mods ezt and quadracfa for identity 3000f
04-23 23:32:48.348   755   755 E mm-camera: <STATS ><ERROR> 3011: stats_port_check_caps_reserve: Invalid Port capability type!
04-23 23:32:48.348   755   755 I chatty  : uid=1047(cameraserver) provider@2.4-se identical 3 lines
04-23 23:32:48.348   755   755 E mm-camera: <STATS ><ERROR> 3011: stats_port_check_caps_reserve: Invalid Port capability type!
04-23 23:32:48.348   755   755 I mm-camera: <MCT   >< INFO> 5099: mct_pipeline_start_stream_internal: Session stream linked successfully session 3
04-23 23:32:48.349  1299  1407 I LocSvc_api_v02: ---> locClientSendReq line 2102 QMI_LOC_INJECT_APCACHE_DATA_REQ_V02
04-23 23:32:48.350  1297  1391 I LOWI-8.5.0.3.b: [LOWIUtils] inPostcardToRequest - FROM: GTP-FDAL, TO:   LOWI-SERVER, REQ:  LOWI_ASYNC_DISCOVERY_SCAN_RESULTS
04-23 23:32:48.350   755   755 I mm-camera: <MCT   >< INFO> 118: mct_controller_new: Creating new mct_controller with session-id 4
04-23 23:32:48.350  1297  1391 I LOWI-8.5.0.3.b: [LOWIDiagLog] is Logging Enabled for LOWI log code? :0
04-23 23:32:48.350  1299  1414 I LocSvc_ApiV02: <--- globalRespCb line 141 QMI_LOC_INJECT_APCACHE_DATA_REQ_V02
04-23 23:32:48.356   755  1728 I mm-camera: <MCT   >< INFO> 5121: mct_pipeline_start_session_thread: E sensor
04-23 23:32:48.356   755  1728 I mm-camera: <MCT   >< INFO> 5128: mct_pipeline_start_session_thread: Calling start_session on Module sensor
04-23 23:32:48.356   755  1729 I mm-camera: <MCT   >< INFO> 5121: mct_pipeline_start_session_thread: E iface
04-23 23:32:48.356   755  1729 I mm-camera: <MCT   >< INFO> 5128: mct_pipeline_start_session_thread: Calling start_session on Module iface
04-23 23:32:48.356   755  1731 I mm-camera: <MCT   >< INFO> 5121: mct_pipeline_start_session_thread: E isp
04-23 23:32:48.356   755  1731 I mm-camera: <MCT   >< INFO> 5128: mct_pipeline_start_session_thread: Calling start_session on Module isp
04-23 23:32:48.356   755  1731 I mm-camera: <ISP   >< INFO> 210: isp_module_start_session: session id 4 
04-23 23:32:48.357   755  1732 I mm-camera: <MCT   >< INFO> 5121: mct_pipeline_start_session_thread: E stats
04-23 23:32:48.357   755  1732 I mm-camera: <MCT   >< INFO> 5128: mct_pipeline_start_session_thread: Calling start_session on Module stats
04-23 23:32:48.357   755  1729 I mm-camera: <MCT   >< INFO> 5131: mct_pipeline_start_session_thread: Module iface start_session rc = 1
04-23 23:32:48.357   755  1729 I mm-camera: <MCT   >< INFO> 5139: mct_pipeline_start_session_thread: started_num = 1, success = 1
04-23 23:32:48.357   755  1729 I mm-camera: <MCT   >< INFO> 5146: mct_pipeline_start_session_thread: X iface
04-23 23:32:48.358   755  1735 I mm-camera: <MCT   >< INFO> 5121: mct_pipeline_start_session_thread: E pproc
04-23 23:32:48.358   755  1735 I mm-camera: <MCT   >< INFO> 5128: mct_pipeline_start_session_thread: Calling start_session on Module pproc
04-23 23:32:48.358   755  1737 I mm-camera: <MCT   >< INFO> 5121: mct_pipeline_start_session_thread: E imglib
04-23 23:32:48.359   755  1737 I mm-camera: <MCT   >< INFO> 5128: mct_pipeline_start_session_thread: Calling start_session on Module imglib
04-23 23:32:48.359   755  1737 I mm-camera: <MCT   >< INFO> 5131: mct_pipeline_start_session_thread: Module imglib start_session rc = 1
04-23 23:32:48.359   755  1737 I mm-camera: <MCT   >< INFO> 5139: mct_pipeline_start_session_thread: started_num = 2, success = 2
04-23 23:32:48.359   755  1737 I mm-camera: <MCT   >< INFO> 5146: mct_pipeline_start_session_thread: X imglib
04-23 23:32:48.359   755  1731 I mm-camera: <MCT   >< INFO> 5131: mct_pipeline_start_session_thread: Module isp start_session rc = 1
04-23 23:32:48.359   755  1731 I mm-camera: <MCT   >< INFO> 5139: mct_pipeline_start_session_thread: started_num = 3, success = 3
04-23 23:32:48.359   755  1731 I mm-camera: <MCT   >< INFO> 5146: mct_pipeline_start_session_thread: X isp
04-23 23:32:48.359   755  1735 I mm-camera: <MCT   >< INFO> 5131: mct_pipeline_start_session_thread: Module pproc start_session rc = 1
04-23 23:32:48.359   755  1735 I mm-camera: <MCT   >< INFO> 5139: mct_pipeline_start_session_thread: started_num = 4, success = 4
04-23 23:32:48.359   755  1735 I mm-camera: <MCT   >< INFO> 5146: mct_pipeline_start_session_thread: X pproc
04-23 23:32:48.361   755  1732 I mm-camera: <MCT   >< INFO> 5131: mct_pipeline_start_session_thread: Module stats start_session rc = 1
04-23 23:32:48.361   755  1732 I mm-camera: <MCT   >< INFO> 5139: mct_pipeline_start_session_thread: started_num = 5, success = 5
04-23 23:32:48.361   755  1732 I mm-camera: <MCT   >< INFO> 5146: mct_pipeline_start_session_thread: X stats
04-23 23:32:48.400  1300  1430 W slim_daemon: Waited one second for android.frameworks.sensorservice@1.0::ISensorManager/default. Waiting another...
04-23 23:32:48.404   755  1728 I mm-camera: <MCT   >< INFO> 5131: mct_pipeline_start_session_thread: Module sensor start_session rc = 1
04-23 23:32:48.404   755  1728 I mm-camera: <MCT   >< INFO> 5139: mct_pipeline_start_session_thread: started_num = 6, success = 6
04-23 23:32:48.404   755  1728 I mm-camera: <MCT   >< INFO> 5146: mct_pipeline_start_session_thread: X sensor
04-23 23:32:48.406   753  1528 E platform_info: param tag only supported with CONFIG_PARAMS section
04-23 23:32:48.406   753  1528 I chatty  : uid=1041(audioserver) HwBinder:753_1 identical 5 lines
04-23 23:32:48.406   753  1528 E platform_info: param tag only supported with CONFIG_PARAMS section
04-23 23:32:48.406   753  1528 D ACDB-LOADER: ACDB -> already initialized, exit
04-23 23:32:48.407   753  1528 D msm8916_platform: ACDB initialized
04-23 23:32:48.407   753  1528 D msm8916_platform: hw_util_open Opening device /dev/snd/hwC0D1000
04-23 23:32:48.407   753  1528 D msm8916_platform: hw_util_open success
04-23 23:32:48.407   753  1528 D ACDB-LOADER: ACDB -> ACDB_CMD_GET_ANC_SETTING
04-23 23:32:48.407   753  1528 D         : Failed to fetch the lookup information of the device 0000001A 
04-23 23:32:48.407   753  1528 E ACDB-LOADER: Error: ACDB ANC returned = -19
04-23 23:32:48.407   753  1528 D ACDB-LOADER: ACDB -> ACDB_CMD_GET_ANC_SETTING
04-23 23:32:48.407   753  1528 D ACDB-LOADER: send_wcd9xxx_anc_cal: anc_version = 1
04-23 23:32:48.407   753  1528 D anc_map : convert_anc_acdb_to_reg:enter, ancch  0, input device   0
04-23 23:32:48.407   753  1528 D anc_map : convert_anc_acdb_to_reg:enter, ancch  1, input device   7
04-23 23:32:48.407   753  1528 D anc_map : Setwcd9xxxANC_IIRCoeffs:enter
04-23 23:32:48.407   753  1528 D anc_map : Setwcd9xxxANC_IIRCoeffs:leave
04-23 23:32:48.407   753  1528 D anc_map : Setwcd9xxxANC_LPFShift:enter
04-23 23:32:48.407   753  1528 D anc_map : Setwcd9xxxANC_LPFShift:leave
04-23 23:32:48.407   753  1528 D anc_map : convert_anc_acdb_to_reg:leave
04-23 23:32:48.407   753  1528 D ACDB-LOADER: ACDB -> ACDB_CMD_GET_ANC_SETTING
04-23 23:32:48.407   753  1528 D         : Failed to fetch the lookup information of the device 0000001B 
04-23 23:32:48.408   753  1528 E ACDB-LOADER: Error: ACDB ANC returned = -19
04-23 23:32:48.408   753  1528 D ACDB-LOADER: ACDB -> ACDB_CMD_GET_ANC_SETTING
04-23 23:32:48.408   753  1528 D ACDB-LOADER: send_wcd9xxx_anc_cal: anc_version = 1
04-23 23:32:48.408   753  1528 D anc_map : convert_anc_acdb_to_reg:enter, ancch  0, input device   0
04-23 23:32:48.408   753  1528 D anc_map : convert_anc_acdb_to_reg:enter, ancch  1, input device   7
04-23 23:32:48.408   753  1528 D anc_map : Setwcd9xxxANC_IIRCoeffs:enter
04-23 23:32:48.408   753  1528 D anc_map : Setwcd9xxxANC_IIRCoeffs:leave
04-23 23:32:48.408   753  1528 D anc_map : Setwcd9xxxANC_LPFShift:enter
04-23 23:32:48.408   753  1528 D anc_map : Setwcd9xxxANC_LPFShift:leave
04-23 23:32:48.408   753  1528 D anc_map : convert_anc_acdb_to_reg:leave
04-23 23:32:48.408   753  1528 D ACDB-LOADER: ACDB -> ACDB_CMD_GET_ANC_SETTING
04-23 23:32:48.408   753  1528 D         : Failed to fetch the lookup information of the device 0000001C 
04-23 23:32:48.408   753  1528 E ACDB-LOADER: Error: ACDB ANC returned = -19
04-23 23:32:48.408   753  1528 D ACDB-LOADER: ACDB -> ACDB_CMD_GET_ANC_SETTING
04-23 23:32:48.408   753  1528 D ACDB-LOADER: send_wcd9xxx_anc_cal: anc_version = 1
04-23 23:32:48.408   753  1528 D anc_map : convert_anc_acdb_to_reg:enter, ancch  0, input device   0
04-23 23:32:48.408   753  1528 D anc_map : convert_anc_acdb_to_reg:enter, ancch  1, input device   7
04-23 23:32:48.408   753  1528 D anc_map : Setwcd9xxxANC_IIRCoeffs:enter
04-23 23:32:48.408   753  1528 D anc_map : Setwcd9xxxANC_IIRCoeffs:leave
04-23 23:32:48.408   753  1528 D anc_map : Setwcd9xxxANC_LPFShift:enter
04-23 23:32:48.408   753  1528 D anc_map : Setwcd9xxxANC_LPFShift:leave
04-23 23:32:48.408   753  1528 D anc_map : convert_anc_acdb_to_reg:leave
04-23 23:32:48.408   753  1528 D ACDB-LOADER: ACDB -> ACDB_CMD_GET_ANC_SETTING
04-23 23:32:48.408   753  1528 D         : Failed to fetch the lookup information of the device 0000001D 
04-23 23:32:48.408   753  1528 E ACDB-LOADER: Error: ACDB ANC returned = -19
04-23 23:32:48.408   753  1528 D ACDB-LOADER: ACDB -> ACDB_CMD_GET_ANC_SETTING
04-23 23:32:48.408   753  1528 D ACDB-LOADER: send_wcd9xxx_anc_cal: anc_version = 1
04-23 23:32:48.408   753  1528 D anc_map : convert_anc_acdb_to_reg:enter, ancch  0, input device   0
04-23 23:32:48.408   753  1528 D anc_map : convert_anc_acdb_to_reg:enter, ancch  1, input device   7
04-23 23:32:48.408   753  1528 D anc_map : Setwcd9xxxANC_IIRCoeffs:enter
04-23 23:32:48.408   753  1528 D anc_map : Setwcd9xxxANC_IIRCoeffs:leave
04-23 23:32:48.408   753  1528 D anc_map : Setwcd9xxxANC_LPFShift:enter
04-23 23:32:48.408   753  1528 D anc_map : Setwcd9xxxANC_LPFShift:leave
04-23 23:32:48.408   753  1528 D anc_map : convert_anc_acdb_to_reg:leave
04-23 23:32:48.408   753  1528 D ACDB-LOADER: ACDB -> ACDB_CMD_GET_ANC_SETTING
04-23 23:32:48.408   753  1528 D         : Failed to fetch the lookup information of the device 0000001E 
04-23 23:32:48.408   753  1528 E ACDB-LOADER: Error: ACDB ANC returned = -19
04-23 23:32:48.408   753  1528 D ACDB-LOADER: ACDB -> ACDB_CMD_GET_ANC_SETTING
04-23 23:32:48.408   753  1528 D ACDB-LOADER: send_wcd9xxx_anc_cal: anc_version = 1
04-23 23:32:48.408   753  1528 D anc_map : convert_anc_acdb_to_reg:enter, ancch  0, input device   0
04-23 23:32:48.408   753  1528 D anc_map : convert_anc_acdb_to_reg:enter, ancch  1, input device   4
04-23 23:32:48.408   753  1528 D anc_map : Setwcd9xxxANC_IIRCoeffs:enter
04-23 23:32:48.408   753  1528 D anc_map : Setwcd9xxxANC_IIRCoeffs:leave
04-23 23:32:48.408   753  1528 D anc_map : Setwcd9xxxANC_LPFShift:enter
04-23 23:32:48.408   753  1528 D anc_map : Setwcd9xxxANC_LPFShift:leave
04-23 23:32:48.408   753  1528 D anc_map : convert_anc_acdb_to_reg:leave
04-23 23:32:48.408   753  1528 D ACDB-LOADER: ACDB -> ACDB_CMD_GET_ANC_SETTING
04-23 23:32:48.408   753  1528 D         : Failed to fetch the lookup information of the device 0000001F 
04-23 23:32:48.408   753  1528 E ACDB-LOADER: Error: ACDB ANC returned = -19
04-23 23:32:48.408   753  1528 D ACDB-LOADER: ACDB -> ACDB_CMD_GET_ANC_SETTING
04-23 23:32:48.408   753  1528 D ACDB-LOADER: send_wcd9xxx_anc_cal: anc_version = 1
04-23 23:32:48.408   753  1528 D anc_map : convert_anc_acdb_to_reg:enter, ancch  0, input device   0
04-23 23:32:48.408   753  1528 D anc_map : convert_anc_acdb_to_reg:enter, ancch  1, input device   4
04-23 23:32:48.408   753  1528 D anc_map : Setwcd9xxxANC_IIRCoeffs:enter
04-23 23:32:48.408   753  1528 D anc_map : Setwcd9xxxANC_IIRCoeffs:leave
04-23 23:32:48.408   753  1528 D anc_map : Setwcd9xxxANC_LPFShift:enter
04-23 23:32:48.408   753  1528 D anc_map : Setwcd9xxxANC_LPFShift:leave
04-23 23:32:48.408   753  1528 D anc_map : convert_anc_acdb_to_reg:leave
04-23 23:32:48.408   753  1528 D ACDB-LOADER: ACDB -> ACDB_CMD_GET_ANC_SETTING
04-23 23:32:48.408   753  1528 D         : Failed to fetch the lookup information of the device 00000067 
04-23 23:32:48.408   753  1528 E ACDB-LOADER: Error: ACDB ANC returned = -19
04-23 23:32:48.408   753  1528 D ACDB-LOADER: ACDB -> ACDB_CMD_GET_ANC_SETTING
04-23 23:32:48.408   753  1528 D ACDB-LOADER: send_wcd9xxx_anc_cal: anc_version = 1
04-23 23:32:48.408   753  1528 D anc_map : convert_anc_acdb_to_reg:enter, ancch  0, input device   0
04-23 23:32:48.408   753  1528 D anc_map : convert_anc_acdb_to_reg:enter, ancch  1, input device   4
04-23 23:32:48.408   753  1528 D anc_map : Setwcd9xxxANC_IIRCoeffs:enter
04-23 23:32:48.408   753  1528 D anc_map : Setwcd9xxxANC_IIRCoeffs:leave
04-23 23:32:48.408   753  1528 D anc_map : Setwcd9xxxANC_LPFShift:enter
04-23 23:32:48.408   753  1528 D anc_map : Setwcd9xxxANC_LPFShift:leave
04-23 23:32:48.408   753  1528 D anc_map : convert_anc_acdb_to_reg:leave
04-23 23:32:48.408   753  1528 D ACDB-LOADER: ACDB -> ACDB_CMD_GET_ANC_SETTING
04-23 23:32:48.408   753  1528 D         : Failed to fetch the lookup information of the device 00000056 
04-23 23:32:48.408   753  1528 E ACDB-LOADER: Error: ACDB ANC returned = -19
04-23 23:32:48.408   753  1528 D ACDB-LOADER: ACDB -> ACDB_CMD_GET_ANC_SETTING
04-23 23:32:48.408   753  1528 D ACDB-LOADER: send_wcd9xxx_anc_cal: anc_version = 1
04-23 23:32:48.408   753  1528 D anc_map : convert_anc_acdb_to_reg:enter, ancch  0, input device   0
04-23 23:32:48.408   753  1528 D anc_map : convert_anc_acdb_to_reg:enter, ancch  1, input device   4
04-23 23:32:48.408   753  1528 D anc_map : Setwcd9xxxANC_IIRCoeffs:enter
04-23 23:32:48.408   753  1528 D anc_map : Setwcd9xxxANC_IIRCoeffs:leave
04-23 23:32:48.408   753  1528 D anc_map : Setwcd9xxxANC_LPFShift:enter
04-23 23:32:48.408   753  1528 D anc_map : Setwcd9xxxANC_LPFShift:leave
04-23 23:32:48.408   753  1528 D anc_map : convert_anc_acdb_to_reg:leave
