--------- beginning of system
01-01 00:02:41.994   291   291 I vold    : Vold 3.0 (the awakening) firing up
01-01 00:02:41.995   291   291 V vold    : Detected support for: ext4 f2fs vfat
01-01 00:02:42.024   291   295 D vold    : e4crypt_init_user0
01-01 00:02:42.025   291   295 D vold    : e4crypt_prepare_user_storage for volume null, user 0, serial 0, flags 1
01-01 00:02:42.025   291   295 D vold    : Preparing: /data/system/users/0
01-01 00:02:42.025   291   295 D vold    : Preparing: /data/misc/profiles/cur/0
01-01 00:02:42.026   291   295 D vold    : Preparing: /data/system_de/0
01-01 00:02:42.026   291   295 D vold    : Preparing: /data/misc_de/0
01-01 00:02:42.027   291   295 D vold    : Preparing: /data/user_de/0
01-01 00:02:42.027   291   295 D vold    : e4crypt_unlock_user_key 0 serial=0 token_present=0
01-01 00:02:42.027   291   295 E vold    : Failed to chmod /data/system_ce/0: No such file or directory
01-01 00:02:42.027   291   295 E vold    : Failed to chmod /data/misc_ce/0: No such file or directory
01-01 00:02:42.027   291   295 E vold    : Failed to chmod /data/media/0: No such file or directory
01-01 00:02:42.095   291   293 V vold    : /system/bin/sgdisk
01-01 00:02:42.095   291   293 V vold    :     --android-dump
01-01 00:02:42.095   291   293 V vold    :     /dev/block/vold/disk:179,64
01-01 00:02:42.325   291   293 V vold    : DISK mbr
01-01 00:02:42.325   291   293 V vold    : 
01-01 00:02:42.325   291   293 V vold    : PART 1 6
01-01 00:02:42.326   291   293 V vold    : 
01-01 00:02:45.609   401   401 I irsc_util: Starting irsc tool
01-01 00:02:45.855   401   401 I irsc_util: Num of entries:292
01-01 00:02:45.874   401   401 I irsc_util: Ending irsc tool
01-01 00:02:46.131   392   392 I android.hardware.wifi@1.0-service: Wifi Hal is booting up...
01-01 00:02:47.778   467   467 I installd: installd firing up
01-01 00:02:47.778   467   467 D installd: Assuming that device has multi-user storage layout; upgrade no longer supported
01-01 00:02:47.779   467   467 D installd: Upgrading to /data/misc/user directories
01-01 00:02:47.790   447   512 I QISL    : QSEE Interrupt Service Listener Thread is started
01-01 00:02:47.792   447   512 I QISL    : QSEE Interrupt Service Listener was activated successfully
01-01 00:02:48.887   475   475 I wificond: wificond is starting up...
01-01 00:02:48.887   475   475 I wificond: InitializeIcuOrDie...
01-01 00:02:48.986   475   475 I wificond: InitializeIcuOrDie finished...
01-01 00:02:48.988   475   475 I wificond: wifigbk_init...
01-01 00:02:49.618   475   475 E wificond: Failed to get wiphy indices
01-01 00:02:53.530   299   299 D Zygote32Timing: BeginIcuCachePinning took to complete: 213ms
01-01 00:02:55.553   474   646 E /system/bin/storaged: getService package_native failed
01-01 00:02:55.570   474   646 I /system/bin/storaged: storaged: Start
01-01 00:02:56.859   299   299 D Zygote32Timing: PreloadClasses took to complete: 3329ms
01-01 00:02:57.316   299   299 D Zygote32Timing: PreloadResources took to complete: 458ms
01-01 00:02:57.634   299   299 D Zygote32Timing: ZygotePreload took to complete: 4325ms
01-01 00:02:57.771   299   299 D Zygote32Timing: PostZygoteInitGC took to complete: 137ms
01-01 00:02:57.771   299   299 D Zygote32Timing: ZygoteInit took to complete: 4488ms
01-01 00:02:58.189  1114  1114 I chatty  : uid=1000 system_server expire 80 lines
01-01 00:02:58.865  1114  1393 I chatty  : uid=1000 system_server expire 5 lines
01-01 00:02:59.034  1114  1397 I chatty  : uid=1000(system) ActivityManager expire 1 line
01-01 00:02:59.036  1114  1398 I chatty  : uid=1000(system) android.ui expire 1 line
01-01 00:02:59.114  1114  1401 I chatty  : uid=1000(system) batterystats-wo expire 3 lines
01-01 00:02:59.395  1114  1407 I chatty  : uid=1000(system) android.display expire 3 lines
01-01 00:02:59.424  1114  1410 I chatty  : uid=1000(system) PowerManagerSer expire 1 line
01-01 00:02:59.604  1114  1408 I chatty  : uid=1000(system) CpuTracker expire 1 line
01-01 00:02:59.725  1114  1472 I chatty  : uid=1000 system_server expire 1 line
01-01 00:02:59.920  1114  1511 I chatty  : uid=1000 system_server expire 1 line
01-01 00:03:00.747  1114  1558 I chatty  : uid=1000 system_server expire 1 line
01-01 00:03:00.750  1114  1556 I chatty  : uid=1000 system_server expire 1 line
01-01 00:03:00.858  1114  1559 I chatty  : uid=1000 system_server expire 4 lines
01-01 00:03:01.250  1114  1114 I chatty  : uid=1000 system_server expire 81 lines
01-01 00:03:01.278  1114  1560 I chatty  : uid=1000 system_server expire 4 lines
01-01 00:03:01.401  1114  1558 I chatty  : uid=1000 system_server expire 3 lines
01-01 00:03:01.473  1114  1556 I chatty  : uid=1000 system_server expire 1 line
01-01 00:03:03.554  1114  1943 I chatty  : uid=1000 system_server expire 4 lines
01-01 00:03:03.629  1114  1942 I chatty  : uid=1000 system_server expire 5 lines
01-01 00:03:03.971  1114  1941 I chatty  : uid=1000 system_server expire 1 line
01-01 00:03:04.396  1114  1940 I chatty  : uid=1000 system_server expire 2 lines
01-01 00:03:04.770  1114  1114 I chatty  : uid=1000 system_server expire 104 lines
01-01 00:03:10.625  1114  2853 I chatty  : uid=1000 system_server expire 2 lines
01-01 00:03:11.634  1114  2855 I chatty  : uid=1000(system) android.anim expire 1 line
01-01 00:03:11.667  1114  2856 I chatty  : uid=1000 system_server expire 2 lines
01-01 00:03:11.669  1114  2857 I chatty  : uid=1000 system_server expire 3 lines
01-01 00:03:11.854  1114  1401 I chatty  : uid=1000(system) batterystats-wo expire 3 lines
01-01 00:03:12.053  1114  1393 I chatty  : uid=1000 system_server expire 9 lines
01-01 00:03:12.733  1114  1114 I chatty  : uid=1000 system_server expire 62 lines
01-01 00:03:13.277  1114  1407 I chatty  : uid=1000(system) android.display expire 1 line
01-01 00:03:13.463  1114  1398 I chatty  : uid=1000(system) android.ui expire 1 line
01-01 00:03:13.474  1114  2857 I chatty  : uid=1000 system_server expire 3 lines
01-01 00:03:13.694  1114  1396 I chatty  : uid=1000(system) android.bg expire 5 lines
01-01 00:03:13.711  1114  2875 I chatty  : uid=1000(system) InputDispatcher expire 2 lines
01-01 00:03:13.763  1114  2877 I chatty  : uid=1000(system) StorageManagerS expire 9 lines
01-01 00:03:13.846  1114  2879 I chatty  : uid=1000(system) CryptdConnector expire 1 line
01-01 00:03:13.864  1114  2878 I chatty  : uid=1000(system) VoldConnector expire 2 lines
01-01 00:03:48.611  1114  2853 I chatty  : uid=1000 system_server expire 3 lines
01-01 00:04:47.280  1114  1114 I chatty  : uid=1000 system_server expire 79 lines
01-01 00:04:47.381  1114  2856 I chatty  : uid=1000 system_server expire 4 lines
01-01 00:04:47.548  1114  3384 I chatty  : uid=1000(system) NetdConnector expire 1 line
01-01 00:04:47.701  1114  3388 I chatty  : uid=1000(system) tworkPolicy.uid expire 1 line
01-01 00:04:48.332   475   475 E wificond: Failed to get wiphy indices
01-01 00:04:48.604  1114  1114 I chatty  : uid=1000 system_server expire 83 lines
01-01 00:04:49.069  1114  2857 I chatty  : uid=1000 system_server expire 2 lines
01-01 00:04:49.101  1114  1114 I chatty  : uid=1000 system_server expire 75 lines
01-01 00:04:49.188  1114  3407 I chatty  : uid=1000(system) CameraService_p expire 1 line
01-01 00:04:49.492  1114  3395 I chatty  : uid=1000(system) ConnectivitySer expire 1 line
01-01 00:04:49.614  1114  1410 I chatty  : uid=1000(system) PowerManagerSer expire 1 line
01-01 00:04:49.640   291   294 D vold    : Remounting 1001 as mode none
01-01 00:04:49.662   291   294 D vold    : Found matching PID 478
01-01 00:04:49.662   291   294 W vold    : Skipping due to root namespace
01-01 00:04:49.663   291   294 D vold    : Found matching PID 600
01-01 00:04:49.663   291   294 W vold    : Skipping due to root namespace
01-01 00:04:49.663   291   294 D vold    : Found matching PID 641
01-01 00:04:49.663   291   294 W vold    : Skipping due to root namespace
01-01 00:04:49.663   291   294 D vold    : Found matching PID 648
01-01 00:04:49.663   291   294 W vold    : Skipping due to root namespace
01-01 00:04:49.664  1114  2878 I chatty  : uid=1000(system) VoldConnector expire 34 lines
01-01 00:04:49.667   291   294 D vold    : Remounting 1001 as mode none
01-01 00:04:49.686   291   294 D vold    : Found matching PID 478
01-01 00:04:49.686   291   294 W vold    : Skipping due to root namespace
01-01 00:04:49.686   291   294 D vold    : Found matching PID 600
01-01 00:04:49.686   291   294 W vold    : Skipping due to root namespace
01-01 00:04:49.687   291   294 D vold    : Found matching PID 641
01-01 00:04:49.687   291   294 W vold    : Skipping due to root namespace
01-01 00:04:49.687   291   294 D vold    : Found matching PID 648
01-01 00:04:49.687   291   294 W vold    : Skipping due to root namespace
01-01 00:04:49.697   291   294 D vold    : Remounting 1002 as mode none
01-01 00:04:49.712   291   294 D vold    : Found matching PID 381
01-01 00:04:49.713   291   294 W vold    : Skipping due to root namespace
01-01 00:04:49.719   291   294 D vold    : Remounting 1002 as mode none
01-01 00:04:49.734   291   294 D vold    : Found matching PID 381
01-01 00:04:49.734   291   294 W vold    : Skipping due to root namespace
01-01 00:04:49.745   291   294 D vold    : Remounting 1000 as mode none
01-01 00:04:49.760   291   294 D vold    : Found matching PID 279
01-01 00:04:49.761   291   294 W vold    : Skipping due to root namespace
01-01 00:04:49.761   291   294 D vold    : Found matching PID 280
01-01 00:04:49.761   291   294 W vold    : Skipping due to root namespace
01-01 00:04:49.761   291   294 D vold    : Found matching PID 281
01-01 00:04:49.761   291   294 W vold    : Skipping due to root namespace
01-01 00:04:49.761   291   294 D vold    : Found matching PID 289
01-01 00:04:49.761   291   294 W vold    : Skipping due to root namespace
01-01 00:04:49.761   291   294 D vold    : Found matching PID 290
01-01 00:04:49.762   291   294 W vold    : Skipping due to root namespace
01-01 00:04:49.762   291   294 D vold    : Found matching PID 380
01-01 00:04:49.762   291   294 W vold    : Skipping due to root namespace
01-01 00:04:49.762   291   294 D vold    : Found matching PID 384
01-01 00:04:49.762   291   294 W vold    : Skipping due to root namespace
01-01 00:04:49.763   291   294 D vold    : Found matching PID 385
01-01 00:04:49.763   291   294 W vold    : Skipping due to root namespace
01-01 00:04:49.763   291   294 D vold    : Found matching PID 386
01-01 00:04:49.763   291   294 W vold    : Skipping due to root namespace
01-01 00:04:49.763   291   294 D vold    : Found matching PID 387
01-01 00:04:49.763   291   294 W vold    : Skipping due to root namespace
01-01 00:04:49.763   291   294 D vold    : Found matching PID 388
01-01 00:04:49.763   291   294 W vold    : Skipping due to root namespace
01-01 00:04:49.764   291   294 D vold    : Found matching PID 389
01-01 00:04:49.764   291   294 W vold    : Skipping due to root namespace
01-01 00:04:49.764   291   294 D vold    : Found matching PID 390
01-01 00:04:49.764   291   294 W vold    : Skipping due to root namespace
01-01 00:04:49.764   291   294 D vold    : Found matching PID 391
01-01 00:04:49.764   291   294 W vold    : Skipping due to root namespace
01-01 00:04:49.764   291   294 D vold    : Found matching PID 393
01-01 00:04:49.764   291   294 W vold    : Skipping due to root namespace
01-01 00:04:49.765   291   294 D vold    : Found matching PID 394
01-01 00:04:49.765   291   294 W vold    : Skipping due to root namespace
01-01 00:04:49.765   291   294 D vold    : Found matching PID 396
01-01 00:04:49.765   291   294 W vold    : Skipping due to root namespace
01-01 00:04:49.765   291   294 D vold    : Found matching PID 398
01-01 00:04:49.765   291   294 W vold    : Skipping due to root namespace
01-01 00:04:49.765   291   294 D vold    : Found matching PID 406
01-01 00:04:49.766   291   294 W vold    : Skipping due to root namespace
01-01 00:04:49.766   291   294 D vold    : Found matching PID 407
01-01 00:04:49.766   291   294 W vold    : Skipping due to root namespace
01-01 00:04:49.766   291   294 D vold    : Found matching PID 411
01-01 00:04:49.766   291   294 W vold    : Skipping due to root namespace
01-01 00:04:49.767   291   294 D vold    : Found matching PID 447
01-01 00:04:49.767   291   294 W vold    : Skipping due to root namespace
01-01 00:04:49.767   291   294 D vold    : Found matching PID 455
01-01 00:04:49.767   291   294 W vold    : Skipping due to root namespace
01-01 00:04:49.767   291   294 D vold    : Found matching PID 458
01-01 00:04:49.767   291   294 W vold    : Skipping due to root namespace
01-01 00:04:49.767   291   294 D vold    : Found matching PID 460
01-01 00:04:49.767   291   294 W vold    : Skipping due to root namespace
01-01 00:04:49.768   291   294 D vold    : Found matching PID 462
01-01 00:04:49.768   291   294 W vold    : Skipping due to root namespace
01-01 00:04:49.769   291   294 D vold    : Found matching PID 493
01-01 00:04:49.769   291   294 W vold    : Skipping due to root namespace
01-01 00:04:49.769   291   294 D vold    : Found matching PID 589
01-01 00:04:49.769   291   294 W vold    : Skipping due to root namespace
01-01 00:04:49.770   291   294 D vold    : Found matching PID 615
01-01 00:04:49.770   291   294 W vold    : Skipping due to root namespace
01-01 00:04:49.770   291   294 D vold    : Found matching PID 1114
01-01 00:04:49.778   291   294 D vold    : Remounting 1000 as mode none
01-01 00:04:49.793   291   294 D vold    : Found matching PID 279
01-01 00:04:49.794   291   294 W vold    : Skipping due to root namespace
01-01 00:04:49.794   291   294 D vold    : Found matching PID 280
01-01 00:04:49.794   291   294 W vold    : Skipping due to root namespace
01-01 00:04:49.794   291   294 D vold    : Found matching PID 281
01-01 00:04:49.794   291   294 W vold    : Skipping due to root namespace
01-01 00:04:49.794   291   294 D vold    : Found matching PID 289
01-01 00:04:49.794   291   294 W vold    : Skipping due to root namespace
01-01 00:04:49.794   291   294 D vold    : Found matching PID 290
01-01 00:04:49.794   291   294 W vold    : Skipping due to root namespace
01-01 00:04:49.795   291   294 D vold    : Found matching PID 380
01-01 00:04:49.795   291   294 W vold    : Skipping due to root namespace
01-01 00:04:49.795   291   294 D vold    : Found matching PID 384
01-01 00:04:49.795   291   294 W vold    : Skipping due to root namespace
01-01 00:04:49.795   291   294 D vold    : Found matching PID 385
01-01 00:04:49.795   291   294 W vold    : Skipping due to root namespace
01-01 00:04:49.795   291   294 D vold    : Found matching PID 386
01-01 00:04:49.796   291   294 W vold    : Skipping due to root namespace
01-01 00:04:49.796   291   294 D vold    : Found matching PID 387
01-01 00:04:49.796   291   294 W vold    : Skipping due to root namespace
01-01 00:04:49.796   291   294 D vold    : Found matching PID 388
01-01 00:04:49.796   291   294 W vold    : Skipping due to root namespace
01-01 00:04:49.796   291   294 D vold    : Found matching PID 389
01-01 00:04:49.796   291   294 W vold    : Skipping due to root namespace
01-01 00:04:49.796   291   294 D vold    : Found matching PID 390
01-01 00:04:49.796   291   294 W vold    : Skipping due to root namespace
01-01 00:04:49.796   291   294 D vold    : Found matching PID 391
01-01 00:04:49.796   291   294 W vold    : Skipping due to root namespace
01-01 00:04:49.796   291   294 D vold    : Found matching PID 393
01-01 00:04:49.797   291   294 W vold    : Skipping due to root namespace
01-01 00:04:49.797   291   294 D vold    : Found matching PID 394
01-01 00:04:49.797   291   294 W vold    : Skipping due to root namespace
01-01 00:04:49.797   291   294 D vold    : Found matching PID 396
01-01 00:04:49.797   291   294 W vold    : Skipping due to root namespace
01-01 00:04:49.797   291   294 D vold    : Found matching PID 398
01-01 00:04:49.797   291   294 W vold    : Skipping due to root namespace
01-01 00:04:49.797   291   294 D vold    : Found matching PID 406
01-01 00:04:49.797   291   294 W vold    : Skipping due to root namespace
01-01 00:04:49.797   291   294 D vold    : Found matching PID 407
01-01 00:04:49.798   291   294 W vold    : Skipping due to root namespace
01-01 00:04:49.798   291   294 D vold    : Found matching PID 411
01-01 00:04:49.798   291   294 W vold    : Skipping due to root namespace
01-01 00:04:49.798   291   294 D vold    : Found matching PID 447
01-01 00:04:49.798   291   294 W vold    : Skipping due to root namespace
01-01 00:04:49.798   291   294 D vold    : Found matching PID 455
01-01 00:04:49.798   291   294 W vold    : Skipping due to root namespace
01-01 00:04:49.799   291   294 D vold    : Found matching PID 458
01-01 00:04:49.799   291   294 W vold    : Skipping due to root namespace
01-01 00:04:49.799   291   294 D vold    : Found matching PID 460
01-01 00:04:49.799   291   294 W vold    : Skipping due to root namespace
01-01 00:04:49.799   291   294 D vold    : Found matching PID 462
01-01 00:04:49.800   291   294 W vold    : Skipping due to root namespace
01-01 00:04:49.800   291   294 D vold    : Found matching PID 493
01-01 00:04:49.800   291   294 W vold    : Skipping due to root namespace
01-01 00:04:49.801   291   294 D vold    : Found matching PID 589
01-01 00:04:49.801   291   294 W vold    : Skipping due to root namespace
01-01 00:04:49.801   291   294 D vold    : Found matching PID 615
01-01 00:04:49.801   291   294 W vold    : Skipping due to root namespace
01-01 00:04:49.801   291   294 D vold    : Found matching PID 1114
01-01 00:04:49.827  1114  1114 I chatty  : uid=1000 system_server expire 40 lines
01-01 00:04:49.827   291   294 D vold    : Remounting 2000 as mode none
01-01 00:04:49.845   291   294 D vold    : Found matching PID 440
01-01 00:04:49.845   291   294 W vold    : Skipping due to root namespace
01-01 00:04:49.846   291   294 D vold    : Found matching PID 453
01-01 00:04:49.846   291   294 W vold    : Skipping due to root namespace
01-01 00:04:49.850   291   294 D vold    : Remounting 2000 as mode none
01-01 00:04:49.867   291   294 D vold    : Found matching PID 440
01-01 00:04:49.867   291   294 W vold    : Skipping due to root namespace
01-01 00:04:49.867   291   294 D vold    : Found matching PID 453
01-01 00:04:49.867   291   294 W vold    : Skipping due to root namespace
01-01 00:04:49.874   291   294 D vold    : Remounting 10029 as mode none
01-01 00:04:49.895   291   294 D vold    : Remounting 10029 as mode none
01-01 00:04:50.028   291   294 D vold    : Remounting 10019 as mode none
01-01 00:04:50.059   291   294 D vold    : Remounting 10039 as mode none
01-01 00:04:50.081   291   294 D vold    : Remounting 10039 as mode none
01-01 00:04:50.103   291   294 D vold    : Remounting 10007 as mode none
01-01 00:04:50.124   291   294 D vold    : Remounting 10007 as mode none
01-01 00:04:50.147   291   294 D vold    : Remounting 10012 as mode none
01-01 00:04:50.169   291   294 D vold    : Remounting 10012 as mode none
01-01 00:04:50.205   291   294 D vold    : Remounting 10016 as mode none
01-01 00:04:50.226   291   294 D vold    : Remounting 10016 as mode none
01-01 00:04:50.252   291   294 D vold    : Remounting 10004 as mode none
01-01 00:04:50.274   291   294 D vold    : Remounting 10004 as mode none
01-01 00:04:50.310   291   294 D vold    : Remounting 10052 as mode none
01-01 00:04:50.332   291   294 D vold    : Remounting 10052 as mode none
01-01 00:04:50.358   291   294 D vold    : Remounting 10028 as mode none
01-01 00:04:50.379   291   294 D vold    : Remounting 10028 as mode none
01-01 00:04:50.454  1114  1406 I chatty  : uid=1000(system) android.io expire 4 lines
01-01 00:04:50.887  1114  2877 I chatty  : uid=1000(system) StorageManagerS expire 5 lines
01-01 00:04:50.889   291   295 D vold    : e4crypt_unlock_user_key 0 serial=0 token_present=0
01-01 00:04:50.889   291   295 E vold    : Failed to chmod /data/system_ce/0: No such file or directory
01-01 00:04:50.889   291   295 E vold    : Failed to chmod /data/misc_ce/0: No such file or directory
01-01 00:04:50.907   291   295 E vold    : Failed to chmod /data/media/0: No such file or directory
01-01 00:04:50.908  1114  2879 I chatty  : uid=1000(system) CryptdConnector expire 1 line
01-01 00:04:50.913   291   294 V vold    : /system/bin/sgdisk
01-01 00:04:50.913   291   294 V vold    :     --android-dump
01-01 00:04:50.913   291   294 V vold    :     /dev/block/vold/disk:179,64
01-01 00:04:50.915  1114  1405 I chatty  : uid=1000(system) android.fg expire 1 line
01-01 00:04:50.921  1114  1397 I chatty  : uid=1000(system) ActivityManager expire 1 line
01-01 00:04:50.923  1114  2878 I chatty  : uid=1000(system) VoldConnector expire 7 lines
01-01 00:04:50.967  1114  1114 I chatty  : uid=1000 system_server expire 57 lines
01-01 00:04:50.981  1114  1406 I chatty  : uid=1000(system) android.io expire 1 line
01-01 00:04:50.981  1114  3403 I chatty  : uid=1000(system) AudioService expire 1 line
01-01 00:04:51.018  1114  1393 I chatty  : uid=1000 system_server expire 10 lines
01-01 00:04:51.130   291   294 V vold    : DISK mbr
01-01 00:04:51.130   291   294 V vold    : 
01-01 00:04:51.130   291   294 V vold    : PART 1 6
01-01 00:04:51.130   291   294 V vold    : 
01-01 00:04:51.176  1114  2877 I chatty  : uid=1000(system) StorageManagerS expire 3 lines
01-01 00:04:51.250  1114  1393 I chatty  : uid=1000 system_server expire 1 line
01-01 00:04:51.250   291   294 V vold    : Waiting for FUSE to spin up...
01-01 00:04:51.251  1114  2878 I chatty  : uid=1000(system) VoldConnector expire 9 lines
01-01 00:04:51.301   291   294 V vold    : Waiting for FUSE to spin up...
01-01 00:04:51.330  1114  1406 I chatty  : uid=1000(system) android.io expire 1 line
01-01 00:04:51.335  1114  1114 I chatty  : uid=1000 system_server expire 61 lines
01-01 00:04:51.351   291   294 V vold    : Waiting for FUSE to spin up...
01-01 00:04:51.354  1114  1401 I chatty  : uid=1000(system) batterystats-wo expire 2 lines
01-01 00:04:51.397  1114  3387 I chatty  : uid=1000(system) NetworkPolicy expire 1 line
01-01 00:04:51.401   291   294 V vold    : Waiting for FUSE to spin up...
01-01 00:04:51.455   291   294 V vold    : /system/bin/blkid
01-01 00:04:51.455   291   294 V vold    :     -c
01-01 00:04:51.455   291   294 V vold    :     /dev/null
01-01 00:04:51.455   291   294 V vold    :     -s
01-01 00:04:51.455   291   294 V vold    :     TYPE
01-01 00:04:51.455   291   294 V vold    :     -s
01-01 00:04:51.455   291   294 V vold    :     UUID
01-01 00:04:51.455   291   294 V vold    :     -s
01-01 00:04:51.455   291   294 V vold    :     LABEL
01-01 00:04:51.455   291   294 V vold    :     /dev/block/vold/public:179,65
01-01 00:04:51.750   291   294 V vold    : /dev/block/vold/public:179,65: UUID="A659-1263" TYPE="vfat" 
01-01 00:04:51.750   291   294 V vold    : 
01-01 00:04:51.752   291   294 V vold    : /system/bin/fsck_msdos
01-01 00:04:51.752   291   294 V vold    :     -p
01-01 00:04:51.752   291   294 V vold    :     -f
01-01 00:04:51.753   291   294 V vold    :     /dev/block/vold/public:179,65
01-01 00:04:52.936  1114  1125 I chatty  : uid=1000(system) Binder:1114_1 expire 3 lines
01-01 00:04:52.962  1114  1397 I chatty  : uid=1000(system) ActivityManager expire 4 lines
01-01 00:04:53.004  1114  1396 I chatty  : uid=1000(system) android.bg expire 2 lines
01-01 00:04:53.031  1114  1398 I chatty  : uid=1000(system) android.ui expire 2 lines
01-01 00:04:53.061  1114  1114 I chatty  : uid=1000 system_server expire 38 lines
01-01 00:04:53.350  3456  3456 D SystemUIBootTiming: StartServicesDependency took to complete: 264ms
01-01 00:04:53.459  1114  1406 I chatty  : uid=1000(system) android.io expire 7 lines
01-01 00:04:53.609  3456  3456 D SystemUIBootTiming: StartServicesNotificationChannels took to complete: 259ms
01-01 00:04:53.633   291   294 I Vold    : Filesystem check completed OK
01-01 00:04:53.634  1114  2878 I chatty  : uid=1000(system) VoldConnector expire 4 lines
01-01 00:04:53.665  3433  3749 E ActivityThread: Failed to find provider info for user_dictionary
01-01 00:04:53.694  1114  2582 I chatty  : uid=1000(system) Binder:1114_3 expire 1 line
01-01 00:04:53.705   291   294 V vold    : Waiting for FUSE to spin up...
01-01 00:04:53.715  3456  3456 D SystemUIBootTiming: StartServicesCommandQueueStart took to complete: 53ms
01-01 00:04:53.755   291   294 V vold    : Waiting for FUSE to spin up...
01-01 00:04:53.806   291   294 V vold    : Waiting for FUSE to spin up...
01-01 00:04:53.846  1114  3766 I chatty  : uid=1000(system) BluetoothRouteM expire 1 line
01-01 00:04:53.857   291   294 V vold    : Waiting for FUSE to spin up...
01-01 00:04:53.909  1114  2877 I chatty  : uid=1000(system) StorageManagerS expire 1 line
01-01 00:04:53.986  1114  3729 I chatty  : uid=1000(system) Binder:1114_9 expire 2 lines
01-01 00:04:54.066  1114  3767 I chatty  : uid=1000(system) uteStateMachine expire 1 line
01-01 00:04:54.118  1114  3768 I chatty  : uid=1000(system) CallAudioModeSt expire 1 line
01-01 00:04:54.411  3456  3456 D SystemUIBootTiming: StartServicesKeyguardViewMediator took to complete: 683ms
01-01 00:04:54.891  1114  3401 I chatty  : uid=1000(system) onProviders.ECP expire 2 lines
01-01 00:04:54.933  1114  3451 I chatty  : uid=1000(system) Binder:1114_4 expire 1 line
01-01 00:04:55.125  3433  3749 E ActivityThread: Failed to find provider info for user_dictionary
01-01 00:04:55.504  3456  3456 D SystemUIBootTiming: StartServicesRecents took to complete: 1083ms
01-01 00:04:56.176  1114  1407 I chatty  : uid=1000(system) android.display expire 1 line
01-01 00:04:56.404  3456  3456 D SystemUIBootTiming: StartServicesVolumeUI took to complete: 900ms
01-01 00:04:56.469  3456  3456 D SystemUIBootTiming: StartServicesDivider took to complete: 65ms
01-01 00:04:56.692  1114  1401 I chatty  : uid=1000(system) batterystats-wo expire 5 lines
01-01 00:04:56.860  1114  3729 I chatty  : uid=1000(system) Binder:1114_9 expire 4 lines
01-01 00:04:56.896  1114  1405 I chatty  : uid=1000(system) android.fg expire 2 lines
01-01 00:04:57.451  3456  3456 I StatusBar: isKeyguardShowing() called before startKeyguard(), returning true
01-01 00:04:57.456  3456  3456 W StatusBar: isKeyguardSecure() called before startKeyguard(), returning false
01-01 00:04:57.456  3456  3456 W StatusBar: java.lang.Throwable
01-01 00:04:57.456  3456  3456 W StatusBar: 	at com.android.systemui.statusbar.phone.StatusBar.isKeyguardSecure(StatusBar.java:7551)
01-01 00:04:57.456  3456  3456 W StatusBar: 	at com.android.systemui.statusbar.phone.StatusBar.isCameraAllowedByAdmin(StatusBar.java:5436)
01-01 00:04:57.456  3456  3456 W StatusBar: 	at com.android.systemui.statusbar.phone.KeyguardBottomAreaView$DefaultRightButton.getIcon(KeyguardBottomAreaView.java:861)
01-01 00:04:57.456  3456  3456 W StatusBar: 	at com.android.systemui.statusbar.phone.KeyguardBottomAreaView.updateCameraVisibility(KeyguardBottomAreaView.java:387)
01-01 00:04:57.456  3456  3456 W StatusBar: 	at com.android.systemui.statusbar.phone.KeyguardBottomAreaView.setStatusBar(KeyguardBottomAreaView.java:356)
01-01 00:04:57.456  3456  3456 W StatusBar: 	at com.android.systemui.statusbar.phone.NotificationPanelView.setStatusBar(NotificationPanelView.java:252)
01-01 00:04:57.456  3456  3456 W StatusBar: 	at com.android.systemui.statusbar.phone.StatusBar.makeStatusBarView(StatusBar.java:1019)
01-01 00:04:57.456  3456  3456 W StatusBar: 	at com.android.systemui.statusbar.phone.StatusBar.addStatusBarWindow(StatusBar.java:3664)
01-01 00:04:57.456  3456  3456 W StatusBar: 	at com.android.systemui.statusbar.phone.StatusBar.createAndAddWindows(StatusBar.java:3660)
01-01 00:04:57.456  3456  3456 W StatusBar: 	at com.android.systemui.statusbar.phone.StatusBar.start(StatusBar.java:889)
01-01 00:04:57.456  3456  3456 W StatusBar: 	at com.android.systemui.SystemBars.createStatusBarFromConfig(SystemBars.java:71)
01-01 00:04:57.456  3456  3456 W StatusBar: 	at com.android.systemui.SystemBars.start(SystemBars.java:42)
01-01 00:04:57.456  3456  3456 W StatusBar: 	at com.android.systemui.SystemUIApplication.startServicesIfNeeded(SystemUIApplication.java:215)
01-01 00:04:57.456  3456  3456 W StatusBar: 	at com.android.systemui.SystemUIApplication.startServicesIfNeeded(SystemUIApplication.java:164)
01-01 00:04:57.456  3456  3456 W StatusBar: 	at com.android.systemui.SystemUIService.onCreate(SystemUIService.java:33)
01-01 00:04:57.456  3456  3456 W StatusBar: 	at android.app.ActivityThread.handleCreateService(ActivityThread.java:3342)
01-01 00:04:57.456  3456  3456 W StatusBar: 	at android.app.ActivityThread.-wrap4(Unknown Source:0)
01-01 00:04:57.456  3456  3456 W StatusBar: 	at android.app.ActivityThread$H.handleMessage(ActivityThread.java:1680)
01-01 00:04:57.456  3456  3456 W StatusBar: 	at android.os.Handler.dispatchMessage(Handler.java:106)
01-01 00:04:57.456  3456  3456 W StatusBar: 	at android.os.Looper.loop(Looper.java:164)
01-01 00:04:57.456  3456  3456 W StatusBar: 	at android.app.ActivityThread.main(ActivityThread.java:6518)
01-01 00:04:57.456  3456  3456 W StatusBar: 	at java.lang.reflect.Method.invoke(Native Method)
01-01 00:04:57.456  3456  3456 W StatusBar: 	at com.android.internal.os.RuntimeInit$MethodAndArgsCaller.run(RuntimeInit.java:438)
01-01 00:04:57.456  3456  3456 W StatusBar: 	at com.android.internal.os.ZygoteInit.main(ZygoteInit.java:807)
01-01 00:04:57.558  3456  3456 I StatusBar: isKeyguardShowing() called before startKeyguard(), returning true
01-01 00:04:57.560  3456  3456 W StatusBar: isKeyguardSecure() called before startKeyguard(), returning false
01-01 00:04:57.560  3456  3456 W StatusBar: java.lang.Throwable
01-01 00:04:57.560  3456  3456 W StatusBar: 	at com.android.systemui.statusbar.phone.StatusBar.isKeyguardSecure(StatusBar.java:7551)
01-01 00:04:57.560  3456  3456 W StatusBar: 	at com.android.systemui.statusbar.phone.StatusBar.isCameraAllowedByAdmin(StatusBar.java:5436)
01-01 00:04:57.560  3456  3456 W StatusBar: 	at com.android.systemui.statusbar.phone.KeyguardBottomAreaView$DefaultRightButton.getIcon(KeyguardBottomAreaView.java:861)
01-01 00:04:57.560  3456  3456 W StatusBar: 	at com.android.systemui.statusbar.phone.KeyguardBottomAreaView.updateCameraVisibility(KeyguardBottomAreaView.java:387)
01-01 00:04:57.560  3456  3456 W StatusBar: 	at com.android.systemui.statusbar.phone.KeyguardBottomAreaView.setUserSetupComplete(KeyguardBottomAreaView.java:365)
01-01 00:04:57.560  3456  3456 W StatusBar: 	at com.android.systemui.statusbar.phone.NotificationPanelView.setUserSetupComplete(NotificationPanelView.java:2661)
01-01 00:04:57.560  3456  3456 W StatusBar: 	at com.android.systemui.statusbar.phone.StatusBar.makeStatusBarView(StatusBar.java:1162)
01-01 00:04:57.560  3456  3456 W StatusBar: 	at com.android.systemui.statusbar.phone.StatusBar.addStatusBarWindow(StatusBar.java:3664)
01-01 00:04:57.560  3456  3456 W StatusBar: 	at com.android.systemui.statusbar.phone.StatusBar.createAndAddWindows(StatusBar.java:3660)
01-01 00:04:57.560  3456  3456 W StatusBar: 	at com.android.systemui.statusbar.phone.StatusBar.start(StatusBar.java:889)
01-01 00:04:57.560  3456  3456 W StatusBar: 	at com.android.systemui.SystemBars.createStatusBarFromConfig(SystemBars.java:71)
01-01 00:04:57.560  3456  3456 W StatusBar: 	at com.android.systemui.SystemBars.start(SystemBars.java:42)
01-01 00:04:57.560  3456  3456 W StatusBar: 	at com.android.systemui.SystemUIApplication.startServicesIfNeeded(SystemUIApplication.java:215)
01-01 00:04:57.560  3456  3456 W StatusBar: 	at com.android.systemui.SystemUIApplication.startServicesIfNeeded(SystemUIApplication.java:164)
01-01 00:04:57.560  3456  3456 W StatusBar: 	at com.android.systemui.SystemUIService.onCreate(SystemUIService.java:33)
01-01 00:04:57.560  3456  3456 W StatusBar: 	at android.app.ActivityThread.handleCreateService(ActivityThread.java:3342)
01-01 00:04:57.560  3456  3456 W StatusBar: 	at android.app.ActivityThread.-wrap4(Unknown Source:0)
01-01 00:04:57.560  3456  3456 W StatusBar: 	at android.app.ActivityThread$H.handleMessage(ActivityThread.java:1680)
01-01 00:04:57.560  3456  3456 W StatusBar: 	at android.os.Handler.dispatchMessage(Handler.java:106)
01-01 00:04:57.560  3456  3456 W StatusBar: 	at android.os.Looper.loop(Looper.java:164)
01-01 00:04:57.560  3456  3456 W StatusBar: 	at android.app.ActivityThread.main(ActivityThread.java:6518)
01-01 00:04:57.560  3456  3456 W StatusBar: 	at java.lang.reflect.Method.invoke(Native Method)
01-01 00:04:57.560  3456  3456 W StatusBar: 	at com.android.internal.os.RuntimeInit$MethodAndArgsCaller.run(RuntimeInit.java:438)
01-01 00:04:57.560  3456  3456 W StatusBar: 	at com.android.internal.os.ZygoteInit.main(ZygoteInit.java:807)
01-01 00:04:57.654  1114  1406 I chatty  : uid=1000(system) android.io expire 2 lines
01-01 00:04:57.937  3456  3866 E ActivityThread: Failed to find provider info for com.android.contacts
01-01 00:04:57.938  3456  3456 D SystemUIBootTiming: StartServicesSystemBars took to complete: 1469ms
01-01 00:04:58.017  3456  3456 D SystemUIBootTiming: StartServicesStorageNotification took to complete: 79ms
01-01 00:04:58.043  1114  1125 I chatty  : uid=1000(system) Binder:1114_1 expire 12 lines
01-01 00:04:58.044  3456  3456 D SystemUIBootTiming: StartServicesPowerUI took to complete: 27ms
01-01 00:04:58.051  3456  3456 D SystemUIBootTiming: StartServicesRingtonePlayer took to complete: 6ms
01-01 00:04:58.053  3456  3456 D SystemUIBootTiming: StartServicesKeyboardUI took to complete: 2ms
01-01 00:04:58.054  3456  3456 D SystemUIBootTiming: StartServicesPipUI took to complete: 1ms
01-01 00:04:58.058  3456  3456 D SystemUIBootTiming: StartServicesShortcutKeyDispatcher took to complete: 4ms
01-01 00:04:58.058  3456  3456 D SystemUIBootTiming: StartServicesVendorServices took to complete: 0ms
01-01 00:04:58.060  3456  3456 D SystemUIBootTiming: StartServicesService took to complete: 1ms
01-01 00:04:58.062  3456  3456 D SystemUIBootTiming: StartServicesLatencyTester took to complete: 1ms
01-01 00:04:58.074  3456  3456 D SystemUIBootTiming: StartServicesGlobalActionsComponent took to complete: 11ms
01-01 00:04:58.075  3456  3456 D SystemUIBootTiming: StartServicesRoundedCorners took to complete: 0ms
01-01 00:04:58.075  3456  3456 D SystemUIBootTiming: StartServices took to complete: 4996ms
01-01 00:04:58.407  3456  3857 E ActivityThread: Failed to find provider info for com.android.contacts
01-01 00:04:58.463  3456  3868 E ActivityThread: Failed to find provider info for com.android.contacts
01-01 00:04:58.796  1114  3389 I chatty  : uid=1000(system) WifiService expire 1 line
01-01 00:05:00.388  1114  1398 I chatty  : uid=1000(system) android.ui expire 5 lines
01-01 00:05:01.222  1114  1407 I chatty  : uid=1000(system) android.display expire 15 lines
01-01 00:05:02.016   291   295 D vold    : e4crypt_prepare_user_storage for volume null, user 0, serial 0, flags 2
01-01 00:05:02.017   291   295 D vold    : Preparing: /data/system_ce/0
01-01 00:05:02.018   291   295 D vold    : Preparing: /data/misc_ce/0
01-01 00:05:02.021   291   295 D vold    : Preparing: /data/media/0
01-01 00:05:02.025   291   295 D vold    : Preparing: /data/data
01-01 00:05:02.030  1114  2879 I chatty  : uid=1000(system) CryptdConnector expire 1 line
01-01 00:05:04.451  1114  1397 I chatty  : uid=1000(system) ActivityManager expire 18 lines
01-01 00:05:04.595   291   294 D vold    : Linking /storage/emulated/0 to /mnt/user/0/primary
01-01 00:05:04.596  1114  2878 I chatty  : uid=1000(system) VoldConnector expire 1 line
01-01 00:05:04.607  1114  2877 I chatty  : uid=1000(system) StorageManagerS expire 2 lines
01-01 00:05:04.843  1114  1114 I chatty  : uid=1000 system_server expire 10 lines
01-01 00:05:05.110  1114  3395 I chatty  : uid=1000(system) ConnectivitySer expire 2 lines
01-01 00:05:05.747  1114  3656 I chatty  : uid=1000(system) Binder:1114_6 expire 3 lines
01-01 00:05:05.749  1114  4011 I chatty  : uid=1000(system) backup expire 2 lines
01-01 00:05:06.384  1114  1396 I chatty  : uid=1000(system) android.bg expire 5 lines
01-01 00:05:06.457  1114  1397 I chatty  : uid=1000(system) ActivityManager expire 10 lines
01-01 00:05:06.458  1114  1398 I chatty  : uid=1000(system) android.ui expire 8 lines
01-01 00:05:06.941  1114  1114 I chatty  : uid=1000 system_server expire 6 lines
01-01 00:05:07.030  1114  3656 I chatty  : uid=1000(system) Binder:1114_6 expire 4 lines
01-01 00:05:07.418  3626  3626 D SystemConfig: Removed unavailable feature android.hardware.vulkan.level
01-01 00:05:07.418  3626  3626 D SystemConfig: Removed unavailable feature android.hardware.vulkan.version
01-01 00:05:07.418  3626  3626 D SystemConfig: Removed unavailable feature android.hardware.vulkan.compute
01-01 00:05:07.525  1114  3653 I chatty  : uid=1000(system) Binder:1114_5 expire 14 lines
01-01 00:05:07.680  1114  3729 I chatty  : uid=1000(system) Binder:1114_9 expire 1 line
01-01 00:05:07.761  1114  3395 I chatty  : uid=1000(system) ConnectivitySer expire 2 lines
01-01 00:05:08.386  3589  3589 W ContextImpl: Calling a method in the system process without a qualified user: android.app.ContextImpl.startService:1476 android.content.ContextWrapper.startService:650 android.content.ContextWrapper.startService:650 com.qualcomm.qti.uceShimService.RCSReceiver.onReceive:41 android.app.ActivityThread.handleReceiver:3190 
01-01 00:05:09.027  1114  1406 I chatty  : uid=1000(system) android.io expire 1 line
01-01 00:05:09.094  1114  1125 I chatty  : uid=1000(system) Binder:1114_1 expire 20 lines
01-01 00:05:09.528  3626  3626 I TelecomFramework: TtyManager: updateUiTtyMode -1 -> 0
01-01 00:05:11.362  1114  4238 I chatty  : uid=1000(system) IzatProvider expire 7 lines
--------- beginning of crash
01-01 00:05:11.764  4266  4266 E AndroidRuntime: FATAL EXCEPTION: main
01-01 00:05:11.764  4266  4266 E AndroidRuntime: Process: com.qualcomm.location.XT, PID: 4266
01-01 00:05:11.764  4266  4266 E AndroidRuntime: java.lang.NoClassDefFoundError: Failed resolution of: Lcom/qti/izat/XTProxy;
01-01 00:05:11.764  4266  4266 E AndroidRuntime: 	at com.qualcomm.location.XT.XTSrv.onCreate(XTSrv.java:111)
01-01 00:05:11.764  4266  4266 E AndroidRuntime: 	at android.app.ActivityThread.handleCreateService(ActivityThread.java:3342)
01-01 00:05:11.764  4266  4266 E AndroidRuntime: 	at android.app.ActivityThread.-wrap4(Unknown Source:0)
01-01 00:05:11.764  4266  4266 E AndroidRuntime: 	at android.app.ActivityThread$H.handleMessage(ActivityThread.java:1680)
01-01 00:05:11.764  4266  4266 E AndroidRuntime: 	at android.os.Handler.dispatchMessage(Handler.java:106)
01-01 00:05:11.764  4266  4266 E AndroidRuntime: 	at android.os.Looper.loop(Looper.java:164)
01-01 00:05:11.764  4266  4266 E AndroidRuntime: 	at android.app.ActivityThread.main(ActivityThread.java:6518)
01-01 00:05:11.764  4266  4266 E AndroidRuntime: 	at java.lang.reflect.Method.invoke(Native Method)
01-01 00:05:11.764  4266  4266 E AndroidRuntime: 	at com.android.internal.os.RuntimeInit$MethodAndArgsCaller.run(RuntimeInit.java:438)
01-01 00:05:11.764  4266  4266 E AndroidRuntime: 	at com.android.internal.os.ZygoteInit.main(ZygoteInit.java:807)
01-01 00:05:11.764  4266  4266 E AndroidRuntime: Caused by: java.lang.ClassNotFoundException: Didn't find class "com.qti.izat.XTProxy" on path: DexPathList[[zip file "/system/priv-app/xtra_t_app/xtra_t_app.apk"],nativeLibraryDirectories=[/system/priv-app/xtra_t_app/lib/arm, /system/fake-libs, /system/priv-app/xtra_t_app/xtra_t_app.apk!/lib/armeabi-v7a, /system/lib, /vendor/lib, /system/lib, /vendor/lib]]
01-01 00:05:11.764  4266  4266 E AndroidRuntime: 	at dalvik.system.BaseDexClassLoader.findClass(BaseDexClassLoader.java:125)
01-01 00:05:11.764  4266  4266 E AndroidRuntime: 	at java.lang.ClassLoader.loadClass(ClassLoader.java:379)
01-01 00:05:11.764  4266  4266 E AndroidRuntime: 	at java.lang.ClassLoader.loadClass(ClassLoader.java:312)
01-01 00:05:11.764  4266  4266 E AndroidRuntime: 	... 10 more
01-01 00:05:11.793  1114  3451 I chatty  : uid=1000(system) Binder:1114_4 expire 28 lines
01-01 00:05:14.870  1114  2582 I chatty  : uid=1000(system) Binder:1114_3 expire 10 lines
01-01 00:05:15.084  1114  1396 I chatty  : uid=1000(system) android.bg expire 3 lines
01-01 00:05:15.104  1114  1398 I chatty  : uid=1000(system) android.ui expire 1 line
01-01 00:05:15.316  1114  1125 I chatty  : uid=1000(system) Binder:1114_1 expire 33 lines
01-01 00:05:15.638  1114  2878 I chatty  : uid=1000(system) VoldConnector expire 2 lines
01-01 00:05:15.777  1114  3729 I chatty  : uid=1000(system) Binder:1114_9 expire 9 lines
01-01 00:05:15.805  4362  4362 E ActivityThread: Failed to find provider info for com.android.email.provider
01-01 00:05:16.001  3626  3626 I TelecomFramework: AccountEntry: Registered phoneAccount: [[ ] PhoneAccount: ComponentInfo{com.android.phone/com.android.services.telephony.TelephonyConnectionService}, [e0184adedf913b076626646d3f52c3b49c39ad6d], UserHandle{0} Capabilities: CallProvider EmergOnly MultiUser PlaceEmerg SimSub  Audio Routes: BESW Schemes: tel voicemail  Extras: Bundle[{android.telecom.extra.SUPPORTS_VIDEO_CALLING_FALLBACK=false}] GroupId: [da39a3ee5e6b4b0d3255bfef95601890afd80709]] with handle: ComponentInfo{com.android.phone/com.android.services.telephony.TelephonyConnectionService}, [e0184adedf913b076626646d3f52c3b49c39ad6d], UserHandle{0}
01-01 00:05:16.041  3626  3626 I TelecomFramework: PstnIncomingCallNotifier: Registering: Handler (com.qualcomm.qti.internal.telephony.QtiGsmCdmaPhone) {2dfeb3b}
01-01 00:05:16.351  4165  4165 I MediaUpgradeReceiver: ---> Start upgrade of media database external.db
01-01 00:05:16.722  4165  4165 I MediaUpgradeReceiver: <--- Finished upgrade of media database external.db in 372ms
01-01 00:05:16.724  3626  3626 I TelecomFramework: PstnPhoneCapabilitiesNotifier: handleVideoCapabilitesChanged. Video capability - false
01-01 00:05:17.344  1114  4399 I chatty  : uid=1000 system_server expire 3 lines
01-01 00:05:17.440  4060  4060 W ContextImpl: Calling a method in the system process without a qualified user: android.app.ContextImpl.startService:1476 android.content.ContextWrapper.startService:650 android.content.ContextWrapper.startService:650 com.qualcomm.qti.services.secureui.BootReceiver.onReceive:30 android.app.ActivityThread.handleReceiver:3190 
01-01 00:05:18.158  1114  1114 I chatty  : uid=1000 system_server expire 9 lines
01-01 00:05:19.756  4430  4430 W ContextImpl: Calling a method in the system process without a qualified user: android.app.ContextImpl.startService:1476 android.content.ContextWrapper.startService:650 android.content.ContextWrapper.startService:650 com.qti.diagservices.Diag_OnBoot.onReceive:47 android.app.ActivityThread.handleReceiver:3190 
01-01 00:05:24.388  1114  2582 I chatty  : uid=1000(system) Binder:1114_3 expire 8 lines
01-01 00:05:25.760  1114  3729 I chatty  : uid=1000(system) Binder:1114_9 expire 24 lines
01-01 00:05:26.085  4604  4621 E ActivityThread: Failed to find provider info for com.android.launcher2.settings
01-01 00:05:26.459  1114  1397 I chatty  : uid=1000(system) ActivityManager expire 5 lines
01-01 00:05:26.528  1114  3451 I chatty  : uid=1000(system) Binder:1114_4 expire 19 lines
01-01 00:05:30.888  1114  1396 I chatty  : uid=1000(system) android.bg expire 5 lines
01-01 00:05:34.408  1114  3653 I chatty  : uid=1000(system) Binder:1114_5 expire 11 lines
01-01 00:05:34.620  3589  3589 W ContextImpl: Calling a method in the system process without a qualified user: android.app.ContextImpl.startService:1476 android.content.ContextWrapper.startService:650 android.content.ContextWrapper.startService:650 com.qualcomm.qti.uceShimService.RCSReceiver.onReceive:41 android.app.ActivityThread.handleReceiver:3190 
01-01 00:05:34.638  1114  2855 I chatty  : uid=1000(system) android.anim expire 1 line
01-01 00:05:35.075  1114  1406 I chatty  : uid=1000(system) android.io expire 2 lines
01-01 00:05:35.758  1114  4603 I chatty  : uid=1000(system) Binder:1114_A expire 2 lines
01-01 00:05:41.040  1114  3726 I chatty  : uid=1000(system) Binder:1114_8 expire 5 lines
01-01 00:05:42.076  3769  4699 E ActivityThread: Failed to find provider info for com.qti.smq.qualcommFeedback.provider
01-01 00:05:42.699  1114  3451 I chatty  : uid=1000(system) Binder:1114_4 expire 14 lines
01-01 00:05:44.561  1114  1401 I chatty  : uid=1000(system) batterystats-wo expire 6 lines
01-01 00:05:46.093  1114  1114 I chatty  : uid=1000 system_server expire 4 lines
01-01 00:05:46.110  1114  1396 I chatty  : uid=1000(system) android.bg expire 5 lines
01-01 00:06:26.995  1114  1425 I chatty  : uid=1000(system) PackageManager expire 12 lines
01-01 00:06:36.741  1114  1398 I chatty  : uid=1000(system) android.ui expire 3 lines
01-01 00:06:36.859  1114  3729 I chatty  : uid=1000(system) Binder:1114_9 expire 7 lines
01-01 00:06:37.261  1114  3653 I chatty  : uid=1000(system) Binder:1114_5 expire 4 lines
01-01 00:06:37.383  1114  1397 I chatty  : uid=1000(system) ActivityManager expire 1 line
01-01 00:06:37.648  1114  3656 I chatty  : uid=1000(system) Binder:1114_6 expire 3 lines
01-01 00:06:46.578  1114  1410 I chatty  : uid=1000(system) PowerManagerSer expire 9 lines
01-01 00:06:46.797  1114  1407 I chatty  : uid=1000(system) android.display expire 2 lines
01-01 00:06:47.238  1114  1405 I chatty  : uid=1000(system) android.fg expire 5 lines
01-01 00:06:51.918   291   295 D VoldCryptCmdListener: cryptfs getpw
01-01 00:06:51.925  1114  2879 I chatty  : uid=1000(system) CryptdConnector expire 2 lines
01-01 00:06:51.944  1114  3451 I chatty  : uid=1000(system) Binder:1114_4 expire 1 line
01-01 00:06:51.947   291   295 D VoldCryptCmdListener: cryptfs clearpw
01-01 00:06:52.105  3456  3456 V KeyguardStatusView: refresh statusview showing:true
01-01 00:06:52.129  3456  3456 V KeyguardDisplayManager: show
01-01 00:07:11.948  1114  2876 I chatty  : uid=1000(system) InputReader expire 1 line
01-01 00:07:15.246  3456  3456 V KeyguardDisplayManager: hide
01-01 00:07:21.931  4920  4920 E AndroidRuntime: FATAL EXCEPTION: main
01-01 00:07:21.931  4920  4920 E AndroidRuntime: Process: com.nfp.update, PID: 4920
01-01 00:07:21.931  4920  4920 E AndroidRuntime: java.lang.RuntimeException: Unable to start activity ComponentInfo{com.nfp.update/com.nfp.update.LocalUpdate}: java.lang.NullPointerException: Attempt to invoke direct method 'boolean android.os.RecoverySystem.setupBcb(java.lang.String)' on a null object reference
01-01 00:07:21.931  4920  4920 E AndroidRuntime: 	at android.app.ActivityThread.performLaunchActivity(ActivityThread.java:2781)
01-01 00:07:21.931  4920  4920 E AndroidRuntime: 	at android.app.ActivityThread.handleLaunchActivity(ActivityThread.java:2859)
01-01 00:07:21.931  4920  4920 E AndroidRuntime: 	at android.app.ActivityThread.-wrap11(Unknown Source:0)
01-01 00:07:21.931  4920  4920 E AndroidRuntime: 	at android.app.ActivityThread$H.handleMessage(ActivityThread.java:1592)
01-01 00:07:21.931  4920  4920 E AndroidRuntime: 	at android.os.Handler.dispatchMessage(Handler.java:106)
01-01 00:07:21.931  4920  4920 E AndroidRuntime: 	at android.os.Looper.loop(Looper.java:164)
01-01 00:07:21.931  4920  4920 E AndroidRuntime: 	at android.app.ActivityThread.main(ActivityThread.java:6518)
01-01 00:07:21.931  4920  4920 E AndroidRuntime: 	at java.lang.reflect.Method.invoke(Native Method)
01-01 00:07:21.931  4920  4920 E AndroidRuntime: 	at com.android.internal.os.RuntimeInit$MethodAndArgsCaller.run(RuntimeInit.java:438)
01-01 00:07:21.931  4920  4920 E AndroidRuntime: 	at com.android.internal.os.ZygoteInit.main(ZygoteInit.java:807)
01-01 00:07:21.931  4920  4920 E AndroidRuntime: Caused by: java.lang.NullPointerException: Attempt to invoke direct method 'boolean android.os.RecoverySystem.setupBcb(java.lang.String)' on a null object reference
01-01 00:07:21.931  4920  4920 E AndroidRuntime: 	at android.os.RecoverySystem.installPackage(RecoverySystem.java:590)
01-01 00:07:21.931  4920  4920 E AndroidRuntime: 	at android.os.RecoverySystem.installPackage(RecoverySystem.java:514)
01-01 00:07:21.931  4920  4920 E AndroidRuntime: 	at com.nfp.update.LocalUpdate.onCreate(LocalUpdate.java:52)
01-01 00:07:21.931  4920  4920 E AndroidRuntime: 	at android.app.Activity.performCreate(Activity.java:7023)
01-01 00:07:21.931  4920  4920 E AndroidRuntime: 	at android.app.Activity.performCreate(Activity.java:7014)
01-01 00:07:21.931  4920  4920 E AndroidRuntime: 	at android.app.Instrumentation.callActivityOnCreate(Instrumentation.java:1215)
01-01 00:07:21.931  4920  4920 E AndroidRuntime: 	at android.app.ActivityThread.performLaunchActivity(ActivityThread.java:2734)
01-01 00:07:21.931  4920  4920 E AndroidRuntime: 	... 9 more
01-01 00:07:21.986  1114  3653 W ActivityManager:   Force finishing activity com.nfp.update/.MainActivity
01-01 00:07:22.008  1114  1398 I ActivityManager: Showing crash dialog for package com.nfp.update u0
01-01 00:07:22.091  1114  1398 W Looper  : Dispatch took 101ms on android.ui, h=Handler (com.android.server.am.ActivityManagerService$UiHandler) {7499138} cb=null msg=1
01-01 00:07:22.482  1114  1397 W ActivityManager: Activity pause timeout for ActivityRecord{d224602 u0 com.nfp.update/.LocalUpdate t7 f}
01-01 00:07:22.859  1114  2855 I WindowManager: Failed to capture screenshot of Token{789b13 ActivityRecord{d224602 u0 com.nfp.update/.LocalUpdate t7 f}} appWin=Window{a9f0367 u0 Splash Screen com.nfp.update EXITING} drawState=4
01-01 00:07:23.457  1114  3653 I ActivityManager: Killing 4920:com.nfp.update/u0a63 (adj 199): crash
01-01 00:07:23.733  1114  1398 W Looper  : Dispatch took 277ms on android.ui, h=Handler (com.android.server.am.AppErrorDialog$1) {acc56c3} cb=null msg=3
01-01 00:07:23.736  1114  1407 W ActivityManager: setHasOverlayUi called on unknown pid: 4920
01-01 00:07:23.777  1114  2855 W AppOps  : Finishing op nesting under-run: uid 1000 pkg android code 24 time=0 duration=0 nesting=0
