04-23 23:32:48.541  1176  1816 I AudioFlinger: AudioFlinger's thread 0xe8183740 tid=1816 ready to run
04-23 23:32:48.541  1176  1816 W AudioFlinger: no wake lock to update, system not ready yet
04-23 23:32:48.542   753   753 D audio_hw_primary: out_standby: enter: stream (0xf4d96800) usecase(0: deep-buffer-playback)
04-23 23:32:48.542   753   753 D audio_hw_primary: out_standby: exit
04-23 23:32:48.542  1176  1816 W AudioFlinger: no wake lock to update, system not ready yet
04-23 23:32:48.542   753   753 D audio_hw_primary: out_set_parameters: enter: usecase(0: deep-buffer-playback) kvpairs: routing=2
04-23 23:32:48.543  1176  1176 I AudioFlinger: openOutput() this 0xe9ec5000, module 10 Device 10000, SamplingRate 48000, Format 0x000001, Channels 3, flags 0
04-23 23:32:48.543   753  1794 D audio_hw_primary: adev_open_output_stream: enter: format(0x1) sample_rate(48000) channel_mask(0x3) devices(0x10000) flags(0)        stream_handle(0xf48b6000)
04-23 23:32:48.543   753  1794 D audio_hw_primary: adev_open_output_stream: Stream (0xf48b6000) picks up usecase (afe-proxy-playback)
04-23 23:32:48.544  1176  1176 I AudioFlinger: HAL output buffer size 768 frames, normal sink buffer size 1152 frames
04-23 23:32:48.544   753  1794 D compress_voip: voice_extn_compress_voip_out_get_parameters: enter
04-23 23:32:48.545  1176  1818 I AudioFlinger: AudioFlinger's thread 0xe8003b00 tid=1818 ready to run
04-23 23:32:48.545  1176  1818 W AudioFlinger: no wake lock to update, system not ready yet
04-23 23:32:48.545   753  1794 D audio_hw_primary: out_standby: enter: stream (0xf48b6000) usecase(47: afe-proxy-playback)
04-23 23:32:48.545   753  1794 D audio_hw_primary: out_standby: exit
04-23 23:32:48.545  1176  1818 W AudioFlinger: no wake lock to update, system not ready yet
04-23 23:32:48.545   753  1794 D audio_hw_primary: out_set_parameters: enter: usecase(47: afe-proxy-playback) kvpairs: routing=65536
04-23 23:32:48.546   753  1794 D audio_hw_primary: adev_open_input_stream: enter: sample_rate(48000) channel_mask(0xc) devices(0x80002000)        stream_handle(0xf4a91700) io_handle(14) source(1) format 1
04-23 23:32:48.546   753  1794 W audio_hw_utils: audio_extn_utils_update_stream_input_app_type_cfg: App type could not be selected. Falling back to default
04-23 23:32:48.547  1176  1819 I AudioFlinger: AudioFlinger's thread 0xe7d03880 tid=1819 ready to run
04-23 23:32:48.548   753  1794 D audio_hw_primary: adev_close_input_stream: enter:stream_handle(0xf4a91700)
04-23 23:32:48.548   753  1794 D audio_hw_primary: in_standby: enter: stream (0xf4a91700) usecase(18: audio-record)
04-23 23:32:48.548   753  1794 D audio_hw_primary: adev_open_input_stream: enter: sample_rate(48000) channel_mask(0x8000003f) devices(0x80000004)        stream_handle(0xf4a91700) io_handle(22) source(1) format 1
04-23 23:32:48.548   753  1794 D audio_hw_primary: adev_open_input_stream: return error to retry with updated channel mask (0x8000000f)
04-23 23:32:48.548   753  1794 W DeviceHAL: Device 0xf4a8c000 open_input_stream: Invalid argument
04-23 23:32:48.548   753  1794 D audio_hw_primary: adev_open_input_stream: enter: sample_rate(48000) channel_mask(0x8000000f) devices(0x80000004)        stream_handle(0xf4a91700) io_handle(22) source(1) format 1
04-23 23:32:48.548   753  1794 W audio_hw_utils: audio_extn_utils_update_stream_input_app_type_cfg: App type could not be selected. Falling back to default
04-23 23:32:48.549  1176  1820 I AudioFlinger: AudioFlinger's thread 0xe7d033c0 tid=1820 ready to run
04-23 23:32:48.549   753  1794 D audio_hw_primary: adev_close_input_stream: enter:stream_handle(0xf4a91700)
04-23 23:32:48.549   753  1794 D audio_hw_primary: in_standby: enter: stream (0xf4a91700) usecase(18: audio-record)
04-23 23:32:48.549   753   753 D audio_hw_primary: adev_open_input_stream: enter: sample_rate(192000) channel_mask(0x8000000f) devices(0x80000004)        stream_handle(0xf5bd1700) io_handle(30) source(1) format 5
04-23 23:32:48.549   753   753 W DeviceHAL: Device 0xf4a8c000 open_input_stream: Invalid argument
04-23 23:32:48.550   753  1821 D audio_hw_primary: adev_open_input_stream: enter: sample_rate(48000) channel_mask(0x8000000f) devices(0x80000004)        stream_handle(0xf5bd1e00) io_handle(30) source(1) format 1
04-23 23:32:48.550   753  1821 W audio_hw_utils: audio_extn_utils_update_stream_input_app_type_cfg: App type could not be selected. Falling back to default
04-23 23:32:48.551  1176  1822 I AudioFlinger: AudioFlinger's thread 0xe7d03fc0 tid=1822 ready to run
04-23 23:32:48.551   753   753 D audio_hw_primary: adev_close_input_stream: enter:stream_handle(0xf5bd1e00)
04-23 23:32:48.551   753   753 D audio_hw_primary: in_standby: enter: stream (0xf5bd1e00) usecase(18: audio-record)
04-23 23:32:48.551   753   753 D audio_hw_primary: adev_open_input_stream: enter: sample_rate(48000) channel_mask(0xc) devices(0x80000040)        stream_handle(0xf5bd1e00) io_handle(38) source(1) format 1
04-23 23:32:48.551   753   753 W DeviceHAL: Device 0xf4a8c000 open_input_stream: Invalid argument
04-23 23:32:48.551   753   753 D audio_hw_primary: adev_open_input_stream: enter: sample_rate(48000) channel_mask(0xc) devices(0x80000040)        stream_handle(0xf5bd1e00) io_handle(38) source(1) format 1
04-23 23:32:48.551   753   753 W DeviceHAL: Device 0xf4a8c000 open_input_stream: Invalid argument
04-23 23:32:48.551  1176  1176 W APM_AudioPolicyManager: Cannot open input stream for device 80000040 on hw module primary
04-23 23:32:48.565  1176  1176 I bt_a2dp_hw: adev_open:  adev_open in A2dp_hw module
04-23 23:32:48.565  1176  1176 I AudioFlinger: loadHwModule() Loaded a2dp audio interface, handle 18
04-23 23:32:48.565   753   753 D vndksupport: Loading /vendor/lib/hw/audio.usb.default.so from current namespace instead of sphal namespace.
04-23 23:32:48.569  1176  1176 I AudioFlinger: loadHwModule() Loaded usb audio interface, handle 26
04-23 23:32:48.569   753   753 D vndksupport: Loading /vendor/lib/hw/audio.r_submix.default.so from current namespace instead of sphal namespace.
04-23 23:32:48.570  1180  1180 W /system/bin/cameraserver: Waited one second for android.hardware.camera.provider@2.4::ICameraProvider/legacy/0. Waiting another...
04-23 23:32:48.572   753   753 I r_submix: adev_open(name=audio_hw_if)
04-23 23:32:48.573   753   753 I r_submix: adev_init_check()
04-23 23:32:48.573   753   753 W DeviceHAL: Device 0xf4dabf40 set_master_mute: Function not implemented
04-23 23:32:48.573  1176  1176 I AudioFlinger: loadHwModule() Loaded r_submix audio interface, handle 34
04-23 23:32:48.573   753   753 D r_submix: adev_open_input_stream(addr=0)
04-23 23:32:48.573   753   753 D r_submix: submix_audio_device_create_pipe_l(addr=0, idx=9)
04-23 23:32:48.573   753   753 D r_submix:   now using address 0 for route 9
04-23 23:32:48.575  1176  1827 I AudioFlinger: AudioFlinger's thread 0xe7d03f80 tid=1827 ready to run
04-23 23:32:48.576   753   753 D r_submix: adev_close_input_stream()
04-23 23:32:48.576  1176  1176 D AudioPolicyManagerCustom: USE_XML_AUDIO_POLICY_CONF is TRUE
04-23 23:32:48.576   753   753 D r_submix: submix_audio_device_release_pipe_l(idx=9) addr=0
04-23 23:32:48.576   753   753 D r_submix: submix_audio_device_destroy_pipe_l(): pipe destroyed
04-23 23:32:48.576  1176  1176 E EffectsConfig: Failed to parse /vendor/etc/audio_effects.xml: Tinyxml2 error (3): /vendor/etc/audio_effects.xml (null)
04-23 23:32:48.576  1176  1176 W AudioPolicyEffects: Failed to load XML effect configuration, fallback to .conf
04-23 23:32:48.583   753   753 I sound_trigger_hw: stdev_get_properties
04-23 23:32:48.583  1176  1176 I SoundTriggerHalHidl: getProperties res implementor QUALCOMM Technologies, Inc
04-23 23:32:48.583  1176  1176 I SoundTriggerHalHidl: getProperties ret 0
04-23 23:32:48.583  1176  1176 I SoundTriggerHwService: loaded default module Sound Trigger HAL, handle 1
04-23 23:32:48.591  1174  1174 D Zygote64Timing: BeginIcuCachePinning took to complete: 60ms
04-23 23:32:48.591  1174  1174 I Zygote  : Preloading classes...
04-23 23:32:48.604   787   823 E pd-mapper-svc: Recieved request to get domain list
04-23 23:32:48.604   787   823 I pd-mapper-svc: Provider:[avs]
04-23 23:32:48.604   787   823 I pd-mapper-svc: Domain:[adsp]
04-23 23:32:48.604   787   823 I pd-mapper-svc: SubDom:[audio_pd]
04-23 23:32:48.604   787   823 I pd-mapper-svc: Adding :msm/adsp/audio_pd: to response
04-23 23:32:48.638   755  1799 I mm-camera: <MCT   >< INFO> 5131: mct_pipeline_start_session_thread: Module sensor start_session rc = 1
04-23 23:32:48.638   755  1799 I mm-camera: <MCT   >< INFO> 5139: mct_pipeline_start_session_thread: started_num = 6, success = 6
04-23 23:32:48.638   755  1799 I mm-camera: <MCT   >< INFO> 5146: mct_pipeline_start_session_thread: X sensor
04-23 23:32:48.643   755   755 I mm-camera: <MCT   >< INFO> 5042: mct_pipeline_start_stream_internal: Adding session stream streamid= 0xf for session=3
04-23 23:32:48.643   755   755 I mm-camera: <MCT   >< INFO> 5090: mct_pipeline_start_stream_internal: Linking session stream for session 3
04-23 23:32:48.643   755   755 I mm-camera: <MCT   >< INFO> 525: mct_stream_start_link: Start linking Session-stream 0x3000f
04-23 23:32:48.643   755   755 I mm-camera: <IFACE >< INFO> 344: iface_util_find_primary_cid: iface_util_find_primary_cid:344 error cannot find primary sensor format cids 1
04-23 23:32:48.643   755   755 I mm-camera: <ISP   >< INFO> 849: isp_port_check_caps_reserve: port 0xe9c77540 ide 3000f type 10 dim 0 0
04-23 23:32:48.643   755   755 I mm-camera: <PPROC >< INFO> 449: pproc_port_add_modules_to_stream: in identity 3000f stream 10 int_link = 0xe9bf5e00
04-23 23:32:48.643   755   755 I mm-camera: <PPROC >< INFO> 461: pproc_port_add_modules_to_stream: :LINK linking mods tmod and paaf for identity 3000f
04-23 23:32:48.643   755   755 I mm-camera: <PPROC >< INFO> 461: pproc_port_add_modules_to_stream: :LINK linking mods paaf and sat for identity 3000f
04-23 23:32:48.644   755   755 I mm-camera: <PPROC >< INFO> 461: pproc_port_add_modules_to_stream: :LINK linking mods sat and ppeiscore for identity 3000f
04-23 23:32:48.644   755   755 I mm-camera: <PPROC >< INFO> 461: pproc_port_add_modules_to_stream: :LINK linking mods ppeiscore and c2d for identity 3000f
04-23 23:32:48.644   755   755 I mm-camera: <C2D   >< INFO> 1557: c2d_module_notify_add_stream: width 0, height 0, stride 0, scanline 0, is_type 0
04-23 23:32:48.644   755   755 I mm-camera: <PPROC >< INFO> 461: pproc_port_add_modules_to_stream: :LINK linking mods c2d and cpp for identity 3000f
04-23 23:32:48.644   755   755 I mm-camera: <CPP   >< INFO> 2389: cpp_module_notify_add_stream: :stream 10, width 0, height 0, stride 0,scanline 0, framelen 0
04-23 23:32:48.644   755   755 I mm-camera: <CPP   >< INFO> 2546: cpp_module_notify_add_stream: : stream 10, fmt 1, asf_mode 0, sharpness_level 0.000000,asf mask 0, denoise 0, denoise_mask 0, dsdn mask 0,dsdn enable 0, tnr mask 0, tnr enable 0, ds_mask 0, luma dsdn 0
04-23 23:32:48.644   755   755 I mm-camera: <PPROC >< INFO> 461: pproc_port_add_modules_to_stream: :LINK linking mods cpp and rtbdm for identity 3000f
04-23 23:32:48.644   755   755 I mm-camera: <PPROC >< INFO> 461: pproc_port_add_modules_to_stream: :LINK linking mods rtbdm and depth_map for identity 3000f
04-23 23:32:48.645   755   755 I mm-camera: <PPROC >< INFO> 461: pproc_port_add_modules_to_stream: :LINK linking mods depth_map and rtb for identity 3000f
04-23 23:32:48.645   755   755 I mm-camera: <PPROC >< INFO> 461: pproc_port_add_modules_to_stream: :LINK linking mods rtb and ezt for identity 3000f
04-23 23:32:48.645   755   755 I mm-camera: <PPROC >< INFO> 461: pproc_port_add_modules_to_stream: :LINK linking mods ezt and quadracfa for identity 3000f
04-23 23:32:48.645   755   755 E mm-camera: <STATS ><ERROR> 3011: stats_port_check_caps_reserve: Invalid Port capability type!
04-23 23:32:48.646   755   755 I chatty  : uid=1047(cameraserver) provider@2.4-se identical 3 lines
04-23 23:32:48.646   755   755 E mm-camera: <STATS ><ERROR> 3011: stats_port_check_caps_reserve: Invalid Port capability type!
04-23 23:32:48.646   755   755 I mm-camera: <MCT   >< INFO> 5099: mct_pipeline_start_stream_internal: Session stream linked successfully session 3
04-23 23:32:48.647   755   755 I mm-camera: <MCT   >< INFO> 118: mct_controller_new: Creating new mct_controller with session-id 4
04-23 23:32:48.648   755  1876 I mm-camera: <MCT   >< INFO> 5121: mct_pipeline_start_session_thread: E sensor
04-23 23:32:48.648   755  1876 I mm-camera: <MCT   >< INFO> 5128: mct_pipeline_start_session_thread: Calling start_session on Module sensor
04-23 23:32:48.648   755  1877 I mm-camera: <MCT   >< INFO> 5121: mct_pipeline_start_session_thread: E iface
04-23 23:32:48.648   755  1877 I mm-camera: <MCT   >< INFO> 5128: mct_pipeline_start_session_thread: Calling start_session on Module iface
04-23 23:32:48.649   755  1879 I mm-camera: <MCT   >< INFO> 5121: mct_pipeline_start_session_thread: E isp
04-23 23:32:48.649   755  1879 I mm-camera: <MCT   >< INFO> 5128: mct_pipeline_start_session_thread: Calling start_session on Module isp
04-23 23:32:48.649   755  1879 I mm-camera: <ISP   >< INFO> 210: isp_module_start_session: session id 4 
04-23 23:32:48.649   755  1877 I mm-camera: <MCT   >< INFO> 5131: mct_pipeline_start_session_thread: Module iface start_session rc = 1
04-23 23:32:48.649   755  1881 I mm-camera: <MCT   >< INFO> 5121: mct_pipeline_start_session_thread: E stats
04-23 23:32:48.649   755  1877 I mm-camera: <MCT   >< INFO> 5139: mct_pipeline_start_session_thread: started_num = 1, success = 1
04-23 23:32:48.649   755  1877 I mm-camera: <MCT   >< INFO> 5146: mct_pipeline_start_session_thread: X iface
04-23 23:32:48.649   755  1881 I mm-camera: <MCT   >< INFO> 5128: mct_pipeline_start_session_thread: Calling start_session on Module stats
04-23 23:32:48.650   755  1884 I mm-camera: <MCT   >< INFO> 5121: mct_pipeline_start_session_thread: E pproc
04-23 23:32:48.650   755  1884 I mm-camera: <MCT   >< INFO> 5128: mct_pipeline_start_session_thread: Calling start_session on Module pproc
04-23 23:32:48.651   755  1884 I mm-camera: <MCT   >< INFO> 5131: mct_pipeline_start_session_thread: Module pproc start_session rc = 1
04-23 23:32:48.651   755  1884 I mm-camera: <MCT   >< INFO> 5139: mct_pipeline_start_session_thread: started_num = 2, success = 2
04-23 23:32:48.651   755  1884 I mm-camera: <MCT   >< INFO> 5146: mct_pipeline_start_session_thread: X pproc
04-23 23:32:48.651   755  1885 I mm-camera: <MCT   >< INFO> 5121: mct_pipeline_start_session_thread: E imglib
04-23 23:32:48.651   755  1885 I mm-camera: <MCT   >< INFO> 5128: mct_pipeline_start_session_thread: Calling start_session on Module imglib
04-23 23:32:48.651   755  1885 I mm-camera: <MCT   >< INFO> 5131: mct_pipeline_start_session_thread: Module imglib start_session rc = 1
04-23 23:32:48.651   755  1885 I mm-camera: <MCT   >< INFO> 5139: mct_pipeline_start_session_thread: started_num = 3, success = 3
04-23 23:32:48.651   755  1885 I mm-camera: <MCT   >< INFO> 5146: mct_pipeline_start_session_thread: X imglib
04-23 23:32:48.651   755  1879 I mm-camera: <MCT   >< INFO> 5131: mct_pipeline_start_session_thread: Module isp start_session rc = 1
04-23 23:32:48.651   755  1879 I mm-camera: <MCT   >< INFO> 5139: mct_pipeline_start_session_thread: started_num = 4, success = 4
04-23 23:32:48.651   755  1879 I mm-camera: <MCT   >< INFO> 5146: mct_pipeline_start_session_thread: X isp
04-23 23:32:48.653   755  1881 I mm-camera: <MCT   >< INFO> 5131: mct_pipeline_start_session_thread: Module stats start_session rc = 1
04-23 23:32:48.653   755  1881 I mm-camera: <MCT   >< INFO> 5139: mct_pipeline_start_session_thread: started_num = 5, success = 5
04-23 23:32:48.653   755  1881 I mm-camera: <MCT   >< INFO> 5146: mct_pipeline_start_session_thread: X stats
04-23 23:32:48.658   755  1876 I mm-camera: <MCT   >< INFO> 5131: mct_pipeline_start_session_thread: Module sensor start_session rc = 1
04-23 23:32:48.658   755  1876 I mm-camera: <MCT   >< INFO> 5139: mct_pipeline_start_session_thread: started_num = 6, success = 6
04-23 23:32:48.658   755  1876 I mm-camera: <MCT   >< INFO> 5146: mct_pipeline_start_session_thread: X sensor
04-23 23:32:48.662   755   755 I mm-camera: <MCT   >< INFO> 5042: mct_pipeline_start_stream_internal: Adding session stream streamid= 0xf for session=4
04-23 23:32:48.663   755   755 I mm-camera: <MCT   >< INFO> 5090: mct_pipeline_start_stream_internal: Linking session stream for session 4
04-23 23:32:48.663   755   755 I mm-camera: <MCT   >< INFO> 525: mct_stream_start_link: Start linking Session-stream 0x4000f
04-23 23:32:48.663   755   755 I mm-camera: <IFACE >< INFO> 344: iface_util_find_primary_cid: iface_util_find_primary_cid:344 error cannot find primary sensor format cids 1
04-23 23:32:48.663   755   755 E mm-camera: <IFACE ><ERROR> 638: iface_reserve_src_port: iface_reserve_src_port: port not created! port state = 1
04-23 23:32:48.663   755   755 I mm-camera: <ISP   >< INFO> 849: isp_port_check_caps_reserve: port 0xe9c77680 ide 4000f type 10 dim 0 0
04-23 23:32:48.663   755   755 I mm-camera: <PPROC >< INFO> 449: pproc_port_add_modules_to_stream: in identity 4000f stream 10 int_link = 0xe9bf6080
04-23 23:32:48.663   755   755 I mm-camera: <PPROC >< INFO> 461: pproc_port_add_modules_to_stream: :LINK linking mods tmod and paaf for identity 4000f
04-23 23:32:48.663   755   755 I mm-camera: <PPROC >< INFO> 461: pproc_port_add_modules_to_stream: :LINK linking mods paaf and sat for identity 4000f
04-23 23:32:48.664   755   755 I mm-camera: <PPROC >< INFO> 461: pproc_port_add_modules_to_stream: :LINK linking mods sat and ppeiscore for identity 4000f
04-23 23:32:48.664   755   755 I mm-camera: <PPROC >< INFO> 461: pproc_port_add_modules_to_stream: :LINK linking mods ppeiscore and c2d for identity 4000f
04-23 23:32:48.664   755   755 I mm-camera: <C2D   >< INFO> 1557: c2d_module_notify_add_stream: width 0, height 0, stride 0, scanline 0, is_type 0
04-23 23:32:48.664   755   755 I mm-camera: <PPROC >< INFO> 461: pproc_port_add_modules_to_stream: :LINK linking mods c2d and cpp for identity 4000f
04-23 23:32:48.664   755   755 I mm-camera: <CPP   >< INFO> 2389: cpp_module_notify_add_stream: :stream 10, width 0, height 0, stride 0,scanline 0, framelen 0
04-23 23:32:48.664   755   755 I mm-camera: <CPP   >< INFO> 2546: cpp_module_notify_add_stream: : stream 10, fmt 1, asf_mode 0, sharpness_level 0.000000,asf mask 0, denoise 0, denoise_mask 0, dsdn mask 0,dsdn enable 0, tnr mask 0, tnr enable 0, ds_mask 0, luma dsdn 0
04-23 23:32:48.665   755   755 I mm-camera: <PPROC >< INFO> 461: pproc_port_add_modules_to_stream: :LINK linking mods cpp and rtbdm for identity 4000f
04-23 23:32:48.665   755   755 I mm-camera: <PPROC >< INFO> 461: pproc_port_add_modules_to_stream: :LINK linking mods rtbdm and depth_map for identity 4000f
04-23 23:32:48.665   755   755 I mm-camera: <PPROC >< INFO> 461: pproc_port_add_modules_to_stream: :LINK linking mods depth_map and rtb for identity 4000f
04-23 23:32:48.666   755   755 I mm-camera: <PPROC >< INFO> 461: pproc_port_add_modules_to_stream: :LINK linking mods rtb and ezt for identity 4000f
04-23 23:32:48.666   755   755 I mm-camera: <PPROC >< INFO> 461: pproc_port_add_modules_to_stream: :LINK linking mods ezt and quadracfa for identity 4000f
04-23 23:32:48.666   755   755 E mm-camera: <STATS ><ERROR> 3011: stats_port_check_caps_reserve: Invalid Port capability type!
04-23 23:32:48.666   755   755 I chatty  : uid=1047(cameraserver) provider@2.4-se identical 2 lines
04-23 23:32:48.667   755   755 E mm-camera: <STATS ><ERROR> 3011: stats_port_check_caps_reserve: Invalid Port capability type!
04-23 23:32:48.667   755   755 I mm-camera: <MCT   >< INFO> 5099: mct_pipeline_start_stream_internal: Session stream linked successfully session 4
04-23 23:32:48.668   755   755 E QCamera : <MCI><ERROR> startVsync: 383: ERROR: Display event callbacks is not registered
04-23 23:32:48.668   755   755 E QCamera : <HAL><ERROR> openCamera: 2103: Error: Cannot start vsync (still continue)
04-23 23:32:48.669   755   755 I Thermal-Lib: Thermal-Lib-Client: Registraion successful for camera with handle:1
04-23 23:32:48.669   755   755 I Thermal-Lib: Thermal-Lib-Client: Registraion successful for camcorder with handle:2
04-23 23:32:48.669   755   755 I QCamera : <HAL><INFO> openCamera: 1928: [KPI Perf]: X PROFILE_OPEN_CAMERA camera id 3, rc: 0
04-23 23:32:48.669   755   755 I QCamera : <HAL><INFO> close_camera_device: 1527: [KPI Perf]: E camera id 3
04-23 23:32:48.670  1167  1293 I ThermalEngine: Thermal-Server: Adding thermal event listener on fd 66
04-23 23:32:48.670   755  1897 I Thermal-Lib: Thermal-Lib-Client: Client received msg camera 0
04-23 23:32:48.670   755  1897 I Thermal-Lib: Thermal-Lib-Client: Client received msg camcorder 0
04-23 23:32:48.672   755  1874 E mm-camera: <IMGLIB><ERROR> 322: module_depth_map_handle_ctrl_parm: E
04-23 23:32:48.672   755  1874 E mm-camera: <IMGLIB><ERROR> 430: module_depth_map_set_config_param: X
04-23 23:32:48.672   755  1874 E mm-camera: <IMGLIB><ERROR> 254: module_depth_map_send_config_data: CAM_STREAM_TYPE_DEPTH not set !!
04-23 23:32:48.672   755  1874 E mm-camera: <IMGLIB><ERROR> 369: module_depth_map_handle_ctrl_parm: Error module_depth_map_send_config_data
04-23 23:32:48.673   755  1874 E mm-camera: <IMGLIB><ERROR> 373: module_depth_map_handle_ctrl_parm: X
04-23 23:32:48.673   755  1874 E mm-camera: <IMGLIB><ERROR> 876: module_imgbase_process_param: [depth_map] handle_ctrl_parm error : type=10, rc=-5
04-23 23:32:48.673   755  1874 I mm-camera: <IFACE >< INFO> 6275: iface_util_set_dis_enable_flag: iface_util_set_dis_enable_flag:6275 DIS enable flag = 0
04-23 23:32:48.673   755  1874 E mm-camera: <SENSOR><ERROR> 5310: module_sensor_event_control_set_parm: func_tbl for submodule 4 is NULL
04-23 23:32:48.673   755  1797 E mm-camera: <IMGLIB><ERROR> 322: module_depth_map_handle_ctrl_parm: E
04-23 23:32:48.674   755  1797 E mm-camera: <IMGLIB><ERROR> 430: module_depth_map_set_config_param: X
04-23 23:32:48.674   755  1797 E mm-camera: <IMGLIB><ERROR> 254: module_depth_map_send_config_data: CAM_STREAM_TYPE_DEPTH not set !!
04-23 23:32:48.674   755  1797 E mm-camera: <IMGLIB><ERROR> 369: module_depth_map_handle_ctrl_parm: Error module_depth_map_send_config_data
04-23 23:32:48.674   755  1797 E mm-camera: <IMGLIB><ERROR> 373: module_depth_map_handle_ctrl_parm: X
04-23 23:32:48.674   755  1797 E mm-camera: <IMGLIB><ERROR> 876: module_imgbase_process_param: [depth_map] handle_ctrl_parm error : type=10, rc=-5
04-23 23:32:48.674   755  1797 I mm-camera: <IFACE >< INFO> 6275: iface_util_set_dis_enable_flag: iface_util_set_dis_enable_flag:6275 DIS enable flag = 0
04-23 23:32:48.675   755  1797 E mm-camera: <SENSOR><ERROR> 5850: module_sensor_event_control_get_parm: CAM_INTF_PARM_RELATED_SENSORS_CALIBRATION size 0 addr 0x0
04-23 23:32:48.676   755  1874 E mm-camera: <IMGLIB><ERROR> 322: module_depth_map_handle_ctrl_parm: E
04-23 23:32:48.676   755  1874 E mm-camera: <IMGLIB><ERROR> 430: module_depth_map_set_config_param: X
04-23 23:32:48.676   755  1874 E mm-camera: <IMGLIB><ERROR> 254: module_depth_map_send_config_data: CAM_STREAM_TYPE_DEPTH not set !!
04-23 23:32:48.676   755  1874 E mm-camera: <IMGLIB><ERROR> 369: module_depth_map_handle_ctrl_parm: Error module_depth_map_send_config_data
04-23 23:32:48.676   755  1874 E mm-camera: <IMGLIB><ERROR> 373: module_depth_map_handle_ctrl_parm: X
04-23 23:32:48.676   755  1874 E mm-camera: <IMGLIB><ERROR> 876: module_imgbase_process_param: [depth_map] handle_ctrl_parm error : type=10, rc=-5
04-23 23:32:48.676   755   755 E QCamera : <HAL><ERROR> acquirePerfLock: 515: Failed to acquire the perf lock
04-23 23:32:48.676   755  1797 E mm-camera: <IMGLIB><ERROR> 322: module_depth_map_handle_ctrl_parm: E
04-23 23:32:48.677   755  1797 E mm-camera: <IMGLIB><ERROR> 430: module_depth_map_set_config_param: X
04-23 23:32:48.677   755  1797 E mm-camera: <IMGLIB><ERROR> 254: module_depth_map_send_config_data: CAM_STREAM_TYPE_DEPTH not set !!
04-23 23:32:48.677   755  1797 E mm-camera: <IMGLIB><ERROR> 369: module_depth_map_handle_ctrl_parm: Error module_depth_map_send_config_data
04-23 23:32:48.677   755  1797 E mm-camera: <IMGLIB><ERROR> 373: module_depth_map_handle_ctrl_parm: X
04-23 23:32:48.677   755  1797 E mm-camera: <IMGLIB><ERROR> 876: module_imgbase_process_param: [depth_map] handle_ctrl_parm error : type=10, rc=-5
04-23 23:32:48.678   755  1874 E mm-camera: <IMGLIB><ERROR> 322: module_depth_map_handle_ctrl_parm: E
04-23 23:32:48.678   755  1874 E mm-camera: <IMGLIB><ERROR> 430: module_depth_map_set_config_param: X
04-23 23:32:48.678   755  1874 E mm-camera: <IMGLIB><ERROR> 254: module_depth_map_send_config_data: CAM_STREAM_TYPE_DEPTH not set !!
04-23 23:32:48.678   755  1874 E mm-camera: <IMGLIB><ERROR> 369: module_depth_map_handle_ctrl_parm: Error module_depth_map_send_config_data
04-23 23:32:48.678   755  1874 E mm-camera: <IMGLIB><ERROR> 373: module_depth_map_handle_ctrl_parm: X
04-23 23:32:48.678   755  1874 E mm-camera: <IMGLIB><ERROR> 876: module_imgbase_process_param: [depth_map] handle_ctrl_parm error : type=10, rc=-5
04-23 23:32:48.678   755  1797 E mm-camera: <IMGLIB><ERROR> 322: module_depth_map_handle_ctrl_parm: E
04-23 23:32:48.678   755  1797 E mm-camera: <IMGLIB><ERROR> 430: module_depth_map_set_config_param: X
04-23 23:32:48.678   755  1797 E mm-camera: <IMGLIB><ERROR> 254: module_depth_map_send_config_data: CAM_STREAM_TYPE_DEPTH not set !!
04-23 23:32:48.678   755  1797 E mm-camera: <IMGLIB><ERROR> 369: module_depth_map_handle_ctrl_parm: Error module_depth_map_send_config_data
04-23 23:32:48.678   755  1797 E mm-camera: <IMGLIB><ERROR> 373: module_depth_map_handle_ctrl_parm: X
04-23 23:32:48.678   755  1797 E mm-camera: <IMGLIB><ERROR> 876: module_imgbase_process_param: [depth_map] handle_ctrl_parm error : type=10, rc=-5
04-23 23:32:48.679   755   755 I QCamera : <HAL><INFO> closeCamera: 2338: E
04-23 23:32:48.679   755   755 I QCamera : <HAL><INFO> closeCamera: 2343: [KPI Perf]: E PROFILE_CLOSE_CAMERA camera id 3
04-23 23:32:48.680   755  1874 I mm-camera: <ISP   >< INFO> 7159: isp_util_print_meta_stream_info: Deallocate resources
04-23 23:32:48.680   755  1086 E mm-camera: <IMGLIB><ERROR> 297: AllocateBuffers: Invalid dimensions 0x0
04-23 23:32:48.680   755  1086 E mm-camera: <IMGLIB><ERROR> 197: img_algo_preload: Preload: Failed to allocate buffer, rc -4
04-23 23:32:48.680   755  1874 I mm-camera: <ISP   >< INFO> 7489: isp_util_handle_stream_info: streams_desc num_streams is 0 
04-23 23:32:48.680   755  1086 E mm-camera: <IMGLIB><ERROR> 121: module_imgbase_client_preload_exec: IMG_CORE_PRELOAD failed -4
04-23 23:32:48.680   755  1874 I mm-camera: <IFACE >< INFO> 6385: iface_util_handle_meta_stream_info: iface_util_handle_meta_stream_info: ms_type 2 num streams 0
04-23 23:32:48.680   755  1797 I mm-camera: <ISP   >< INFO> 7159: isp_util_print_meta_stream_info: Deallocate resources
04-23 23:32:48.681   755  1086 E mm-camera: <IMGLIB><ERROR> 297: AllocateBuffers: Invalid dimensions 0x0
04-23 23:32:48.681   755  1797 I mm-camera: <ISP   >< INFO> 7489: isp_util_handle_stream_info: streams_desc num_streams is 0 
04-23 23:32:48.681   755  1086 E mm-camera: <IMGLIB><ERROR> 197: img_algo_preload: Preload: Failed to allocate buffer, rc -4
04-23 23:32:48.681   755  1797 I mm-camera: <IFACE >< INFO> 6385: iface_util_handle_meta_stream_info: iface_util_handle_meta_stream_info: ms_type 0 num streams 0
04-23 23:32:48.681   755  1086 E mm-camera: <IMGLIB><ERROR> 121: module_imgbase_client_preload_exec: IMG_CORE_PRELOAD failed -4
04-23 23:32:48.681   755  1086 E mm-camera: <IMGLIB><ERROR> 297: AllocateBuffers: Invalid dimensions 0x0
04-23 23:32:48.681   755  1874 I mm-camera: <ISP   >< INFO> 7159: isp_util_print_meta_stream_info: Deallocate resources
04-23 23:32:48.681   755  1874 I mm-camera: <ISP   >< INFO> 7489: isp_util_handle_stream_info: streams_desc num_streams is 0 
04-23 23:32:48.681   755  1086 E mm-camera: <IMGLIB><ERROR> 197: img_algo_preload: Preload: Failed to allocate buffer, rc -4
04-23 23:32:48.681   755  1086 E mm-camera: <IMGLIB><ERROR> 121: module_imgbase_client_preload_exec: IMG_CORE_PRELOAD failed -4
04-23 23:32:48.681   755  1874 I mm-camera: <IFACE >< INFO> 6385: iface_util_handle_meta_stream_info: iface_util_handle_meta_stream_info: ms_type 2 num streams 0
04-23 23:32:48.682   755  1797 I mm-camera: <ISP   >< INFO> 7159: isp_util_print_meta_stream_info: Deallocate resources
04-23 23:32:48.682   755  1086 E mm-camera: <IMGLIB><ERROR> 297: AllocateBuffers: Invalid dimensions 0x0
04-23 23:32:48.682   755  1797 I mm-camera: <ISP   >< INFO> 7489: isp_util_handle_stream_info: streams_desc num_streams is 0 
04-23 23:32:48.682   755  1086 E mm-camera: <IMGLIB><ERROR> 197: img_algo_preload: Preload: Failed to allocate buffer, rc -4
04-23 23:32:48.682   755  1086 E mm-camera: <IMGLIB><ERROR> 121: module_imgbase_client_preload_exec: IMG_CORE_PRELOAD failed -4
04-23 23:32:48.682   755  1797 I mm-camera: <IFACE >< INFO> 6385: iface_util_handle_meta_stream_info: iface_util_handle_meta_stream_info: ms_type 0 num streams 0
04-23 23:32:48.682   755   755 I Thermal-Lib: Thermal-Lib-Client: Unregisteration is successfull for handle:1
04-23 23:32:48.683  1167  1293 I ThermalEngine: Thermal-Server: removing client on fd 66
04-23 23:32:48.683   755   755 I Thermal-Lib: Thermal-Lib-Client: Unregisteration is successfull for handle:2
04-23 23:32:48.683   755   755 I mm-camera: <MCT   >< INFO> 310: mct_controller_destroy: Initiating destroy sequence for session = 4
04-23 23:32:48.683   755   755 I mm-camera: <MCT   >< INFO> 328: mct_controller_destroy: serv_thread closed
04-23 23:32:48.683   755   755 I mm-camera: <MCT   >< INFO> 343: mct_controller_destroy: bus_handler thread closed
04-23 23:32:48.683   755   755 I mm-camera: <MCT   >< INFO> 5199: mct_pipeline_stop_session: Initiating stop_session on session 4
04-23 23:32:48.683   755   755 I mm-camera: <MCT   >< INFO> 4114: mct_pipeline_process_set: command=800000b
04-23 23:32:48.683   755   755 I mm-camera: <MCT   >< INFO> 4333: mct_pipeline_process_set: Issuing DEL_STREAM on stream 0x4000f and stream type=10
04-23 23:32:48.695   754   754 E vendor.qti.bluetooth@1.0-bluetooth_address: QmiDmsGetAddress: addr_resp.mac_address_valid 1 addr_resp.mac_address_len 6 
04-23 23:32:48.695   754   754 E vendor.qti.bluetooth@1.0-bluetooth_address: QmiDmsGetAddress: Succesfully Read BT address
04-23 23:32:48.695   754   754 E vendor.qti.bluetooth@1.0-bluetooth_address: Read MODEM_NV_BD_ADDR 0xc8 0xde 0x8 0x19 0xad 0x44 
04-23 23:32:48.701   754   754 I ServiceManagement: Removing namespace from process name android.hardware.bluetooth@1.0-service-qti to bluetooth@1.0-s.
04-23 23:32:48.702   754   754 I android.hardware.bluetooth@1.0-service: Registration complete for android.hardware.bluetooth@1.0::IBluetoothHci/default.
04-23 23:32:48.703   754   754 D vndksupport: Loading /vendor/lib64/hw/vendor.qti.hardware.fm@1.0-impl.so from current namespace instead of sphal namespace.
04-23 23:32:48.706   754   754 I android.hardware.bluetooth@1.0-service: Registration complete for vendor.qti.hardware.fm@1.0::IFmHci/default.
04-23 23:32:48.706   754   754 D vndksupport: Loading /vendor/lib64/hw/com.qualcomm.qti.ant@1.0-impl.so from current namespace instead of sphal namespace.
04-23 23:32:48.708   755  1801 E         : mayang_dw9763_s5k3l8_eeprom_get_calibration_items:34,is_wbc:1,is_afc:1,is_lsc:1,is_dpc:0,is_insensor:0,  is_ois:0, is_dual:1
04-23 23:32:48.711   754   754 I android.hardware.bluetooth@1.0-service: Registration complete for com.qualcomm.qti.ant@1.0::IAntHci/default.
04-23 23:32:48.727   755  1878 E mm-camera: <SENSOR><ERROR> 247: module_sensor_offload_init_config: func_tbl for submodule 4 is NULL
04-23 23:32:48.727   755  1878 E mm-camera: <SENSOR><ERROR> 249: module_sensor_offload_init_config: failed to get led off frame skip time
04-23 23:32:48.734   755   755 I mm-camera: <IFACE >< INFO> 680: iface_unreserve_sink_port: stream_id f mode 0 
04-23 23:32:48.734   755   755 I mm-camera: <ISP   >< INFO> 939: isp_port_check_caps_unreserve: ide 4000f port 0xe9c77680
04-23 23:32:48.735   755   755 I mm-camera: <MCT   >< INFO> 4356: mct_pipeline_process_set: Stream 0x4000f and stream type=10, successfully deleted
04-23 23:32:48.736   755  1899 I mm-camera: <MCT   >< INFO> 4933: mct_pipeline_stop_session_thread: Stop module name: sensor - E
04-23 23:32:48.736   755  1901 I mm-camera: <MCT   >< INFO> 4933: mct_pipeline_stop_session_thread: Stop module name: isp - E
04-23 23:32:48.736   755  1900 I mm-camera: <MCT   >< INFO> 4933: mct_pipeline_stop_session_thread: Stop module name: iface - E
04-23 23:32:48.736   755  1902 I mm-camera: <MCT   >< INFO> 4933: mct_pipeline_stop_session_thread: Stop module name: stats - E
04-23 23:32:48.736   755  1901 I mm-camera: <ISP   >< INFO> 506: isp_module_stop_session: session id 4
04-23 23:32:48.736   755  1899 I mm-camera: <MCT   >< INFO> 4941: mct_pipeline_stop_session_thread: Stop module name: sensor - X
04-23 23:32:48.736   755  1900 I mm-camera: <MCT   >< INFO> 4941: mct_pipeline_stop_session_thread: Stop module name: iface - X
04-23 23:32:48.737   755  1903 I mm-camera: <MCT   >< INFO> 4933: mct_pipeline_stop_session_thread: Stop module name: pproc - E
04-23 23:32:48.737   755  1903 E mm-camera: <IMGLIB><ERROR> 328: AllocateBuffers: Nothing allocated or already freed!
04-23 23:32:48.737   755  1903 I mm-camera: <MCT   >< INFO> 4941: mct_pipeline_stop_session_thread: Stop module name: pproc - X
04-23 23:32:48.737   755   755 I mm-camera: <MCT   >< INFO> 5221: mct_pipeline_stop_session: Modules left: 5
04-23 23:32:48.737   755   755 I mm-camera: <MCT   >< INFO> 5221: mct_pipeline_stop_session: Modules left: 4
04-23 23:32:48.737   755   755 I mm-camera: <MCT   >< INFO> 5221: mct_pipeline_stop_session: Modules left: 3
04-23 23:32:48.738   755  1904 I mm-camera: <MCT   >< INFO> 4933: mct_pipeline_stop_session_thread: Stop module name: imglib - E
04-23 23:32:48.738   755  1904 I mm-camera: <MCT   >< INFO> 4941: mct_pipeline_stop_session_thread: Stop module name: imglib - X
04-23 23:32:48.738   755   755 I mm-camera: <MCT   >< INFO> 5221: mct_pipeline_stop_session: Modules left: 2
04-23 23:32:48.738   755  1901 I mm-camera: <MCT   >< INFO> 4941: mct_pipeline_stop_session_thread: Stop module name: isp - X
04-23 23:32:48.738   755   755 I mm-camera: <MCT   >< INFO> 5221: mct_pipeline_stop_session: Modules left: 1
04-23 23:32:48.739   755  1902 I mm-camera: <MCT   >< INFO> 4941: mct_pipeline_stop_session_thread: Stop module name: stats - X
04-23 23:32:48.739   755   755 I mm-camera: <MCT   >< INFO> 5221: mct_pipeline_stop_session: Modules left: 0
04-23 23:32:48.739   755   755 I mm-camera: <MCT   >< INFO> 5231: mct_pipeline_stop_session: Stopped session 4 successfully
04-23 23:32:48.739   755   755 I mm-camera: <MCT   >< INFO> 5531: mct_pipeline_destroy: E: session:4
04-23 23:32:48.739   755   755 E mm-camera: <MCT   ><ERROR> 179: stop_sof_check_thread: Returning as SOF timer thread not yet initialized
04-23 23:32:48.739   755   755 I mm-camera: <MCT   >< INFO> 5608: mct_pipeline_destroy: X: Pipeline destroyed successfully session =4
04-23 23:32:48.739   755   755 I mm-camera: <MCT   >< INFO> 422: mct_controller_destroy: X Successfully closed mct_controller session 4
04-23 23:32:48.740   755   755 I mm-camera: <MCT   >< INFO> 310: mct_controller_destroy: Initiating destroy sequence for session = 3
04-23 23:32:48.740   755   755 I mm-camera: <MCT   >< INFO> 328: mct_controller_destroy: serv_thread closed
04-23 23:32:48.740   755   755 I mm-camera: <MCT   >< INFO> 343: mct_controller_destroy: bus_handler thread closed
04-23 23:32:48.740   755   755 I mm-camera: <MCT   >< INFO> 5199: mct_pipeline_stop_session: Initiating stop_session on session 3
04-23 23:32:48.740   755   755 I mm-camera: <MCT   >< INFO> 4114: mct_pipeline_process_set: command=800000b
04-23 23:32:48.740   755   755 I mm-camera: <MCT   >< INFO> 4333: mct_pipeline_process_set: Issuing DEL_STREAM on stream 0x3000f and stream type=10
04-23 23:32:48.740   755   755 I mm-camera: <IFACE >< INFO> 680: iface_unreserve_sink_port: stream_id f mode 0 
04-23 23:32:48.740   755   755 I mm-camera: <ISP   >< INFO> 939: isp_port_check_caps_unreserve: ide 3000f port 0xe9c77540
04-23 23:32:48.742   755   755 I mm-camera: <MCT   >< INFO> 4356: mct_pipeline_process_set: Stream 0x3000f and stream type=10, successfully deleted
04-23 23:32:48.742   755  1905 I mm-camera: <MCT   >< INFO> 4933: mct_pipeline_stop_session_thread: Stop module name: sensor - E
04-23 23:32:48.742   755  1906 I mm-camera: <MCT   >< INFO> 4933: mct_pipeline_stop_session_thread: Stop module name: iface - E
04-23 23:32:48.742   755  1907 I mm-camera: <MCT   >< INFO> 4933: mct_pipeline_stop_session_thread: Stop module name: isp - E
04-23 23:32:48.742   755  1907 I mm-camera: <ISP   >< INFO> 506: isp_module_stop_session: session id 3
04-23 23:32:48.742   755  1905 I mm-camera: <MCT   >< INFO> 4941: mct_pipeline_stop_session_thread: Stop module name: sensor - X
04-23 23:32:48.743   755  1906 I mm-camera: <MCT   >< INFO> 4941: mct_pipeline_stop_session_thread: Stop module name: iface - X
04-23 23:32:48.748   755  1908 I mm-camera: <MCT   >< INFO> 4933: mct_pipeline_stop_session_thread: Stop module name: stats - E
04-23 23:32:48.749   755  1907 I mm-camera: <MCT   >< INFO> 4941: mct_pipeline_stop_session_thread: Stop module name: isp - X
04-23 23:32:48.749   755  1909 I mm-camera: <MCT   >< INFO> 4933: mct_pipeline_stop_session_thread: Stop module name: pproc - E
04-23 23:32:48.751   755  1909 E mm-camera: <IMGLIB><ERROR> 328: AllocateBuffers: Nothing allocated or already freed!
04-23 23:32:48.751   755  1909 I mm-camera: <MCT   >< INFO> 4941: mct_pipeline_stop_session_thread: Stop module name: pproc - X
04-23 23:32:48.751   755   755 I mm-camera: <MCT   >< INFO> 5221: mct_pipeline_stop_session: Modules left: 5
04-23 23:32:48.751   755   755 I mm-camera: <MCT   >< INFO> 5221: mct_pipeline_stop_session: Modules left: 4
04-23 23:32:48.751   755   755 I mm-camera: <MCT   >< INFO> 5221: mct_pipeline_stop_session: Modules left: 3
04-23 23:32:48.751   755   755 I mm-camera: <MCT   >< INFO> 5221: mct_pipeline_stop_session: Modules left: 2
04-23 23:32:48.751   755  1910 I mm-camera: <MCT   >< INFO> 4933: mct_pipeline_stop_session_thread: Stop module name: imglib - E
04-23 23:32:48.752   755  1908 I mm-camera: <MCT   >< INFO> 4941: mct_pipeline_stop_session_thread: Stop module name: stats - X
04-23 23:32:48.752   755   755 I mm-camera: <MCT   >< INFO> 5221: mct_pipeline_stop_session: Modules left: 1
04-23 23:32:48.752   755  1910 I mm-camera: <MCT   >< INFO> 4941: mct_pipeline_stop_session_thread: Stop module name: imglib - X
04-23 23:32:48.752   755   755 I mm-camera: <MCT   >< INFO> 5221: mct_pipeline_stop_session: Modules left: 0
04-23 23:32:48.752   755   755 I mm-camera: <MCT   >< INFO> 5231: mct_pipeline_stop_session: Stopped session 3 successfully
04-23 23:32:48.752   755   755 I mm-camera: <MCT   >< INFO> 5531: mct_pipeline_destroy: E: session:3
04-23 23:32:48.752   755   755 E mm-camera: <MCT   ><ERROR> 179: stop_sof_check_thread: Returning as SOF timer thread not yet initialized
04-23 23:32:48.752   755   755 I mm-camera: <MCT   >< INFO> 5608: mct_pipeline_destroy: X: Pipeline destroyed successfully session =3
04-23 23:32:48.752   755   755 I mm-camera: <MCT   >< INFO> 422: mct_controller_destroy: X Successfully closed mct_controller session 3
04-23 23:32:48.752   755   755 E QCamera : <MCI><ERROR> startVsync: 383: ERROR: Display event callbacks is not registered
04-23 23:32:48.752   755   755 I QCamera : <HAL><INFO> closeCamera: 2418: [KPI Perf]: X PROFILE_CLOSE_CAMERA camera id 3, rc: 0
04-23 23:32:48.753   755   755 I QCamera : <HAL><INFO> close_camera_device: 1545: [KPI Perf]: X
04-23 23:32:48.753   755   755 I ServiceManagement: Removing namespace from process name android.hardware.camera.provider@2.4-service to provider@2.4-se.
04-23 23:32:48.754   755   755 I android.hardware.camera.provider@2.4-service: Registration complete for android.hardware.camera.provider@2.4::ICameraProvider/legacy/0.
04-23 23:32:48.755  1180  1180 E /system/bin/cameraserver: Could not unregister service notification for android.hardware.camera.provider@2.4::ICameraProvider/legacy/0.
04-23 23:32:48.755  1180  1180 I CameraProviderManager: Connecting to new camera provider: legacy/0, isRemote? 1
04-23 23:32:48.755  1180  1180 I CameraProviderManager: Enumerating new camera device: device@1.0/legacy/0
04-23 23:32:48.758   755  1913 I CamDev@1.0-impl: Opening camera 0
04-23 23:32:48.758   755  1913 I QCamera : <HAL><INFO> openLegacy: 503: openLegacy halVersion: 256 cameraId = 0
04-23 23:32:48.758   755  1913 D vndksupport: Loading /vendor/lib/hw/power.qcom.so from current namespace instead of sphal namespace.
04-23 23:32:48.760   755  1913 I QCamera : <HAL><INFO> openCamera: 1898: [KPI Perf]: E PROFILE_OPEN_CAMERA camera id 0
04-23 23:32:48.760   755  1913 E QCamera : <HAL><ERROR> acquirePerfLock: 515: Failed to acquire the perf lock
04-23 23:32:48.760  1180  1180 W CameraProviderManager: Camera provider legacy/0 says an unknown camera device@1.0/legacy/0 now has torch status 0. Curious.
04-23 23:32:48.760  1180  1180 W CameraProviderManager: Camera provider legacy/0 says an unknown camera device@3.3/legacy/0 now has torch status 0. Curious.
04-23 23:32:48.769   755  1913 D QCamera : Debug log file is not enabled
04-23 23:32:48.769   755  1913 I mm-camera: <MCT   >< INFO> 118: mct_controller_new: Creating new mct_controller with session-id 3
04-23 23:32:48.770   755  1919 I mm-camera: <MCT   >< INFO> 5121: mct_pipeline_start_session_thread: E sensor
04-23 23:32:48.770   755  1919 I mm-camera: <MCT   >< INFO> 5128: mct_pipeline_start_session_thread: Calling start_session on Module sensor
04-23 23:32:48.770   755  1920 I mm-camera: <MCT   >< INFO> 5121: mct_pipeline_start_session_thread: E iface
04-23 23:32:48.770   755  1920 I mm-camera: <MCT   >< INFO> 5128: mct_pipeline_start_session_thread: Calling start_session on Module iface
04-23 23:32:48.770   755  1921 I mm-camera: <MCT   >< INFO> 5121: mct_pipeline_start_session_thread: E isp
04-23 23:32:48.771   755  1921 I mm-camera: <MCT   >< INFO> 5128: mct_pipeline_start_session_thread: Calling start_session on Module isp
04-23 23:32:48.771   755  1921 I mm-camera: <ISP   >< INFO> 210: isp_module_start_session: session id 3 
04-23 23:32:48.771   755  1920 I mm-camera: <MCT   >< INFO> 5131: mct_pipeline_start_session_thread: Module iface start_session rc = 1
04-23 23:32:48.771   755  1920 I mm-camera: <MCT   >< INFO> 5139: mct_pipeline_start_session_thread: started_num = 1, success = 1
04-23 23:32:48.771   755  1920 I mm-camera: <MCT   >< INFO> 5146: mct_pipeline_start_session_thread: X iface
04-23 23:32:48.772   755  1924 I mm-camera: <MCT   >< INFO> 5121: mct_pipeline_start_session_thread: E stats
04-23 23:32:48.772   755  1924 I mm-camera: <MCT   >< INFO> 5128: mct_pipeline_start_session_thread: Calling start_session on Module stats
04-23 23:32:48.772   755  1925 I mm-camera: <MCT   >< INFO> 5121: mct_pipeline_start_session_thread: E pproc
04-23 23:32:48.772   755  1925 I mm-camera: <MCT   >< INFO> 5128: mct_pipeline_start_session_thread: Calling start_session on Module pproc
04-23 23:32:48.773   755  1927 I mm-camera: <MCT   >< INFO> 5121: mct_pipeline_start_session_thread: E imglib
04-23 23:32:48.773   755  1927 I mm-camera: <MCT   >< INFO> 5128: mct_pipeline_start_session_thread: Calling start_session on Module imglib
04-23 23:32:48.773   755  1921 I mm-camera: <MCT   >< INFO> 5131: mct_pipeline_start_session_thread: Module isp start_session rc = 1
04-23 23:32:48.773   755  1921 I mm-camera: <MCT   >< INFO> 5139: mct_pipeline_start_session_thread: started_num = 2, success = 2
04-23 23:32:48.773   755  1921 I mm-camera: <MCT   >< INFO> 5146: mct_pipeline_start_session_thread: X isp
04-23 23:32:48.774   755  1927 I mm-camera: <MCT   >< INFO> 5131: mct_pipeline_start_session_thread: Module imglib start_session rc = 1
04-23 23:32:48.774   755  1927 I mm-camera: <MCT   >< INFO> 5139: mct_pipeline_start_session_thread: started_num = 3, success = 3
04-23 23:32:48.774   755  1927 I mm-camera: <MCT   >< INFO> 5146: mct_pipeline_start_session_thread: X imglib
04-23 23:32:48.774   755  1925 I mm-camera: <MCT   >< INFO> 5131: mct_pipeline_start_session_thread: Module pproc start_session rc = 1
04-23 23:32:48.774   755  1925 I mm-camera: <MCT   >< INFO> 5139: mct_pipeline_start_session_thread: started_num = 4, success = 4
04-23 23:32:48.774   755  1925 I mm-camera: <MCT   >< INFO> 5146: mct_pipeline_start_session_thread: X pproc
04-23 23:32:48.775   755  1924 I mm-camera: <MCT   >< INFO> 5131: mct_pipeline_start_session_thread: Module stats start_session rc = 1
04-23 23:32:48.776   755  1924 I mm-camera: <MCT   >< INFO> 5139: mct_pipeline_start_session_thread: started_num = 5, success = 5
04-23 23:32:48.776   755  1924 I mm-camera: <MCT   >< INFO> 5146: mct_pipeline_start_session_thread: X stats
04-23 23:32:48.840  1174  1174 E ActivityRecognitionHardware: activity_recognition HAL is deprecated. class_init is effectively a no-op
04-23 23:32:48.864  1174  1174 W Zygote  : Class not found for preloading: android.icu.impl.number.Parse
04-23 23:32:48.870  1174  1174 I zygote64: Thread[1,tid=1174,Native,Thread*=0x73f8ac2a00,peer=0x12c01de8,"main"] recursive attempt to load library "/system/lib64/libmedia_jni.so"
04-23 23:32:48.870  1174  1174 D MtpDeviceJNI: register_android_mtp_MtpDevice
04-23 23:32:48.871  1174  1174 I zygote64: Thread[1,tid=1174,Native,Thread*=0x73f8ac2a00,peer=0x12c01de8,"main"] recursive attempt to load library "/system/lib64/libmedia_jni.so"
04-23 23:32:48.871  1174  1174 I zygote64: Thread[1,tid=1174,Native,Thread*=0x73f8ac2a00,peer=0x12c01de8,"main"] recursive attempt to load library "/system/lib64/libmedia_jni.so"
04-23 23:32:48.884   755  1919 I mm-camera: <MCT   >< INFO> 5131: mct_pipeline_start_session_thread: Module sensor start_session rc = 1
04-23 23:32:48.884   755  1919 I mm-camera: <MCT   >< INFO> 5139: mct_pipeline_start_session_thread: started_num = 6, success = 6
04-23 23:32:48.884   755  1919 I mm-camera: <MCT   >< INFO> 5146: mct_pipeline_start_session_thread: X sensor
04-23 23:32:48.889   755  1913 I mm-camera: <MCT   >< INFO> 5042: mct_pipeline_start_stream_internal: Adding session stream streamid= 0xf for session=3
04-23 23:32:48.889   755  1913 I mm-camera: <MCT   >< INFO> 5090: mct_pipeline_start_stream_internal: Linking session stream for session 3
04-23 23:32:48.889   755  1913 I mm-camera: <MCT   >< INFO> 525: mct_stream_start_link: Start linking Session-stream 0x3000f
04-23 23:32:48.889   755  1913 I mm-camera: <IFACE >< INFO> 344: iface_util_find_primary_cid: iface_util_find_primary_cid:344 error cannot find primary sensor format cids 1
04-23 23:32:48.889   755  1913 I mm-camera: <ISP   >< INFO> 849: isp_port_check_caps_reserve: port 0xe9c77540 ide 3000f type 10 dim 0 0
04-23 23:32:48.889   755  1913 I mm-camera: <PPROC >< INFO> 449: pproc_port_add_modules_to_stream: in identity 3000f stream 10 int_link = 0xe9bf5e00
04-23 23:32:48.889   755  1913 I mm-camera: <PPROC >< INFO> 461: pproc_port_add_modules_to_stream: :LINK linking mods tmod and paaf for identity 3000f
04-23 23:32:48.890   755  1913 I mm-camera: <PPROC >< INFO> 461: pproc_port_add_modules_to_stream: :LINK linking mods paaf and sat for identity 3000f
04-23 23:32:48.890   755  1913 I mm-camera: <PPROC >< INFO> 461: pproc_port_add_modules_to_stream: :LINK linking mods sat and ppeiscore for identity 3000f
04-23 23:32:48.890   755  1913 I mm-camera: <PPROC >< INFO> 461: pproc_port_add_modules_to_stream: :LINK linking mods ppeiscore and c2d for identity 3000f
04-23 23:32:48.890   755  1913 I mm-camera: <C2D   >< INFO> 1557: c2d_module_notify_add_stream: width 0, height 0, stride 0, scanline 0, is_type 0
04-23 23:32:48.890   755  1913 I mm-camera: <PPROC >< INFO> 461: pproc_port_add_modules_to_stream: :LINK linking mods c2d and cpp for identity 3000f
04-23 23:32:48.890   755  1913 I mm-camera: <CPP   >< INFO> 2389: cpp_module_notify_add_stream: :stream 10, width 0, height 0, stride 0,scanline 0, framelen 0
04-23 23:32:48.890   755  1913 I mm-camera: <CPP   >< INFO> 2546: cpp_module_notify_add_stream: : stream 10, fmt 1, asf_mode 0, sharpness_level 0.000000,asf mask 0, denoise 0, denoise_mask 0, dsdn mask 0,dsdn enable 0, tnr mask 0, tnr enable 0, ds_mask 0, luma dsdn 0
04-23 23:32:48.890   755  1913 I mm-camera: <PPROC >< INFO> 461: pproc_port_add_modules_to_stream: :LINK linking mods cpp and rtbdm for identity 3000f
04-23 23:32:48.891   755  1913 I mm-camera: <PPROC >< INFO> 461: pproc_port_add_modules_to_stream: :LINK linking mods rtbdm and depth_map for identity 3000f
04-23 23:32:48.891   755  1913 I mm-camera: <PPROC >< INFO> 461: pproc_port_add_modules_to_stream: :LINK linking mods depth_map and rtb for identity 3000f
04-23 23:32:48.891   755  1913 I mm-camera: <PPROC >< INFO> 461: pproc_port_add_modules_to_stream: :LINK linking mods rtb and ezt for identity 3000f
04-23 23:32:48.891   755  1913 I mm-camera: <PPROC >< INFO> 461: pproc_port_add_modules_to_stream: :LINK linking mods ezt and quadracfa for identity 3000f
04-23 23:32:48.892   755  1913 E mm-camera: <STATS ><ERROR> 3011: stats_port_check_caps_reserve: Invalid Port capability type!
04-23 23:32:48.892   755  1913 I chatty  : uid=1047(cameraserver) HwBinder:755_2 identical 3 lines
04-23 23:32:48.892   755  1913 E mm-camera: <STATS ><ERROR> 3011: stats_port_check_caps_reserve: Invalid Port capability type!
04-23 23:32:48.893   755  1913 I mm-camera: <MCT   >< INFO> 5099: mct_pipeline_start_stream_internal: Session stream linked successfully session 3
04-23 23:32:48.893   755  1913 I QCamera : <MCI><INFO> startVsync: 407: Display sync event started
