04-23 23:32:47.093  1167  1167 I ThermalEngine: #algo_type ss
04-23 23:32:47.093  1167  1167 I ThermalEngine: sampling 10
04-23 23:32:47.093  1167  1167 I ThermalEngine: sensor gpu
04-23 23:32:47.093  1167  1167 I ThermalEngine: device gpu
04-23 23:32:47.093  1167  1167 I ThermalEngine: set_point 95000
04-23 23:32:47.093  1167  1167 I ThermalEngine: set_point_clr 65000
04-23 23:32:47.093  1167  1167 I ThermalEngine: time_constant 0
04-23 23:32:47.093  1167  1167 I ThermalEngine: device_max_limit 588000000
04-23 23:32:47.093  1167  1167 I ThermalEngine: [SPEAKER-CAL]
04-23 23:32:47.093  1167  1167 I ThermalEngine: sampling 30000 30000 10 1800000
04-23 23:32:47.093  1167  1167 I ThermalEngine: sensor pm660_tz
04-23 23:32:47.093  1167  1167 I ThermalEngine: sensors tsens_tz_sensor8 tsens_tz_sensor9 tsens_tz_sensor10 tsens_tz_sensor11 tsens_tz_sensor13
04-23 23:32:47.093  1167  1167 I ThermalEngine: temp_range 6000 10000 2000
04-23 23:32:47.093  1167  1167 I ThermalEngine: max_temp 45000
04-23 23:32:47.093  1167  1167 I ThermalEngine: offset -4000
04-23 23:32:47.094  1206  1270 D QCALOG  : [location-mq] SRV Socket-Opend
04-23 23:32:47.100   755  1286 I mm-camera: <MCT   >< INFO> 4933: mct_pipeline_stop_session_thread: Stop module name: isp - E
04-23 23:32:47.100   755  1286 I mm-camera: <ISP   >< INFO> 506: isp_module_stop_session: session id 3
04-23 23:32:47.101   755  1286 I mm-camera: <MCT   >< INFO> 4941: mct_pipeline_stop_session_thread: Stop module name: isp - X
04-23 23:32:47.101  1167  1296 E LimitsPwr: open dir failed on /sys/class/uio, errno = 13
04-23 23:32:47.103   755  1288 I mm-camera: <MCT   >< INFO> 4933: mct_pipeline_stop_session_thread: Stop module name: stats - E
04-23 23:32:47.107   755  1288 I mm-camera: <MCT   >< INFO> 4941: mct_pipeline_stop_session_thread: Stop module name: stats - X
04-23 23:32:47.110  1203  1279 I cnss-daemon: wlfw_send_cap_req: chip_id: 0x30214, chip_family 0x4001, board_id: 0xff, soc_id: 0x40050000, fw_version: 0x10190188, fw_build_timestamp: 2018-04-18 03:21
04-23 23:32:47.117   755  1303 I mm-camera: <MCT   >< INFO> 4933: mct_pipeline_stop_session_thread: Stop module name: pproc - E
04-23 23:32:47.118   755  1303 E mm-camera: <IMGLIB><ERROR> 328: AllocateBuffers: Nothing allocated or already freed!
04-23 23:32:47.118   755  1303 I mm-camera: <MCT   >< INFO> 4941: mct_pipeline_stop_session_thread: Stop module name: pproc - X
04-23 23:32:47.089  1167  1167 W thermal-engine: type=1400 audit(0.0:17): avc: denied { read } for name="uio" dev="sysfs" ino=33609 scontext=u:r:thermal-engine:s0 tcontext=u:object_r:sysfs_uio:s0 tclass=dir permissive=0
04-23 23:32:47.118   755   755 I mm-camera: <MCT   >< INFO> 5221: mct_pipeline_stop_session: Modules left: 5
04-23 23:32:47.118   755   755 I mm-camera: <MCT   >< INFO> 5221: mct_pipeline_stop_session: Modules left: 4
04-23 23:32:47.118   755   755 I mm-camera: <MCT   >< INFO> 5221: mct_pipeline_stop_session: Modules left: 3
04-23 23:32:47.118   755   755 I mm-camera: <MCT   >< INFO> 5221: mct_pipeline_stop_session: Modules left: 2
04-23 23:32:47.118   755   755 I mm-camera: <MCT   >< INFO> 5221: mct_pipeline_stop_session: Modules left: 1
04-23 23:32:47.120  1167  1294 I ThermalEngine: ACTION: MODEM - Vdd_restriction mitigation succeeded for level 0.
04-23 23:32:47.120  1167  1294 I ThermalEngine: Mitigation:VDD[MODEM]:0
04-23 23:32:47.120  1213  1213 I QFP     : main: App build date: Apr 30 2018 02:30:16 
04-23 23:32:47.120  1213  1213 W QFP     : main: fingerprint not enabled, suspending
04-23 23:32:47.122  1212  1212 E Seemp   : SEEMP_LOG_SPHINX: (Native) Start Delay for Main Process is 2 seconds
04-23 23:32:47.127   755  1305 I mm-camera: <MCT   >< INFO> 4933: mct_pipeline_stop_session_thread: Stop module name: imglib - E
04-23 23:32:47.127   755  1305 I mm-camera: <MCT   >< INFO> 4941: mct_pipeline_stop_session_thread: Stop module name: imglib - X
04-23 23:32:47.127   755   755 I mm-camera: <MCT   >< INFO> 5221: mct_pipeline_stop_session: Modules left: 0
04-23 23:32:47.127   755   755 I mm-camera: <MCT   >< INFO> 5231: mct_pipeline_stop_session: Stopped session 3 successfully
04-23 23:32:47.127   755   755 I mm-camera: <MCT   >< INFO> 5531: mct_pipeline_destroy: E: session:3
04-23 23:32:47.127   755   755 E mm-camera: <MCT   ><ERROR> 179: stop_sof_check_thread: Returning as SOF timer thread not yet initialized
04-23 23:32:47.127   755   755 I mm-camera: <MCT   >< INFO> 5608: mct_pipeline_destroy: X: Pipeline destroyed successfully session =3
04-23 23:32:47.127   755   755 I mm-camera: <MCT   >< INFO> 422: mct_controller_destroy: X Successfully closed mct_controller session 3
04-23 23:32:47.128  1167  1294 I ThermalEngine: ACTION: ADSP - Vdd_restriction mitigation succeeded for level 0.
04-23 23:32:47.128  1167  1294 I ThermalEngine: Mitigation:VDD[ADSP]:0
04-23 23:32:47.128  1167  1294 I ThermalEngine: hotplug_ktm_disable_cb: write out 0
04-23 23:32:47.130   755   755 E CamComm1.0-MD: Update metadata entry: Unknown tag -2145976319
04-23 23:32:47.130   755   755 E CamComm1.0-MD: Update metadata entry: Unknown tag -2145976317
04-23 23:32:47.130   755   755 I QCamera : <HAL><INFO> getCamInfo: 10409: camera 0 resource cost is 100
04-23 23:32:47.130   755   755 I QCamera : <HAL><INFO> openLegacy: 503: openLegacy halVersion: 256 cameraId = 0
04-23 23:32:47.131  1280  1280 I /system/bin/tombstoned: tombstoned successfully initialized
04-23 23:32:47.132  1187  1187 W ADebug  : Failed to get property persist.sys.media.traces
04-23 23:32:47.159   755   755 D vndksupport: Loading /vendor/lib/hw/power.qcom.so from current namespace instead of sphal namespace.
04-23 23:32:47.146  1190  1309 I ServiceManager: Waiting for service package_native...
04-23 23:32:47.174  1191  1191 I wificond: InitializeIcuOrDie finished...
04-23 23:32:47.175  1191  1191 I wificond: wifigbk_init...
04-23 23:32:47.181  1301  1301 D LocSvc_LBSProxy: checkIfLocationExtendedClientExists] File Exists
04-23 23:32:47.186  1189  1189 I Netd    : Netd 1.0 starting
04-23 23:32:47.192  1189  1189 D TetherController: Setting IP forward enable = 0
04-23 23:32:47.195  1301  1316 I LocSvc_api_v02: locClientOpen:1945]: Service instance id is -1
04-23 23:32:47.195  1301  1316 I LocSvc_api_v02: ---> locClientOpenInstance line 1828 loc client open
04-23 23:32:47.196  1301  1316 E QMI_FW  : QMUXD: WARNING qmi_qmux_if_pwr_up_init failed! rc=-6
04-23 23:32:47.196  1301  1316 I LocSvc_api_v02: ---> locClientSendReq line 2102 QMI_LOC_REG_EVENTS_REQ_V02
04-23 23:32:47.197  1298  1298 W XTIA    : [XTIA] wifi: 1, ap cell: 0, modem cell need ap: 1, waa: 0
04-23 23:32:47.197  1298  1298 W XTIA    : 	sstp: 0
04-23 23:32:47.201  1168  1218 E /system/vendor/bin/adsprpcd: vendor/qcom/proprietary/adsprpc/src/apps_std_imp.c:695:Error 45: fopen failed for custom_sm_ecns_1.so.1. (No such file or directory)
04-23 23:32:47.205   755   755 I QCamera : <HAL><INFO> openCamera: 1898: [KPI Perf]: E PROFILE_OPEN_CAMERA camera id 0
04-23 23:32:47.208  1168  1218 E /system/vendor/bin/adsprpcd: vendor/qcom/proprietary/adsprpc/src/apps_std_imp.c:695:Error 45: fopen failed for custom_sm_ecns_2.so.1. (No such file or directory)
04-23 23:32:47.209  1168  1218 E /system/vendor/bin/adsprpcd: vendor/qcom/proprietary/adsprpc/src/apps_std_imp.c:695:Error 45: fopen failed for custom_dm_ecns_1.so.1. (No such file or directory)
04-23 23:32:47.211  1168  1218 E /system/vendor/bin/adsprpcd: vendor/qcom/proprietary/adsprpc/src/apps_std_imp.c:695:Error 45: fopen failed for custom_dm_ecns_2.so.1. (No such file or directory)
04-23 23:32:47.213  1168  1218 E /system/vendor/bin/adsprpcd: vendor/qcom/proprietary/adsprpc/src/apps_std_imp.c:695:Error 45: fopen failed for custom_qm_ecns_1.so.1. (No such file or directory)
04-23 23:32:47.214  1168  1218 E /system/vendor/bin/adsprpcd: vendor/qcom/proprietary/adsprpc/src/apps_std_imp.c:695:Error 45: fopen failed for custom_qm_ecns_2.so.1. (No such file or directory)
04-23 23:32:47.215  1191  1191 E wificond: Failed to get wiphy indices
04-23 23:32:47.216  1187  1187 I mediametrics: ServiceManager: 0x718c43f6c0
04-23 23:32:47.216  1187  1187 D MediaAnalyticsService: MediaAnalyticsService created
04-23 23:32:47.216  1187  1187 D MediaAnalyticsService: MediaAnalyticsService::newSummarizerSet
04-23 23:32:47.216   755   755 E QCamera : <HAL><ERROR> acquirePerfLock: 515: Failed to acquire the perf lock
04-23 23:32:47.216  1301  1316 I LocSvc_api_v02: ---> locClientSupportMsgCheck line 2221 QMI_LOC_GET_SUPPORTED_MSGS_REQ_V02
04-23 23:32:47.219  1301  1316 I LocSvc_api_v02: ---> locClientSendReq line 2102 QMI_LOC_QUERY_AON_CONFIG_REQ_V02
04-23 23:32:47.223  1217  1217 I gatekeeperd: Starting gatekeeperd...
04-23 23:32:47.224  1301  1326 I LocSvc_ApiV02: <--- globalRespCb line 141 QMI_LOC_QUERY_AON_CONFIG_REQ_V02
04-23 23:32:47.224  1301  1316 I LocSvc_api_v02: ---> locClientSendReq line 2102 QMI_LOC_GET_SUPPORTED_FEATURE_REQ_V02
04-23 23:32:47.224  1301  1326 I LocSvc_ApiV02: <--- globalRespCb line 141 QMI_LOC_GET_SUPPORTED_FEATURE_REQ_V02
04-23 23:32:47.224  1301  1316 I LocSvc_api_v02: ---> locClientSendReq line 2102 QMI_LOC_SET_GNSS_CONSTELL_REPORT_CONFIG_V02
04-23 23:32:47.226  1301  1326 I LocSvc_ApiV02: <--- globalRespCb line 141 QMI_LOC_SET_GNSS_CONSTELL_REPORT_CONFIG_V02
04-23 23:32:47.227  1301  1316 I LocSvc_api_v02: ---> locClientSendReq line 2102 QMI_LOC_SET_PREMIUM_SERVICES_CONFIG_REQ_V02
04-23 23:32:47.228  1301  1326 I LocSvc_ApiV02: <--- globalRespCb line 141 QMI_LOC_SET_PREMIUM_SERVICES_CONFIG_REQ_V02
04-23 23:32:47.228  1301  1316 I LocSvc_api_v02: ---> locClientSendReq line 2102 QMI_LOC_SET_PREMIUM_SERVICES_CONFIG_REQ_V02
04-23 23:32:47.229  1301  1326 I LocSvc_ApiV02: <--- globalRespCb line 141 QMI_LOC_SET_PREMIUM_SERVICES_CONFIG_REQ_V02
04-23 23:32:47.229  1301  1316 I LocSvc_api_v02: ---> locClientSendReq line 2102 QMI_LOC_SET_PREMIUM_SERVICES_CONFIG_REQ_V02
04-23 23:32:47.234  1301  1326 I LocSvc_ApiV02: <--- globalRespCb line 141 QMI_LOC_SET_PREMIUM_SERVICES_CONFIG_REQ_V02
04-23 23:32:47.234  1301  1316 I LocSvc_api_v02: ---> locClientSendReq line 2102 QMI_LOC_REG_EVENTS_REQ_V02
04-23 23:32:47.234  1174  1174 W ADebug  : Failed to get property persist.sys.media.traces
04-23 23:32:47.235   755   755 D QCamera : Debug log file is not enabled
04-23 23:32:47.236   755   755 I mm-camera: <MCT   >< INFO> 118: mct_controller_new: Creating new mct_controller with session-id 3
04-23 23:32:47.241  1186  1186 W ADebug  : Failed to get property persist.sys.media.traces
04-23 23:32:47.257  1297  1297 I LOWI-8.5.0.3.b: [MessageQ_Client] connecting to server [/data/vendor/location/mq/location-mq-s]
04-23 23:32:47.257  1297  1297 I LOWI-8.5.0.3.b: [MessageQ_Client] connected
04-23 23:32:47.257  1297  1297 I LOWI-8.5.0.3.b: [LOWIController] loadConfigItems: Log level = 3, Cache Records = 100, max queue size = 255, fresh scan threshold = 500
04-23 23:32:47.260   755  1354 I mm-camera: <MCT   >< INFO> 5121: mct_pipeline_start_session_thread: E sensor
04-23 23:32:47.260   755  1354 I mm-camera: <MCT   >< INFO> 5128: mct_pipeline_start_session_thread: Calling start_session on Module sensor
04-23 23:32:47.262   755  1357 I mm-camera: <MCT   >< INFO> 5121: mct_pipeline_start_session_thread: E iface
04-23 23:32:47.262   755  1357 I mm-camera: <MCT   >< INFO> 5128: mct_pipeline_start_session_thread: Calling start_session on Module iface
04-23 23:32:47.263  1174  1174 D AndroidRuntime: >>>>>> START com.android.internal.os.ZygoteInit uid 0 <<<<<<
04-23 23:32:47.265  1297  1297 E Diag_Lib:  Diag_LSM_Init: Failed to open handle to diag driver, error = 13
04-23 23:32:47.266  1297  1297 E LOWI-8.5.0.3.b: [LOWIDiagLog] Diag logging could not be enabled
04-23 23:32:47.267  1189  1189 I Netd    : Creating child chains: 70.9ms
04-23 23:32:47.267  1189  1189 I Netd    : Setting up OEM hooks: 0.2ms
04-23 23:32:47.272  1185  1185 W ADebug  : Failed to get property persist.sys.media.traces
04-23 23:32:47.273   755  1360 I mm-camera: <MCT   >< INFO> 5121: mct_pipeline_start_session_thread: E isp
04-23 23:32:47.273   755  1360 I mm-camera: <MCT   >< INFO> 5128: mct_pipeline_start_session_thread: Calling start_session on Module isp
04-23 23:32:47.273   755  1360 I mm-camera: <ISP   >< INFO> 210: isp_module_start_session: session id 3 
04-23 23:32:47.274   755  1357 I mm-camera: <MCT   >< INFO> 5131: mct_pipeline_start_session_thread: Module iface start_session rc = 1
04-23 23:32:47.274   755  1357 I mm-camera: <MCT   >< INFO> 5139: mct_pipeline_start_session_thread: started_num = 1, success = 1
04-23 23:32:47.274   755  1357 I mm-camera: <MCT   >< INFO> 5146: mct_pipeline_start_session_thread: X iface
04-23 23:32:47.275  1189  1189 I Netd    : Setting up FirewallController hooks: 7.6ms
04-23 23:32:47.277   755  1354 I mm-camera: <MCT   >< INFO> 5131: mct_pipeline_start_session_thread: Module sensor start_session rc = 1
04-23 23:32:47.277   755  1354 I mm-camera: <MCT   >< INFO> 5139: mct_pipeline_start_session_thread: started_num = 2, success = 2
04-23 23:32:47.277   755  1354 I mm-camera: <MCT   >< INFO> 5146: mct_pipeline_start_session_thread: X sensor
04-23 23:32:47.279  1189  1189 I Netd    : Setting up NatController hooks: 4.0ms
04-23 23:32:47.281  1189  1189 I Netd    : Setting up BandwidthController hooks: 2.3ms
04-23 23:32:47.281  1189  1189 I Netd    : Setting up IdletimerController hooks: 0.0ms
04-23 23:32:47.286  1189  1189 I Netd    : Disabling bandwidth control: 5.0ms
04-23 23:32:47.288  1189  1189 I Netd    : Initializing RouteController: 1.3ms
04-23 23:32:47.288  1189  1189 E Netd    : Unable to create netlink socket: Protocol not supported
04-23 23:32:47.288  1189  1189 W Netd    : Unable to open qlog quota socket, check if xt_quota2 can send via UeventHandler
04-23 23:32:47.288  1189  1189 D MDnsDS  : MDnsSdListener::Hander starting up
04-23 23:32:47.299   755  1364 I mm-camera: <MCT   >< INFO> 5121: mct_pipeline_start_session_thread: E stats
04-23 23:32:47.299   755  1364 I mm-camera: <MCT   >< INFO> 5128: mct_pipeline_start_session_thread: Calling start_session on Module stats
04-23 23:32:47.300  1214  1214 D [gf_ca_entry]: gf_ca_open_session
04-23 23:32:47.300  1214  1214 D QSEECOMAPI: QSEECom_get_handle sb_length = 0x1000
04-23 23:32:47.301   755  1364 I mm-camera: <MCT   >< INFO> 5131: mct_pipeline_start_session_thread: Module stats start_session rc = 1
04-23 23:32:47.302   755  1364 I mm-camera: <MCT   >< INFO> 5139: mct_pipeline_start_session_thread: started_num = 3, success = 3
04-23 23:32:47.302   755  1364 I mm-camera: <MCT   >< INFO> 5146: mct_pipeline_start_session_thread: X stats
04-23 23:32:47.303  1189  1372 D MDnsDS  : MDnsSdListener starting to monitor
04-23 23:32:47.303  1189  1372 D MDnsDS  : Going to poll with pollCount 1
04-23 23:32:47.303  1186  1186 V MediaUtils: physMem: 6013669376
04-23 23:32:47.303  1186  1186 V MediaUtils: requested limit: 1202733860
04-23 23:32:47.303  1186  1186 V MediaUtils: cfi shadow size: 2147483648
04-23 23:32:47.303  1186  1186 V MediaUtils: actual limit: 3350217508
04-23 23:32:47.303  1186  1186 V MediaUtils: original limits: -1/-1
04-23 23:32:47.303  1186  1186 V MediaUtils: new limits: 3350217508/-1
04-23 23:32:47.304   755  1377 I mm-camera: <MCT   >< INFO> 5121: mct_pipeline_start_session_thread: E pproc
04-23 23:32:47.304   755  1377 I mm-camera: <MCT   >< INFO> 5128: mct_pipeline_start_session_thread: Calling start_session on Module pproc
04-23 23:32:47.304  1299  1299 D LocSvc_LBSProxy: checkIfLocationExtendedClientExists] File Exists
04-23 23:32:47.306  1174  1174 I zygote64: option[0]=-Xzygote
04-23 23:32:47.306  1174  1174 I zygote64: option[1]=-Xusetombstonedtraces
04-23 23:32:47.306  1174  1174 I zygote64: option[2]=exit
04-23 23:32:47.306  1174  1174 I zygote64: option[3]=vfprintf
04-23 23:32:47.306  1174  1174 I zygote64: option[4]=sensitiveThread
04-23 23:32:47.306  1174  1174 I zygote64: option[5]=-verbose:gc
04-23 23:32:47.306  1174  1174 I zygote64: option[6]=-Xms8m
04-23 23:32:47.306  1174  1174 I zygote64: option[7]=-Xmx512m
04-23 23:32:47.306  1174  1174 I zygote64: option[8]=-XX:HeapGrowthLimit=256m
04-23 23:32:47.306  1174  1174 I zygote64: option[9]=-XX:HeapMinFree=512k
04-23 23:32:47.306  1174  1174 I zygote64: option[10]=-XX:HeapMaxFree=8m
04-23 23:32:47.306  1174  1174 I zygote64: option[11]=-XX:HeapTargetUtilization=0.75
04-23 23:32:47.306  1174  1174 I zygote64: option[12]=-Xusejit:true
04-23 23:32:47.306  1174  1174 I zygote64: option[13]=-Xjitsaveprofilinginfo
04-23 23:32:47.306  1174  1174 I zygote64: option[14]=-agentlib:jdwp=transport=dt_android_adb,suspend=n,server=y
04-23 23:32:47.306  1174  1174 I zygote64: option[15]=-Xlockprofthreshold:500
04-23 23:32:47.306  1174  1174 I zygote64: option[16]=-Ximage-compiler-option
04-23 23:32:47.306  1174  1174 I zygote64: option[17]=--runtime-arg
04-23 23:32:47.306  1174  1174 I zygote64: option[18]=-Ximage-compiler-option
04-23 23:32:47.306  1174  1174 I zygote64: option[19]=-Xms64m
04-23 23:32:47.306  1174  1174 I zygote64: option[20]=-Ximage-compiler-option
04-23 23:32:47.306  1174  1174 I zygote64: option[21]=--runtime-arg
04-23 23:32:47.306  1174  1174 I zygote64: option[22]=-Ximage-compiler-option
04-23 23:32:47.306  1174  1174 I zygote64: option[23]=-Xmx64m
04-23 23:32:47.306  1174  1174 I zygote64: option[24]=-Ximage-compiler-option
04-23 23:32:47.306  1174  1174 I zygote64: option[25]=--image-classes=/system/etc/preloaded-classes
04-23 23:32:47.306  1174  1174 I zygote64: option[26]=-Ximage-compiler-option
04-23 23:32:47.307  1174  1174 I zygote64: option[27]=--compiled-classes=/system/etc/compiled-classes
04-23 23:32:47.307  1174  1174 I zygote64: option[28]=-Ximage-compiler-option
04-23 23:32:47.307  1174  1174 I zygote64: option[29]=--dirty-image-objects=/system/etc/dirty-image-objects
04-23 23:32:47.307  1174  1174 I zygote64: option[30]=-Xcompiler-option
04-23 23:32:47.307  1174  1174 I zygote64: option[31]=--runtime-arg
04-23 23:32:47.307  1174  1174 I zygote64: option[32]=-Xcompiler-option
04-23 23:32:47.307  1174  1174 I zygote64: option[33]=-Xms64m
04-23 23:32:47.307  1174  1174 I zygote64: option[34]=-Xcompiler-option
04-23 23:32:47.307  1174  1174 I zygote64: option[35]=--runtime-arg
04-23 23:32:47.307  1174  1174 I zygote64: option[36]=-Xcompiler-option
04-23 23:32:47.307  1174  1174 I zygote64: option[37]=-Xmx512m
04-23 23:32:47.307  1174  1174 I zygote64: option[38]=-Ximage-compiler-option
04-23 23:32:47.307  1174  1174 I zygote64: option[39]=--instruction-set-variant=generic
04-23 23:32:47.307  1174  1174 I zygote64: option[40]=-Xcompiler-option
04-23 23:32:47.307  1174  1174 I zygote64: option[41]=--instruction-set-variant=generic
04-23 23:32:47.307  1174  1174 I zygote64: option[42]=-Ximage-compiler-option
04-23 23:32:47.307  1174  1174 I zygote64: option[43]=--instruction-set-features=default
04-23 23:32:47.307  1174  1174 I zygote64: option[44]=-Xcompiler-option
04-23 23:32:47.307  1174  1174 I zygote64: option[45]=--instruction-set-features=default
04-23 23:32:47.307  1174  1174 I zygote64: option[46]=-Duser.locale=en-US
04-23 23:32:47.307  1174  1174 I zygote64: option[47]=--cpu-abilist=arm64-v8a
04-23 23:32:47.307  1174  1174 I zygote64: option[48]=-Xfingerprint:NG521/V020/V020:8.1.0/OPM1.171019.019/eng.bu2.20181130.143502:userdebug/release-keys
04-23 23:32:47.309  1185  1185 I mediaserver: ServiceManager: 0xe6a988c0
04-23 23:32:47.310  1189  1189 I Netd    : Registering NetdNativeService: 21.8ms
04-23 23:32:47.310  1189  1189 I Netd    : Starting CommandListener: 0.1ms
04-23 23:32:47.311   755  1379 I mm-camera: <MCT   >< INFO> 5121: mct_pipeline_start_session_thread: E imglib
04-23 23:32:47.311   755  1379 I mm-camera: <MCT   >< INFO> 5128: mct_pipeline_start_session_thread: Calling start_session on Module imglib
04-23 23:32:47.311   755  1379 I mm-camera: <MCT   >< INFO> 5131: mct_pipeline_start_session_thread: Module imglib start_session rc = 1
04-23 23:32:47.311   755  1379 I mm-camera: <MCT   >< INFO> 5139: mct_pipeline_start_session_thread: started_num = 4, success = 4
04-23 23:32:47.311   755  1379 I mm-camera: <MCT   >< INFO> 5146: mct_pipeline_start_session_thread: X imglib
04-23 23:32:47.312   755  1360 I mm-camera: <MCT   >< INFO> 5131: mct_pipeline_start_session_thread: Module isp start_session rc = 1
04-23 23:32:47.312   755  1360 I mm-camera: <MCT   >< INFO> 5139: mct_pipeline_start_session_thread: started_num = 5, success = 5
04-23 23:32:47.312   755  1360 I mm-camera: <MCT   >< INFO> 5146: mct_pipeline_start_session_thread: X isp
04-23 23:32:47.313  1189  1189 I Netd    : Registering NetdHwService: 2.0ms
04-23 23:32:47.313  1189  1189 I Netd    : Netd started in 127ms
04-23 23:32:47.313  1281  1281 I update_engine: [0423/233247:INFO:main.cc(113)] Chrome OS Update Engine starting
04-23 23:32:47.317  1186  1186 W /system/bin/mediaextractor: libminijail[1186]: allowing syscall: connect
04-23 23:32:47.317  1186  1186 W /system/bin/mediaextractor: libminijail[1186]: allowing syscall: fcntl
04-23 23:32:47.317  1186  1186 W /system/bin/mediaextractor: libminijail[1186]: allowing syscall: sendto
04-23 23:32:47.317  1186  1186 W /system/bin/mediaextractor: libminijail[1186]: allowing syscall: socket
04-23 23:32:47.317  1186  1186 W /system/bin/mediaextractor: libminijail[1186]: allowing syscall: writev
04-23 23:32:47.317  1186  1186 W /system/bin/mediaextractor: libminijail[1186]: compile_file: nonexistent syscall '_llseek'
04-23 23:32:47.318  1186  1186 W /system/bin/mediaextractor: libminijail[1186]: logging seccomp filter failures
04-23 23:32:47.318  1299  1299 D XTCC-6.1.2.10-a: [CCC-Main] config loaded 1
04-23 23:32:47.318  1299  1299 W XTCC-6.1.2.10-a: [CCC-Main] wifi: 1, ap cell: 0, modem cell need ap: 1, waa: 0
04-23 23:32:47.318  1299  1299 W XTCC-6.1.2.10-a: 	sstp: 0, tdp upload: 0, tdp download: 0
04-23 23:32:47.318  1299  1299 W XTCC-6.1.2.10-a: 	asn uri version 0
04-23 23:32:47.320  1194  1194 W ADebug  : Failed to get property persist.sys.media.traces
04-23 23:32:47.330   755  1377 I mm-camera: <MCT   >< INFO> 5131: mct_pipeline_start_session_thread: Module pproc start_session rc = 1
04-23 23:32:47.330   755  1377 I mm-camera: <MCT   >< INFO> 5139: mct_pipeline_start_session_thread: started_num = 6, success = 6
04-23 23:32:47.330   755  1377 I mm-camera: <MCT   >< INFO> 5146: mct_pipeline_start_session_thread: X pproc
04-23 23:32:47.333  1281  1281 I update_engine: [0423/233247:INFO:boot_control_android.cc(65)] Loaded boot control hidl hal.
04-23 23:32:47.333  1281  1281 I update_engine: [0423/233247:INFO:daemon_state_android.cc(43)] Booted in dev mode.
04-23 23:32:47.334   755   755 I mm-camera: <MCT   >< INFO> 5042: mct_pipeline_start_stream_internal: Adding session stream streamid= 0xf for session=3
04-23 23:32:47.334   755   755 I mm-camera: <MCT   >< INFO> 5090: mct_pipeline_start_stream_internal: Linking session stream for session 3
04-23 23:32:47.334   755   755 I mm-camera: <MCT   >< INFO> 525: mct_stream_start_link: Start linking Session-stream 0x3000f
04-23 23:32:47.334   755   755 I mm-camera: <IFACE >< INFO> 344: iface_util_find_primary_cid: iface_util_find_primary_cid:344 error cannot find primary sensor format cids 1
04-23 23:32:47.334   755   755 I mm-camera: <ISP   >< INFO> 849: isp_port_check_caps_reserve: port 0xe9c77540 ide 3000f type 10 dim 0 0
04-23 23:32:47.334   755   755 I mm-camera: <PPROC >< INFO> 449: pproc_port_add_modules_to_stream: in identity 3000f stream 10 int_link = 0xe9bf5e00
04-23 23:32:47.335   755   755 I mm-camera: <PPROC >< INFO> 461: pproc_port_add_modules_to_stream: :LINK linking mods tmod and paaf for identity 3000f
04-23 23:32:47.335   755   755 I mm-camera: <PPROC >< INFO> 461: pproc_port_add_modules_to_stream: :LINK linking mods paaf and sat for identity 3000f
04-23 23:32:47.335   755   755 I mm-camera: <PPROC >< INFO> 461: pproc_port_add_modules_to_stream: :LINK linking mods sat and ppeiscore for identity 3000f
04-23 23:32:47.335   755   755 I mm-camera: <PPROC >< INFO> 461: pproc_port_add_modules_to_stream: :LINK linking mods ppeiscore and c2d for identity 3000f
04-23 23:32:47.335   755   755 I mm-camera: <C2D   >< INFO> 1557: c2d_module_notify_add_stream: width 0, height 0, stride 0, scanline 0, is_type 0
04-23 23:32:47.335   755   755 I mm-camera: <PPROC >< INFO> 461: pproc_port_add_modules_to_stream: :LINK linking mods c2d and cpp for identity 3000f
04-23 23:32:47.335   755   755 I mm-camera: <CPP   >< INFO> 2389: cpp_module_notify_add_stream: :stream 10, width 0, height 0, stride 0,scanline 0, framelen 0
04-23 23:32:47.335   755   755 I mm-camera: <CPP   >< INFO> 2546: cpp_module_notify_add_stream: : stream 10, fmt 1, asf_mode 0, sharpness_level 0.000000,asf mask 0, denoise 0, denoise_mask 0, dsdn mask 0,dsdn enable 0, tnr mask 0, tnr enable 0, ds_mask 0, luma dsdn 0
04-23 23:32:47.335   755   755 I mm-camera: <PPROC >< INFO> 461: pproc_port_add_modules_to_stream: :LINK linking mods cpp and rtbdm for identity 3000f
04-23 23:32:47.335   755   755 I mm-camera: <PPROC >< INFO> 461: pproc_port_add_modules_to_stream: :LINK linking mods rtbdm and depth_map for identity 3000f
04-23 23:32:47.336   755   755 I mm-camera: <PPROC >< INFO> 461: pproc_port_add_modules_to_stream: :LINK linking mods depth_map and rtb for identity 3000f
04-23 23:32:47.336   755   755 I mm-camera: <PPROC >< INFO> 461: pproc_port_add_modules_to_stream: :LINK linking mods rtb and ezt for identity 3000f
04-23 23:32:47.336   755   755 I mm-camera: <PPROC >< INFO> 461: pproc_port_add_modules_to_stream: :LINK linking mods ezt and quadracfa for identity 3000f
04-23 23:32:47.336   755   755 E mm-camera: <STATS ><ERROR> 3011: stats_port_check_caps_reserve: Invalid Port capability type!
04-23 23:32:47.336   755   755 I chatty  : uid=1047(cameraserver) provider@2.4-se identical 3 lines
04-23 23:32:47.336   755   755 E mm-camera: <STATS ><ERROR> 3011: stats_port_check_caps_reserve: Invalid Port capability type!
04-23 23:32:47.337  1297  1391 I LOWI-8.5.0.3.b: [LOWIController] Client controller entering event loop
04-23 23:32:47.337   755   755 I mm-camera: <MCT   >< INFO> 5099: mct_pipeline_start_stream_internal: Session stream linked successfully session 3
04-23 23:32:47.338  1300  1300 D LocSvc_LBSProxy: checkIfLocationExtendedClientExists] File Exists
04-23 23:32:47.338  1299  1299 E XTCC-6.1.2.10-a: [NvParamMgr] getNvDataBlob, nv item GTP_WWAN_SUPPORTED_AIR_INTERFACE_TYPES not found
04-23 23:32:47.345  1299  1299 E XTCC-6.1.2.10-a: [StorageMgr] init tile_folder = /data/vendor/location/xtwifi
04-23 23:32:47.345  1299  1299 E XTCC-6.1.2.10-a: [FTFile] wakeLockAcquireOrRelease: open error: 13, Permission denied
04-23 23:32:47.345  1299  1299 E XTCC-6.1.2.10-a: [FTFile] wakeLockAcquireOrRelease: open error: 13, Permission denied
04-23 23:32:47.345  1299  1299 E XTCC-6.1.2.10-a: [CacheMgr] populateSavedBalacklistedAps: failed: 101
04-23 23:32:47.346   755   755 E QCamera : <MCI><ERROR> startVsync: 383: ERROR: Display event callbacks is not registered
04-23 23:32:47.346   755   755 E QCamera : <HAL><ERROR> openCamera: 2103: Error: Cannot start vsync (still continue)
04-23 23:32:47.346  1299  1299 E XTCC-6.1.2.10-a: [NvParamMgr] getNvDataBlob, nv item GTP_WIFI_POSITIONING_DOWNLOAD_STATS not found
04-23 23:32:47.346  1299  1299 E XTCC-6.1.2.10-a: [NvParamMgr] getNvDataBlob, nv item GTP_WIFI_POSITIONING_DOWNLOAD_BUDGET not found
04-23 23:32:47.348  1299  1299 E XTCC-6.1.2.10-a: [NvParamMgr] getNvDataBlob, nv item GTP_FDAL_ENABLEMENT_CONTROL not found
04-23 23:32:47.348  1299  1299 E XTCC-6.1.2.10-a: [FDAL_Manager] init: failed to retrieve WLAN_FDAL_ENABLEMENT_CONTROL, default true
04-23 23:32:47.349  1299  1299 E XTCC-6.1.2.10-a: [FTFile] wakeLockAcquireOrRelease: open error: 13, Permission denied
04-23 23:32:47.349  1299  1299 I chatty  : uid=1021(gps) xtwifi-client identical 2 lines
04-23 23:32:47.349  1299  1299 E XTCC-6.1.2.10-a: [FTFile] wakeLockAcquireOrRelease: open error: 13, Permission denied
04-23 23:32:47.349  1299  1299 E XTCC-6.1.2.10-a: [NvParamMgr] getNvDataBlob, nv item GTP_WLAN_CS_INTERVAL_SEC_COLLECT not found
04-23 23:32:47.349  1299  1299 E XTCC-6.1.2.10-a: [NvParamMgr] getNvDataBlob, nv item GTP_WLAN_CS_INTERVAL_SEC_SCAN not found
04-23 23:32:47.349  1299  1299 E XTCC-6.1.2.10-a: [NvParamMgr] getNvDataBlob, nv item GTP_WLAN_CS_INTERVAL_MINUTE_FORCED_SCAN not found
04-23 23:32:47.349  1299  1299 E XTCC-6.1.2.10-a: [NvParamMgr] getNvDataBlob, nv item GTP_WLAN_CS_INTERVAL_MINUTE_UPLOAD not found
04-23 23:32:47.349  1299  1299 E XTCC-6.1.2.10-a: [NvParamMgr] getNvDataBlob, nv item GTP_WLAN_CS_INTERVAL_MINUTE_FORCED_UPLOAD not found
04-23 23:32:47.349  1299  1299 E XTCC-6.1.2.10-a: [NvParamMgr] getNvDataBlob, nv item GTP_WLAN_CS_HEPE_THRESHOLD_METER not found
04-23 23:32:47.349  1299  1299 E XTCC-6.1.2.10-a: [NvParamMgr] getNvDataBlob, nv item GTP_WLAN_CS_SIMILARITY_THRESHOLD not found
04-23 23:32:47.349  1299  1299 E XTCC-6.1.2.10-a: [NvParamMgr] getNvDataBlob, nv item GTP_WLAN_CS_SIMILARITY_THRESHOLD not found
04-23 23:32:47.349  1299  1299 E XTCC-6.1.2.10-a: [NvParamMgr] getNvDataBlob, nv item GTP_WLAN_CS_MAX_NUM_AP_SETS_PER_UPLOAD not found
04-23 23:32:47.349  1299  1299 E XTCC-6.1.2.10-a: [NvParamMgr] getNvDataBlob, nv item GTP_WLAN_CS_MAX_NUM_APS_PER_UPLOAD not found
04-23 23:32:47.350  1299  1299 E XTCC-6.1.2.10-a: [NvParamMgr] getNvDataBlob, nv item GTP_WWAN_CS_ENABLED not found
04-23 23:32:47.350  1299  1299 E XTCC-6.1.2.10-a: [NvParamMgr] getNvDataBlob, nv item GTP_WWAN_CS_ALLOW_IMPLICIT_WHITELIST_UPLOAD not found
04-23 23:32:47.350  1299  1299 E XTCC-6.1.2.10-a: [NvParamMgr] getNvDataBlob, nv item GTP_WWAN_CS_HEPE_THRESHOLD_METER_LOCATION not found
04-23 23:32:47.350  1299  1299 E XTCC-6.1.2.10-a: [NvParamMgr] getNvDataBlob, nv item GTP_WLAN_RECORD_INCL_IND not found
04-23 23:32:47.350  1299  1299 E XTCC-6.1.2.10-a: [NvParamMgr] getNvDataBlob, nv item GTP_WWAN_CS_PER_UPLOAD_LIMIT_KB not found
04-23 23:32:47.350  1299  1299 E XTCC-6.1.2.10-a: [NvParamMgr] getNvDataBlob, nv item GTP_WLAN_CS_PER_UPLOAD_LIMIT_KB not found
04-23 23:32:47.350  1299  1299 E XTCC-6.1.2.10-a: [NvParamMgr] getNvDataBlob, nv item GTP_WLAN_UPLOAD_CONTROL not found
04-23 23:32:47.351  1317  1317 E Diag_Lib: qpLogDiagInit <== result : 1
04-23 23:32:47.351  1317  1317 E Diag_Lib: DATAD : gIsQXDMDisabled 0, gIsADBDisabled 1, gIsDebugDisabled 0, gIsIMSLogsDisabled 0
04-23 23:32:47.351  1317  1317 E Diag_Lib: [IMS_DataD] imsdatad.c | 5823 | | 1317 |DATAD#$$#0#DATAD STARTED
04-23 23:32:47.351  1299  1407 I LocSvc_api_v02: locClientOpen:1945]: Service instance id is -1
04-23 23:32:47.351  1299  1407 I LocSvc_api_v02: ---> locClientOpenInstance line 1828 loc client open
04-23 23:32:47.353  1299  1407 E QMI_FW  : QMUXD: WARNING qmi_qmux_if_pwr_up_init failed! rc=-6
04-23 23:32:47.353  1299  1407 I LocSvc_api_v02: ---> locClientSendReq line 2102 QMI_LOC_REG_EVENTS_REQ_V02
04-23 23:32:47.355   755  1349 E mm-camera: <IMGLIB><ERROR> 322: module_depth_map_handle_ctrl_parm: E
04-23 23:32:47.355   755  1349 E mm-camera: <IMGLIB><ERROR> 430: module_depth_map_set_config_param: X
04-23 23:32:47.355   755  1349 E mm-camera: <IMGLIB><ERROR> 254: module_depth_map_send_config_data: CAM_STREAM_TYPE_DEPTH not set !!
04-23 23:32:47.355   755  1349 E mm-camera: <IMGLIB><ERROR> 369: module_depth_map_handle_ctrl_parm: Error module_depth_map_send_config_data
04-23 23:32:47.355   755  1349 E mm-camera: <IMGLIB><ERROR> 373: module_depth_map_handle_ctrl_parm: X
04-23 23:32:47.355   755  1349 E mm-camera: <IMGLIB><ERROR> 876: module_imgbase_process_param: [depth_map] handle_ctrl_parm error : type=10, rc=-5
04-23 23:32:47.355  1299  1299 E XTCC-6.1.2.10-a: [NvParamMgr] getNvDataBlob, nv item GTP_TDP_DOWNLOAD_INTERVAL_MINUTE_SERVER_ACCESS_BUDGET not found
04-23 23:32:47.355  1299  1299 E XTCC-6.1.2.10-a: [NvParamMgr] getNvDataBlob, nv item GTP_TDP_DOWNLOAD_NUM_MAX_SERVER_ACCESS_ALLOWED not found
04-23 23:32:47.355  1299  1299 E XTCC-6.1.2.10-a: [NvParamMgr] getNvDataBlob, nv item GTP_TDP_DOWNLOAD_KB_MAX_DOWNLOAD_OVER_WWAN not found
04-23 23:32:47.355   755  1349 I mm-camera: <IFACE >< INFO> 6275: iface_util_set_dis_enable_flag: iface_util_set_dis_enable_flag:6275 DIS enable flag = 0
04-23 23:32:47.355  1299  1299 E XTCC-6.1.2.10-a: [NvParamMgr] getNvDataBlob, nv item GTP_TDP_DOWNLOAD_INTERVAL_MINUTE_PARTITION_REFRESH not found
04-23 23:32:47.355  1299  1299 E XTCC-6.1.2.10-a: [NvParamMgr] getNvDataBlob, nv item GTP_TDP_DOWNLOAD_NUM_SERVER_ACCESS_ALLOWED_PER_REFRESH not found
04-23 23:32:47.357   755   755 I Thermal-Lib: Thermal-Lib-Client: Registraion successful for camera with handle:1
04-23 23:32:47.357   755   755 I Thermal-Lib: Thermal-Lib-Client: Registraion successful for camcorder with handle:2
04-23 23:32:47.357   755   755 I QCamera : <HAL><INFO> openCamera: 1928: [KPI Perf]: X PROFILE_OPEN_CAMERA camera id 0, rc: 0
04-23 23:32:47.357   755   755 I QCamera : <HAL><INFO> close_camera_device: 1527: [KPI Perf]: E camera id 0
04-23 23:32:47.359  1167  1293 I ThermalEngine: Thermal-Server: Adding thermal event listener on fd 66
04-23 23:32:47.359  1299  1407 I LocSvc_api_v02: ---> locClientSupportMsgCheck line 2221 QMI_LOC_GET_SUPPORTED_MSGS_REQ_V02
04-23 23:32:47.360   755  1415 I Thermal-Lib: Thermal-Lib-Client: Client received msg camera 0
04-23 23:32:47.360   755  1349 E mm-camera: <IMGLIB><ERROR> 322: module_depth_map_handle_ctrl_parm: E
04-23 23:32:47.360   755  1349 E mm-camera: <IMGLIB><ERROR> 430: module_depth_map_set_config_param: X
04-23 23:32:47.360   755  1349 E mm-camera: <IMGLIB><ERROR> 254: module_depth_map_send_config_data: CAM_STREAM_TYPE_DEPTH not set !!
04-23 23:32:47.360   755  1349 E mm-camera: <IMGLIB><ERROR> 369: module_depth_map_handle_ctrl_parm: Error module_depth_map_send_config_data
04-23 23:32:47.360   755  1349 E mm-camera: <IMGLIB><ERROR> 373: module_depth_map_handle_ctrl_parm: X
04-23 23:32:47.360   755  1349 E mm-camera: <IMGLIB><ERROR> 876: module_imgbase_process_param: [depth_map] handle_ctrl_parm error : type=10, rc=-5
04-23 23:32:47.360   755  1415 I Thermal-Lib: Thermal-Lib-Client: Client received msg camcorder 0
04-23 23:32:47.360   755  1349 E mm-camera: <IMGLIB><ERROR> 322: module_depth_map_handle_ctrl_parm: E
04-23 23:32:47.360   755  1349 E mm-camera: <IMGLIB><ERROR> 430: module_depth_map_set_config_param: X
04-23 23:32:47.360   755  1349 E mm-camera: <IMGLIB><ERROR> 254: module_depth_map_send_config_data: CAM_STREAM_TYPE_DEPTH not set !!
04-23 23:32:47.360   755  1349 E mm-camera: <IMGLIB><ERROR> 369: module_depth_map_handle_ctrl_parm: Error module_depth_map_send_config_data
04-23 23:32:47.360   755  1349 E mm-camera: <IMGLIB><ERROR> 373: module_depth_map_handle_ctrl_parm: X
04-23 23:32:47.360   755  1349 E mm-camera: <IMGLIB><ERROR> 876: module_imgbase_process_param: [depth_map] handle_ctrl_parm error : type=10, rc=-5
04-23 23:32:47.361  1299  1407 I LocSvc_api_v02: ---> locClientSendReq line 2102 QMI_LOC_QUERY_AON_CONFIG_REQ_V02
04-23 23:32:47.361  1299  1414 I LocSvc_ApiV02: <--- globalRespCb line 141 QMI_LOC_QUERY_AON_CONFIG_REQ_V02
04-23 23:32:47.361  1299  1407 I LocSvc_api_v02: ---> locClientSendReq line 2102 QMI_LOC_GET_SUPPORTED_FEATURE_REQ_V02
04-23 23:32:47.361  1299  1414 I LocSvc_ApiV02: <--- globalRespCb line 141 QMI_LOC_GET_SUPPORTED_FEATURE_REQ_V02
04-23 23:32:47.361  1299  1407 I LocSvc_api_v02: ---> locClientSendReq line 2102 QMI_LOC_SET_GNSS_CONSTELL_REPORT_CONFIG_V02
04-23 23:32:47.361  1299  1414 I LocSvc_ApiV02: <--- globalRespCb line 141 QMI_LOC_SET_GNSS_CONSTELL_REPORT_CONFIG_V02
04-23 23:32:47.362  1299  1407 I LocSvc_api_v02: ---> locClientSendReq line 2102 QMI_LOC_SET_PREMIUM_SERVICES_CONFIG_REQ_V02
04-23 23:32:47.362  1299  1414 I LocSvc_ApiV02: <--- globalRespCb line 141 QMI_LOC_SET_PREMIUM_SERVICES_CONFIG_REQ_V02
04-23 23:32:47.362  1299  1407 I LocSvc_api_v02: ---> locClientSendReq line 2102 QMI_LOC_SET_PREMIUM_SERVICES_CONFIG_REQ_V02
04-23 23:32:47.362   755  1358 E         : mayang_dw9763_s5k3l8_eeprom_get_calibration_items:34,is_wbc:1,is_afc:1,is_lsc:1,is_dpc:0,is_insensor:0,  is_ois:0, is_dual:1
04-23 23:32:47.367  1299  1414 I LocSvc_ApiV02: <--- globalRespCb line 141 QMI_LOC_SET_PREMIUM_SERVICES_CONFIG_REQ_V02
04-23 23:32:47.367  1299  1407 I LocSvc_api_v02: ---> locClientSendReq line 2102 QMI_LOC_SET_PREMIUM_SERVICES_CONFIG_REQ_V02
04-23 23:32:47.368   755   755 E QCamera : <HAL><ERROR> acquirePerfLock: 515: Failed to acquire the perf lock
04-23 23:32:47.368   755   755 I QCamera : <HAL><INFO> closeCamera: 2338: E
04-23 23:32:47.368   755   755 I QCamera : <HAL><INFO> closeCamera: 2343: [KPI Perf]: E PROFILE_CLOSE_CAMERA camera id 0
04-23 23:32:47.368   755  1349 I mm-camera: <ISP   >< INFO> 7159: isp_util_print_meta_stream_info: Deallocate resources
04-23 23:32:47.368   755  1349 I mm-camera: <ISP   >< INFO> 7489: isp_util_handle_stream_info: streams_desc num_streams is 0 
04-23 23:32:47.368   755  1086 E mm-camera: <IMGLIB><ERROR> 297: AllocateBuffers: Invalid dimensions 0x0
04-23 23:32:47.368   755  1349 I mm-camera: <IFACE >< INFO> 6385: iface_util_handle_meta_stream_info: iface_util_handle_meta_stream_info: ms_type 0 num streams 0
04-23 23:32:47.368   755  1086 E mm-camera: <IMGLIB><ERROR> 197: img_algo_preload: Preload: Failed to allocate buffer, rc -4
04-23 23:32:47.369   755  1086 E mm-camera: <IMGLIB><ERROR> 121: module_imgbase_client_preload_exec: IMG_CORE_PRELOAD failed -4
04-23 23:32:47.369   755   755 I Thermal-Lib: Thermal-Lib-Client: Unregisteration is successfull for handle:1
04-23 23:32:47.371  1299  1426 E XTCC-6.1.2.10-a: [TdpCsClient] unknown postcard info. reason:REGISTER-EVENT, 
04-23 23:32:47.371  1299  1426 I chatty  : uid=1021(gps) xtwifi-client identical 2 lines
04-23 23:32:47.371  1299  1426 E XTCC-6.1.2.10-a: [TdpCsClient] unknown postcard info. reason:REGISTER-EVENT, 
04-23 23:32:47.372  1167  1293 I ThermalEngine: Thermal-Server: removing client on fd 66
04-23 23:32:47.373   755   755 I Thermal-Lib: Thermal-Lib-Client: Unregisteration is successfull for handle:2
04-23 23:32:47.373  1299  1414 I LocSvc_ApiV02: <--- globalRespCb line 141 QMI_LOC_SET_PREMIUM_SERVICES_CONFIG_REQ_V02
04-23 23:32:47.373  1299  1407 I LocSvc_api_v02: ---> locClientSendReq line 2102 QMI_LOC_REG_EVENTS_REQ_V02
04-23 23:32:47.374   755   755 I mm-camera: <MCT   >< INFO> 310: mct_controller_destroy: Initiating destroy sequence for session = 3
04-23 23:32:47.375   755   755 I mm-camera: <MCT   >< INFO> 328: mct_controller_destroy: serv_thread closed
04-23 23:32:47.375   755   755 I mm-camera: <MCT   >< INFO> 343: mct_controller_destroy: bus_handler thread closed
04-23 23:32:47.375   755   755 I mm-camera: <MCT   >< INFO> 5199: mct_pipeline_stop_session: Initiating stop_session on session 3
04-23 23:32:47.375   755   755 I mm-camera: <MCT   >< INFO> 4114: mct_pipeline_process_set: command=800000b
04-23 23:32:47.375   755   755 I mm-camera: <MCT   >< INFO> 4333: mct_pipeline_process_set: Issuing DEL_STREAM on stream 0x3000f and stream type=10
04-23 23:32:47.375   755   755 I mm-camera: <IFACE >< INFO> 680: iface_unreserve_sink_port: stream_id f mode 0 
04-23 23:32:47.375   755   755 I mm-camera: <ISP   >< INFO> 939: isp_port_check_caps_unreserve: ide 3000f port 0xe9c77540
04-23 23:32:47.376  1299  1426 E XTCC-6.1.2.10-a: [TdpCsClient] unknown postcard info. reason:REGISTER-EVENT, 
04-23 23:32:47.376  1299  1407 I LocSvc_api_v02: ---> locClientSendReq line 2102 QMI_LOC_INJECT_APDONOTCACHE_DATA_REQ_V02
04-23 23:32:47.376  1299  1414 I LocSvc_ApiV02: <--- globalRespCb line 141 QMI_LOC_INJECT_APDONOTCACHE_DATA_REQ_V02
04-23 23:32:47.378   755   755 I mm-camera: <MCT   >< INFO> 4356: mct_pipeline_process_set: Stream 0x3000f and stream type=10, successfully deleted
04-23 23:32:47.381   755  1432 I mm-camera: <MCT   >< INFO> 4933: mct_pipeline_stop_session_thread: Stop module name: sensor - E
04-23 23:32:47.382   755  1432 I mm-camera: <MCT   >< INFO> 4941: mct_pipeline_stop_session_thread: Stop module name: sensor - X
04-23 23:32:47.383   755  1434 I mm-camera: <MCT   >< INFO> 4933: mct_pipeline_stop_session_thread: Stop module name: iface - E
04-23 23:32:47.383   755  1434 I mm-camera: <MCT   >< INFO> 4941: mct_pipeline_stop_session_thread: Stop module name: iface - X
04-23 23:32:47.384   755  1436 I mm-camera: <MCT   >< INFO> 4933: mct_pipeline_stop_session_thread: Stop module name: isp - E
04-23 23:32:47.384   755  1436 I mm-camera: <ISP   >< INFO> 506: isp_module_stop_session: session id 3
04-23 23:32:47.384   755  1436 I mm-camera: <MCT   >< INFO> 4941: mct_pipeline_stop_session_thread: Stop module name: isp - X
04-23 23:32:47.384   755  1437 I mm-camera: <MCT   >< INFO> 4933: mct_pipeline_stop_session_thread: Stop module name: stats - E
04-23 23:32:47.386  1300  1431 E libsensor1: check_sensors_enabled: Sensors enabled = true
04-23 23:32:47.387  1300  1431 E Diag_Lib:  Diag_LSM_Init: Failed to open handle to diag driver, error = 13
04-23 23:32:47.387  1300  1300 I slim_daemon: [QMISLIM] slim_QSQmiSvcTask_Init: QMI-SLIM Service Task Initialized
04-23 23:32:47.400   755  1437 I mm-camera: <MCT   >< INFO> 4941: mct_pipeline_stop_session_thread: Stop module name: stats - X
04-23 23:32:47.401   755  1438 I mm-camera: <MCT   >< INFO> 4933: mct_pipeline_stop_session_thread: Stop module name: pproc - E
04-23 23:32:47.402  1300  1300 W         : HAL: loc_get_target returned 3
04-23 23:32:47.402  1300  1300 I slim_daemon: [SLIM] slim_ProviderConfigure: Updated available providers for service 0: 00000001.
04-23 23:32:47.402  1300  1300 I slim_daemon: [SLIM] slim_ProviderConfigure: Updated available providers for service 1: 00000001.
04-23 23:32:47.402  1300  1300 I slim_daemon: [SLIM] slim_ProviderConfigure: Updated available providers for service 2: 00000001.
04-23 23:32:47.402  1300  1300 I slim_daemon: [SLIM] slim_ProviderConfigure: Updated available providers for service 3: 00000001.
04-23 23:32:47.402  1300  1300 I slim_daemon: [SLIM] slim_ProviderConfigure: Updated available providers for service 7: 00000001.
04-23 23:32:47.402  1300  1300 I slim_daemon: [SLIM] slim_ProviderConfigure: Updated available providers for service 8: 00000001.
04-23 23:32:47.402  1300  1300 I slim_daemon: [SLIM] slim_ProviderConfigure: Updated available providers for service 13: 00000001.
04-23 23:32:47.402  1300  1300 I slim_daemon: [SLIM] slim_ProviderConfigure: Updated available providers for service 14: 00000001.
04-23 23:32:47.402  1300  1300 I slim_daemon: [SLIM] slim_ProviderConfigure: Updated available providers for service 16: 00000001.
04-23 23:32:47.402  1300  1300 I slim_daemon: [QMISLIM] QSQmiSvcTaskSvcCb_Open: Forwarding open request: flags=2 client_id=2 peer=1
04-23 23:32:47.402  1300  1300 I slim_daemon: [QMISLIM] slim_QSQmiSvcTask_HandleIpc: IPC_SLIM_QS_TO_TASK_SLIM_CALLBACK_MSG
04-23 23:32:47.403   755  1438 E mm-camera: <IMGLIB><ERROR> 328: AllocateBuffers: Nothing allocated or already freed!
04-23 23:32:47.403   755  1438 I mm-camera: <MCT   >< INFO> 4941: mct_pipeline_stop_session_thread: Stop module name: pproc - X
04-23 23:32:47.407  1300  1443 I LocSvc_api_v02: locClientOpen:1945]: Service instance id is -1
04-23 23:32:47.407  1300  1443 I LocSvc_api_v02: ---> locClientOpenInstance line 1828 loc client open
04-23 23:32:47.408  1300  1443 E QMI_FW  : QMUXD: WARNING qmi_qmux_if_pwr_up_init failed! rc=-6
04-23 23:32:47.408  1300  1443 I LocSvc_api_v02: ---> locClientSendReq line 2102 QMI_LOC_REG_EVENTS_REQ_V02
04-23 23:32:47.409   755   755 I mm-camera: <MCT   >< INFO> 5221: mct_pipeline_stop_session: Modules left: 5
04-23 23:32:47.409   755   755 I mm-camera: <MCT   >< INFO> 5221: mct_pipeline_stop_session: Modules left: 4
04-23 23:32:47.409   755   755 I mm-camera: <MCT   >< INFO> 5221: mct_pipeline_stop_session: Modules left: 3
04-23 23:32:47.409   755   755 I mm-camera: <MCT   >< INFO> 5221: mct_pipeline_stop_session: Modules left: 2
04-23 23:32:47.409   755   755 I mm-camera: <MCT   >< INFO> 5221: mct_pipeline_stop_session: Modules left: 1
04-23 23:32:47.409   755  1447 I mm-camera: <MCT   >< INFO> 4933: mct_pipeline_stop_session_thread: Stop module name: imglib - E
04-23 23:32:47.409   755  1447 I mm-camera: <MCT   >< INFO> 4941: mct_pipeline_stop_session_thread: Stop module name: imglib - X
04-23 23:32:47.409   755   755 I mm-camera: <MCT   >< INFO> 5221: mct_pipeline_stop_session: Modules left: 0
04-23 23:32:47.409   755   755 I mm-camera: <MCT   >< INFO> 5231: mct_pipeline_stop_session: Stopped session 3 successfully
04-23 23:32:47.409   755   755 I mm-camera: <MCT   >< INFO> 5531: mct_pipeline_destroy: E: session:3
04-23 23:32:47.409   755   755 E mm-camera: <MCT   ><ERROR> 179: stop_sof_check_thread: Returning as SOF timer thread not yet initialized
04-23 23:32:47.409   755   755 I mm-camera: <MCT   >< INFO> 5608: mct_pipeline_destroy: X: Pipeline destroyed successfully session =3
04-23 23:32:47.409   755   755 I mm-camera: <MCT   >< INFO> 422: mct_controller_destroy: X Successfully closed mct_controller session 3
04-23 23:32:47.410   755   755 E QCamera : <MCI><ERROR> startVsync: 383: ERROR: Display event callbacks is not registered
04-23 23:32:47.410   755   755 I QCamera : <HAL><INFO> closeCamera: 2418: [KPI Perf]: X PROFILE_CLOSE_CAMERA camera id 0, rc: 0
04-23 23:32:47.410   755   755 I QCamera : <HAL><INFO> close_camera_device: 1545: [KPI Perf]: X
04-23 23:32:47.410   755   755 I QCamera : <HAL><INFO> getCameraInfo: 342: Camera id 1 API version 768
04-23 23:32:47.412  1300  1443 I LocSvc_api_v02: ---> locClientSupportMsgCheck line 2221 QMI_LOC_GET_SUPPORTED_MSGS_REQ_V02
04-23 23:32:47.413  1300  1443 I LocSvc_api_v02: ---> locClientSendReq line 2102 QMI_LOC_QUERY_AON_CONFIG_REQ_V02
04-23 23:32:47.415  1300  1449 I LocSvc_ApiV02: <--- globalRespCb line 141 QMI_LOC_QUERY_AON_CONFIG_REQ_V02
04-23 23:32:47.415  1300  1443 I LocSvc_api_v02: ---> locClientSendReq line 2102 QMI_LOC_GET_SUPPORTED_FEATURE_REQ_V02
04-23 23:32:47.416  1300  1449 I LocSvc_ApiV02: <--- globalRespCb line 141 QMI_LOC_GET_SUPPORTED_FEATURE_REQ_V02
04-23 23:32:47.416  1300  1443 I LocSvc_api_v02: ---> locClientSendReq line 2102 QMI_LOC_SET_GNSS_CONSTELL_REPORT_CONFIG_V02
04-23 23:32:47.422  1300  1449 I LocSvc_ApiV02: <--- globalRespCb line 141 QMI_LOC_SET_GNSS_CONSTELL_REPORT_CONFIG_V02
04-23 23:32:47.422  1300  1443 I LocSvc_api_v02: ---> locClientSendReq line 2102 QMI_LOC_SET_PREMIUM_SERVICES_CONFIG_REQ_V02
04-23 23:32:47.422  1300  1449 I LocSvc_ApiV02: <--- globalRespCb line 141 QMI_LOC_SET_PREMIUM_SERVICES_CONFIG_REQ_V02
04-23 23:32:47.422  1300  1443 I LocSvc_api_v02: ---> locClientSendReq line 2102 QMI_LOC_SET_PREMIUM_SERVICES_CONFIG_REQ_V02
04-23 23:32:47.423  1300  1449 I LocSvc_ApiV02: <--- globalRespCb line 141 QMI_LOC_SET_PREMIUM_SERVICES_CONFIG_REQ_V02
04-23 23:32:47.423  1300  1443 I LocSvc_api_v02: ---> locClientSendReq line 2102 QMI_LOC_SET_PREMIUM_SERVICES_CONFIG_REQ_V02
04-23 23:32:47.424  1300  1449 I LocSvc_ApiV02: <--- globalRespCb line 141 QMI_LOC_SET_PREMIUM_SERVICES_CONFIG_REQ_V02
04-23 23:32:47.424  1300  1443 I LocSvc_api_v02: ---> locClientSendReq line 2102 QMI_LOC_REG_EVENTS_REQ_V02
04-23 23:32:47.434   755   755 D QCamera : Debug log file is not enabled
04-23 23:32:47.434   755   755 I mm-camera: <MCT   >< INFO> 118: mct_controller_new: Creating new mct_controller with session-id 5
04-23 23:32:47.435  1352  1352 I IPAHALService: makeIPAHAL(1, provided)
04-23 23:32:47.441  1352  1352 I IPAHALService: Successfully registered IOffloadControl
04-23 23:32:47.445  1352  1352 I IPAHALService: Successfully registered IOffloadConfig
04-23 23:32:47.448   755  1457 I mm-camera: <MCT   >< INFO> 5121: mct_pipeline_start_session_thread: E sensor
04-23 23:32:47.448   755  1457 I mm-camera: <MCT   >< INFO> 5128: mct_pipeline_start_session_thread: Calling start_session on Module sensor
04-23 23:32:47.448   755  1458 I mm-camera: <MCT   >< INFO> 5121: mct_pipeline_start_session_thread: E iface
04-23 23:32:47.448   755  1458 I mm-camera: <MCT   >< INFO> 5128: mct_pipeline_start_session_thread: Calling start_session on Module iface
04-23 23:32:47.449   755  1460 I mm-camera: <MCT   >< INFO> 5121: mct_pipeline_start_session_thread: E isp
04-23 23:32:47.449   755  1460 I mm-camera: <MCT   >< INFO> 5128: mct_pipeline_start_session_thread: Calling start_session on Module isp
04-23 23:32:47.449   755  1460 I mm-camera: <ISP   >< INFO> 210: isp_module_start_session: session id 5 
04-23 23:32:47.450   755  1458 I mm-camera: <MCT   >< INFO> 5131: mct_pipeline_start_session_thread: Module iface start_session rc = 1
04-23 23:32:47.450   755  1458 I mm-camera: <MCT   >< INFO> 5139: mct_pipeline_start_session_thread: started_num = 1, success = 1
04-23 23:32:47.450   755  1458 I mm-camera: <MCT   >< INFO> 5146: mct_pipeline_start_session_thread: X iface
04-23 23:32:47.458   755  1462 I mm-camera: <MCT   >< INFO> 5121: mct_pipeline_start_session_thread: E stats
04-23 23:32:47.458   755  1462 I mm-camera: <MCT   >< INFO> 5128: mct_pipeline_start_session_thread: Calling start_session on Module stats
04-23 23:32:47.459   755  1462 I mm-camera: <MCT   >< INFO> 5131: mct_pipeline_start_session_thread: Module stats start_session rc = 1
04-23 23:32:47.459   755  1462 I mm-camera: <MCT   >< INFO> 5139: mct_pipeline_start_session_thread: started_num = 2, success = 2
04-23 23:32:47.459   755  1462 I mm-camera: <MCT   >< INFO> 5146: mct_pipeline_start_session_thread: X stats
04-23 23:32:47.459   755  1464 I mm-camera: <MCT   >< INFO> 5121: mct_pipeline_start_session_thread: E pproc
04-23 23:32:47.460   755  1464 I mm-camera: <MCT   >< INFO> 5128: mct_pipeline_start_session_thread: Calling start_session on Module pproc
04-23 23:32:47.468   755  1466 I mm-camera: <MCT   >< INFO> 5121: mct_pipeline_start_session_thread: E imglib
04-23 23:32:47.468   755  1466 I mm-camera: <MCT   >< INFO> 5128: mct_pipeline_start_session_thread: Calling start_session on Module imglib
04-23 23:32:47.468   755  1466 I mm-camera: <MCT   >< INFO> 5131: mct_pipeline_start_session_thread: Module imglib start_session rc = 1
