01-01 01:15:38.537   395  4287 I LocSvc_libulp: ulp_brain_process_zpp_position_report, report ZPP position to providers,report_position = 1
01-01 01:15:43.600   280   280 I chatty  : uid=1000(system) hwservicemanage expire 40 lines
01-01 01:15:52.329  1114  1396 I UsageStatsService: User[0] Flushing usage stats to disk
01-01 01:16:23.141   459   459 I VM_BMS  : power_supply_update: ocv_uv=4211671 ibatt=-430060 soc=92 seq_num=91
01-01 01:16:23.952  4060  4400 I chatty  : uid=1000(system) Thread-2 expire 15 lines
01-01 01:16:23.955   280   280 I chatty  : uid=1000(system) hwservicemanage expire 20 lines
01-01 01:16:38.467  3626  3626 D QtiCarrierConfigHelper: WARNING, no carrier configs on phone Id: 0
01-01 01:16:38.468  3456  3456 D KeyguardUpdateMonitor: received broadcast android.intent.action.BATTERY_CHANGED
01-01 01:16:38.475  3456  3456 D KeyguardUpdateMonitor: handleBatteryUpdate
01-01 01:16:38.535   395  4287 I LocSvc_libulp: ulp_msg_process_system_update: systemEvent:5 
01-01 01:16:38.535   395  4287 I LocSvc_libulp: ulp_msg_process_start_req, at ulp state = 1
01-01 01:16:38.535   395  3562 I LocSvc_api_v02: ---> locClientSendReq line 2102 QMI_LOC_GET_BEST_AVAILABLE_POSITION_REQ_V02
01-01 01:16:38.536   395  3576 I LocSvc_ApiV02: <--- globalRespCb line 141 QMI_LOC_GET_BEST_AVAILABLE_POSITION_REQ_V02
01-01 01:16:38.537   395  4287 I LocSvc_libulp: ulp_brain_process_zpp_position_report, report ZPP position to providers,report_position = 1
01-01 01:16:39.052  4060  4400 I chatty  : uid=1000(system) Thread-2 expire 32 lines
01-01 01:16:44.086   280   280 I chatty  : uid=1000(system) hwservicemanage expire 30 lines
01-01 01:17:11.285   459   459 I VM_BMS  : power_supply_update: ocv_uv=4214658 ibatt=-420381 soc=92 seq_num=92
01-01 01:17:11.290  4060  4400 I chatty  : uid=1000(system) Thread-2 expire 28 lines
01-01 01:17:14.311   280   280 I chatty  : uid=1000(system) hwservicemanage expire 30 lines
01-01 01:17:38.535   395  4287 I LocSvc_libulp: ulp_msg_process_system_update: systemEvent:5 
01-01 01:17:38.535   395  4287 I LocSvc_libulp: ulp_msg_process_start_req, at ulp state = 1
01-01 01:17:38.535   395  3562 I LocSvc_api_v02: ---> locClientSendReq line 2102 QMI_LOC_GET_BEST_AVAILABLE_POSITION_REQ_V02
01-01 01:17:38.537   395  3576 I LocSvc_ApiV02: <--- globalRespCb line 141 QMI_LOC_GET_BEST_AVAILABLE_POSITION_REQ_V02
01-01 01:17:38.538   395  4287 I LocSvc_libulp: ulp_brain_process_zpp_position_report, report ZPP position to providers,report_position = 1
01-01 01:17:39.503  4060  4400 I chatty  : uid=1000(system) Thread-2 expire 20 lines
01-01 01:17:44.535   280   280 I chatty  : uid=1000(system) hwservicemanage expire 20 lines
01-01 01:17:59.429   459   459 I VM_BMS  : power_supply_update: ocv_uv=4217579 ibatt=-410705 soc=92 seq_num=93
01-01 01:17:59.630  4060  4400 I chatty  : uid=1000(system) Thread-2 expire 10 lines
01-01 01:18:04.669   280   280 I chatty  : uid=1000(system) hwservicemanage expire 10 lines
01-01 01:18:09.701  4060  4400 E SecUISvc: Error initializing local socket: -1
01-01 01:18:10.707  4060  4400 E SecUISvc: Error initializing local socket: -1
01-01 01:18:11.714  4060  4400 E SecUISvc: Error initializing local socket: -1
01-01 01:18:12.720  4060  4400 E SecUISvc: Error initializing local socket: -1
01-01 01:18:13.727  4060  4400 E SecUISvc: Error initializing local socket: -1
01-01 01:18:14.733  4060  4400 E SecUISvc: Error initializing local socket: -1
01-01 01:18:14.736   280   280 I chatty  : uid=1000(system) hwservicemanage expire 10 lines
01-01 01:18:15.740  4060  4400 E SecUISvc: Error initializing local socket: -1
01-01 01:18:16.747  4060  4400 E SecUISvc: Error initializing local socket: -1
01-01 01:18:17.753  4060  4400 E SecUISvc: Error initializing local socket: -1
01-01 01:18:18.761  4060  4400 E SecUISvc: Error initializing local socket: -1
01-01 01:18:19.768  4060  4400 E SecUISvc: Error initializing local socket: -1
01-01 01:18:20.774  4060  4400 E SecUISvc: Error initializing local socket: -1
01-01 01:18:21.781  4060  4400 E SecUISvc: Error initializing local socket: -1
01-01 01:18:22.787  4060  4400 E SecUISvc: Error initializing local socket: -1
01-01 01:18:23.795  4060  4400 E SecUISvc: Error initializing local socket: -1
01-01 01:18:24.804  4060  4400 E SecUISvc: Error initializing local socket: -1
01-01 01:18:24.809   280   280 I chatty  : uid=1000(system) hwservicemanage expire 10 lines
01-01 01:18:25.814  4060  4400 E SecUISvc: Error initializing local socket: -1
01-01 01:18:26.824  4060  4400 E SecUISvc: Error initializing local socket: -1
01-01 01:18:27.833  4060  4400 E SecUISvc: Error initializing local socket: -1
01-01 01:18:28.843  4060  4400 E SecUISvc: Error initializing local socket: -1
01-01 01:18:29.853  4060  4400 E SecUISvc: Error initializing local socket: -1
01-01 01:18:30.862  4060  4400 E SecUISvc: Error initializing local socket: -1
01-01 01:18:31.872  4060  4400 E SecUISvc: Error initializing local socket: -1
01-01 01:18:32.879  4060  4400 E SecUISvc: Error initializing local socket: -1
01-01 01:18:33.887  4060  4400 E SecUISvc: Error initializing local socket: -1
01-01 01:18:34.895  4060  4400 E SecUISvc: Error initializing local socket: -1
01-01 01:18:34.898   280   280 I chatty  : uid=1000(system) hwservicemanage expire 10 lines
01-01 01:18:35.902  4060  4400 E SecUISvc: Error initializing local socket: -1
01-01 01:18:36.909  4060  4400 E SecUISvc: Error initializing local socket: -1
01-01 01:18:37.916  4060  4400 E SecUISvc: Error initializing local socket: -1
01-01 01:18:38.466  3456  3456 D KeyguardUpdateMonitor: received broadcast android.intent.action.BATTERY_CHANGED
01-01 01:18:38.467  3626  3626 D QtiCarrierConfigHelper: WARNING, no carrier configs on phone Id: 0
01-01 01:18:38.473  3456  3456 D KeyguardUpdateMonitor: handleBatteryUpdate
01-01 01:18:38.536   395  4287 I LocSvc_libulp: ulp_msg_process_system_update: systemEvent:5 
01-01 01:18:38.536   395  4287 I LocSvc_libulp: ulp_msg_process_start_req, at ulp state = 1
01-01 01:18:38.536   395  3562 I LocSvc_api_v02: ---> locClientSendReq line 2102 QMI_LOC_GET_BEST_AVAILABLE_POSITION_REQ_V02
01-01 01:18:38.537   395  3576 I LocSvc_ApiV02: <--- globalRespCb line 141 QMI_LOC_GET_BEST_AVAILABLE_POSITION_REQ_V02
01-01 01:18:38.538   395  4287 I LocSvc_libulp: ulp_brain_process_zpp_position_report, report ZPP position to providers,report_position = 1
01-01 01:18:38.923  4060  4400 E SecUISvc: Error initializing local socket: -1
01-01 01:18:39.928  4060  4400 E SecUISvc: Error initializing local socket: -1
01-01 01:18:40.934  4060  4400 E SecUISvc: Error initializing local socket: -1
01-01 01:18:41.941  4060  4400 E SecUISvc: Error initializing local socket: -1
01-01 01:18:42.947  4060  4400 E SecUISvc: Error initializing local socket: -1
01-01 01:18:43.955  4060  4400 E SecUISvc: Error initializing local socket: -1
01-01 01:18:44.962  4060  4400 E SecUISvc: Error initializing local socket: -1
01-01 01:18:44.965   280   280 I chatty  : uid=1000(system) hwservicemanage expire 10 lines
01-01 01:18:45.968  4060  4400 E SecUISvc: Error initializing local socket: -1
01-01 01:18:46.975  4060  4400 E SecUISvc: Error initializing local socket: -1
01-01 01:18:47.574   459   459 I VM_BMS  : power_supply_update: ocv_uv=4220419 ibatt=-398903 soc=93 seq_num=94
01-01 01:18:47.617  3456  3456 D KeyguardUpdateMonitor: received broadcast android.intent.action.BATTERY_CHANGED
01-01 01:18:47.618  3456  3456 D KeyguardUpdateMonitor: handleBatteryUpdate
01-01 01:18:47.622  3626  3626 D QtiCarrierConfigHelper: WARNING, no carrier configs on phone Id: 0
01-01 01:18:47.627  1114  1401 E BatteryExternalStatsWorker: no controller energy info supplied for wifi
01-01 01:18:47.627  1114  1401 E BatteryExternalStatsWorker: no controller energy info supplied for bluetooth
01-01 01:18:47.706  3456  3456 D KeyguardUpdateMonitor: received broadcast android.intent.action.BATTERY_CHANGED
01-01 01:18:47.706  3626  3626 D QtiCarrierConfigHelper: WARNING, no carrier configs on phone Id: 0
01-01 01:18:47.711  3456  3456 D KeyguardUpdateMonitor: handleBatteryUpdate
01-01 01:18:47.981  4060  4400 E SecUISvc: Error initializing local socket: -1
01-01 01:18:48.988  4060  4400 E SecUISvc: Error initializing local socket: -1
01-01 01:18:49.996  4060  4400 E SecUISvc: Error initializing local socket: -1
01-01 01:18:51.003  4060  4400 E SecUISvc: Error initializing local socket: -1
01-01 01:18:52.009  4060  4400 E SecUISvc: Error initializing local socket: -1
01-01 01:18:53.016  4060  4400 E SecUISvc: Error initializing local socket: -1
01-01 01:18:54.024  4060  4400 E SecUISvc: Error initializing local socket: -1
01-01 01:18:55.033  4060  4400 E SecUISvc: Error initializing local socket: -1
01-01 01:18:55.038   280   280 I chatty  : uid=1000(system) hwservicemanage expire 10 lines
01-01 01:18:56.043  4060  4400 E SecUISvc: Error initializing local socket: -1
01-01 01:18:57.050  4060  4400 E SecUISvc: Error initializing local socket: -1
01-01 01:18:58.056  4060  4400 E SecUISvc: Error initializing local socket: -1
01-01 01:18:59.063  4060  4400 E SecUISvc: Error initializing local socket: -1
01-01 01:19:00.071  4060  4400 E SecUISvc: Error initializing local socket: -1
01-01 01:19:01.077  4060  4400 E SecUISvc: Error initializing local socket: -1
01-01 01:19:02.086  4060  4400 E SecUISvc: Error initializing local socket: -1
01-01 01:19:03.092  4060  4400 E SecUISvc: Error initializing local socket: -1
01-01 01:19:04.099  4060  4400 E SecUISvc: Error initializing local socket: -1
01-01 01:19:05.106  4060  4400 E SecUISvc: Error initializing local socket: -1
01-01 01:19:05.109   280   280 I chatty  : uid=1000(system) hwservicemanage expire 7 lines
01-01 01:19:06.112  4060  4400 E SecUISvc: Error initializing local socket: -1
01-01 01:19:07.119  4060  4400 E SecUISvc: Error initializing local socket: -1
01-01 01:19:08.125  4060  4400 E SecUISvc: Error initializing local socket: -1
01-01 01:19:09.132  4060  4400 E SecUISvc: Error initializing local socket: -1
01-01 01:19:10.140  4060  4400 E SecUISvc: Error initializing local socket: -1
01-01 01:19:11.148  4060  4400 E SecUISvc: Error initializing local socket: -1
01-01 01:19:12.154  4060  4400 E SecUISvc: Error initializing local socket: -1
01-01 01:19:12.158   280   280 W /system/bin/hwservicemanager: getTransport: Cannot find entry vendor.qti.hardware.tui_comm@1.0::ITuiComm/default in either framework or device manifest.
01-01 01:19:13.163  4060  4400 E SecUISvc: Error initializing local socket: -1
01-01 01:19:13.168   280   280 W /system/bin/hwservicemanager: getTransport: Cannot find entry vendor.qti.hardware.tui_comm@1.0::ITuiComm/default in either framework or device manifest.
01-01 01:19:14.173  4060  4400 E SecUISvc: Error initializing local socket: -1
01-01 01:19:14.177   280   280 W /system/bin/hwservicemanager: getTransport: Cannot find entry vendor.qti.hardware.tui_comm@1.0::ITuiComm/default in either framework or device manifest.
01-01 01:19:15.183  4060  4400 E SecUISvc: Error initializing local socket: -1
01-01 01:19:15.185   280   280 W /system/bin/hwservicemanager: getTransport: Cannot find entry vendor.qti.hardware.tui_comm@1.0::ITuiComm/default in either framework or device manifest.
01-01 01:19:16.188  4060  4400 E SecUISvc: Error initializing local socket: -1
01-01 01:19:16.190   280   280 W /system/bin/hwservicemanager: getTransport: Cannot find entry vendor.qti.hardware.tui_comm@1.0::ITuiComm/default in either framework or device manifest.
01-01 01:19:17.194  4060  4400 E SecUISvc: Error initializing local socket: -1
01-01 01:19:17.197   280   280 W /system/bin/hwservicemanager: getTransport: Cannot find entry vendor.qti.hardware.tui_comm@1.0::ITuiComm/default in either framework or device manifest.
01-01 01:19:17.699  5761  5761 D AndroidRuntime: >>>>>> START com.android.internal.os.RuntimeInit uid 2000 <<<<<<
01-01 01:19:17.816  5761  5761 W app_process: Could not reserve sentinel fault page
01-01 01:19:18.203  4060  4400 E SecUISvc: Error initializing local socket: -1
01-01 01:19:18.206   280   280 W /system/bin/hwservicemanager: getTransport: Cannot find entry vendor.qti.hardware.tui_comm@1.0::ITuiComm/default in either framework or device manifest.
01-01 01:19:19.210  4060  4400 E SecUISvc: Error initializing local socket: -1
01-01 01:19:19.213   280   280 W /system/bin/hwservicemanager: getTransport: Cannot find entry vendor.qti.hardware.tui_comm@1.0::ITuiComm/default in either framework or device manifest.
01-01 01:19:19.669  5761  5761 E System  : Unable to open boot classpath entry: /system/framework/oem-services.jar
01-01 01:19:19.689  5761  5761 E System  : java.io.FileNotFoundException: File doesn't exist: /system/framework/oem-services.jar
01-01 01:19:19.689  5761  5761 E System  : 	at java.util.zip.ZipFile.<init>(ZipFile.java:212)
01-01 01:19:19.689  5761  5761 E System  : 	at java.util.zip.ZipFile.<init>(ZipFile.java:149)
01-01 01:19:19.689  5761  5761 E System  : 	at java.util.jar.JarFile.<init>(JarFile.java:160)
01-01 01:19:19.689  5761  5761 E System  : 	at java.util.jar.JarFile.<init>(JarFile.java:97)
01-01 01:19:19.689  5761  5761 E System  : 	at libcore.io.ClassPathURLStreamHandler.<init>(ClassPathURLStreamHandler.java:47)
01-01 01:19:19.689  5761  5761 E System  : 	at java.lang.VMClassLoader.createBootClassPathUrlHandlers(VMClassLoader.java:49)
01-01 01:19:19.689  5761  5761 E System  : 	at java.lang.VMClassLoader.<clinit>(VMClassLoader.java:32)
01-01 01:19:19.689  5761  5761 E System  : 	at java.lang.BootClassLoader.findResource(ClassLoader.java:1360)
01-01 01:19:19.689  5761  5761 E System  : 	at java.lang.BootClassLoader.getResource(ClassLoader.java:1406)
01-01 01:19:19.689  5761  5761 E System  : 	at java.lang.ClassLoader.getResourceAsStream(ClassLoader.java:987)
01-01 01:19:19.689  5761  5761 E System  : 	at java.lang.Class.getResourceAsStream(Class.java:2211)
01-01 01:19:19.689  5761  5761 E System  : 	at java.util.logging.LogManager.readConfiguration(LogManager.java:1297)
01-01 01:19:19.689  5761  5761 E System  : 	at java.util.logging.LogManager$3.run(LogManager.java:390)
01-01 01:19:19.689  5761  5761 E System  : 	at java.util.logging.LogManager$3.run(LogManager.java:388)
01-01 01:19:19.689  5761  5761 E System  : 	at java.security.AccessController.doPrivileged(AccessController.java:69)
01-01 01:19:19.689  5761  5761 E System  : 	at java.util.logging.LogManager.readPrimordialConfiguration(LogManager.java:387)
01-01 01:19:19.689  5761  5761 E System  : 	at java.util.logging.LogManager.-wrap5(Unknown Source:0)
01-01 01:19:19.689  5761  5761 E System  : 	at java.util.logging.LogManager$2.run(LogManager.java:336)
01-01 01:19:19.689  5761  5761 E System  : 	at java.security.AccessController.doPrivileged(AccessController.java:43)
01-01 01:19:19.689  5761  5761 E System  : 	at java.util.logging.LogManager.ensureLogManagerInitialized(LogManager.java:329)
01-01 01:19:19.689  5761  5761 E System  : 	at java.util.logging.LogManager.getLogManager(LogManager.java:369)
01-01 01:19:19.689  5761  5761 E System  : 	at java.util.logging.Logger.demandLogger(Logger.java:449)
01-01 01:19:19.689  5761  5761 E System  : 	at java.util.logging.Logger.getLogger(Logger.java:505)
01-01 01:19:19.689  5761  5761 E System  : 	at android.icu.util.TimeZone.<clinit>(TimeZone.java:95)
01-01 01:19:19.689  5761  5761 E System  : 	at java.util.TimeZone.setDefault(TimeZone.java:746)
01-01 01:19:19.689  5761  5761 E System  : 	at com.android.internal.os.RuntimeInit.commonInit(RuntimeInit.java:155)
01-01 01:19:19.689  5761  5761 E System  : 	at com.android.internal.os.RuntimeInit.main(RuntimeInit.java:279)
01-01 01:19:19.742  5761  5761 D AndroidRuntime: Calling main entry com.android.commands.pm.Pm
01-01 01:19:19.858  5761  5761 I app_process: System.exit called, status: 0
01-01 01:19:19.859  5761  5761 I AndroidRuntime: VM exiting with result code 0.
01-01 01:19:20.219  4060  4400 E SecUISvc: Error initializing local socket: -1
01-01 01:19:20.222   280   280 W /system/bin/hwservicemanager: getTransport: Cannot find entry vendor.qti.hardware.tui_comm@1.0::ITuiComm/default in either framework or device manifest.
01-01 01:19:20.608   453   453 E adbd    : failed to connect to socket 'localabstract:com.nfp.update': Connection refused
01-01 01:19:21.225  4060  4400 E SecUISvc: Error initializing local socket: -1
01-01 01:19:21.228   280   280 W /system/bin/hwservicemanager: getTransport: Cannot find entry vendor.qti.hardware.tui_comm@1.0::ITuiComm/default in either framework or device manifest.
01-01 01:19:21.941  5780  5780 D AndroidRuntime: >>>>>> START com.android.internal.os.RuntimeInit uid 2000 <<<<<<
01-01 01:19:21.964  5780  5780 W app_process: Could not reserve sentinel fault page
01-01 01:19:22.233  4060  4400 E SecUISvc: Error initializing local socket: -1
01-01 01:19:22.235   280   280 W /system/bin/hwservicemanager: getTransport: Cannot find entry vendor.qti.hardware.tui_comm@1.0::ITuiComm/default in either framework or device manifest.
01-01 01:19:22.577  5780  5780 E System  : Unable to open boot classpath entry: /system/framework/oem-services.jar
01-01 01:19:22.578  5780  5780 E System  : java.io.FileNotFoundException: File doesn't exist: /system/framework/oem-services.jar
01-01 01:19:22.578  5780  5780 E System  : 	at java.util.zip.ZipFile.<init>(ZipFile.java:212)
01-01 01:19:22.578  5780  5780 E System  : 	at java.util.zip.ZipFile.<init>(ZipFile.java:149)
01-01 01:19:22.578  5780  5780 E System  : 	at java.util.jar.JarFile.<init>(JarFile.java:160)
01-01 01:19:22.578  5780  5780 E System  : 	at java.util.jar.JarFile.<init>(JarFile.java:97)
01-01 01:19:22.578  5780  5780 E System  : 	at libcore.io.ClassPathURLStreamHandler.<init>(ClassPathURLStreamHandler.java:47)
01-01 01:19:22.578  5780  5780 E System  : 	at java.lang.VMClassLoader.createBootClassPathUrlHandlers(VMClassLoader.java:49)
01-01 01:19:22.578  5780  5780 E System  : 	at java.lang.VMClassLoader.<clinit>(VMClassLoader.java:32)
01-01 01:19:22.578  5780  5780 E System  : 	at java.lang.BootClassLoader.findResource(ClassLoader.java:1360)
01-01 01:19:22.578  5780  5780 E System  : 	at java.lang.BootClassLoader.getResource(ClassLoader.java:1406)
01-01 01:19:22.578  5780  5780 E System  : 	at java.lang.ClassLoader.getResourceAsStream(ClassLoader.java:987)
01-01 01:19:22.578  5780  5780 E System  : 	at java.lang.Class.getResourceAsStream(Class.java:2211)
01-01 01:19:22.578  5780  5780 E System  : 	at java.util.logging.LogManager.readConfiguration(LogManager.java:1297)
01-01 01:19:22.578  5780  5780 E System  : 	at java.util.logging.LogManager$3.run(LogManager.java:390)
01-01 01:19:22.578  5780  5780 E System  : 	at java.util.logging.LogManager$3.run(LogManager.java:388)
01-01 01:19:22.578  5780  5780 E System  : 	at java.security.AccessController.doPrivileged(AccessController.java:69)
01-01 01:19:22.578  5780  5780 E System  : 	at java.util.logging.LogManager.readPrimordialConfiguration(LogManager.java:387)
01-01 01:19:22.578  5780  5780 E System  : 	at java.util.logging.LogManager.-wrap5(Unknown Source:0)
01-01 01:19:22.578  5780  5780 E System  : 	at java.util.logging.LogManager$2.run(LogManager.java:336)
01-01 01:19:22.578  5780  5780 E System  : 	at java.security.AccessController.doPrivileged(AccessController.java:43)
01-01 01:19:22.578  5780  5780 E System  : 	at java.util.logging.LogManager.ensureLogManagerInitialized(LogManager.java:329)
01-01 01:19:22.578  5780  5780 E System  : 	at java.util.logging.LogManager.getLogManager(LogManager.java:369)
01-01 01:19:22.578  5780  5780 E System  : 	at java.util.logging.Logger.demandLogger(Logger.java:449)
01-01 01:19:22.578  5780  5780 E System  : 	at java.util.logging.Logger.getLogger(Logger.java:505)
01-01 01:19:22.578  5780  5780 E System  : 	at android.icu.util.TimeZone.<clinit>(TimeZone.java:95)
01-01 01:19:22.578  5780  5780 E System  : 	at java.util.TimeZone.setDefault(TimeZone.java:746)
01-01 01:19:22.578  5780  5780 E System  : 	at com.android.internal.os.RuntimeInit.commonInit(RuntimeInit.java:155)
01-01 01:19:22.578  5780  5780 E System  : 	at com.android.internal.os.RuntimeInit.main(RuntimeInit.java:279)
01-01 01:19:22.589  5780  5780 D AndroidRuntime: Calling main entry com.android.commands.pm.Pm
01-01 01:19:22.628  5780  5780 I app_process: System.exit called, status: 0
01-01 01:19:22.629  5780  5780 I AndroidRuntime: VM exiting with result code 0.
01-01 01:19:22.639  5780  5789 W MessageQueue: Handler (android.os.Handler) {bfdab31} sending message to a Handler on a dead thread
01-01 01:19:22.639  5780  5789 W MessageQueue: java.lang.IllegalStateException: Handler (android.os.Handler) {bfdab31} sending message to a Handler on a dead thread
01-01 01:19:22.639  5780  5789 W MessageQueue: 	at android.os.MessageQueue.enqueueMessage(MessageQueue.java:545)
01-01 01:19:22.639  5780  5789 W MessageQueue: 	at android.os.Handler.enqueueMessage(Handler.java:662)
01-01 01:19:22.639  5780  5789 W MessageQueue: 	at android.os.Handler.sendMessageAtTime(Handler.java:631)
01-01 01:19:22.639  5780  5789 W MessageQueue: 	at android.os.Handler.sendMessageDelayed(Handler.java:601)
01-01 01:19:22.639  5780  5789 W MessageQueue: 	at android.os.Handler.post(Handler.java:357)
01-01 01:19:22.639  5780  5789 W MessageQueue: 	at android.os.ResultReceiver$MyResultReceiver.send(ResultReceiver.java:57)
01-01 01:19:22.639  5780  5789 W MessageQueue: 	at com.android.internal.os.IResultReceiver$Stub.onTransact(IResultReceiver.java:58)
01-01 01:19:22.639  5780  5789 W MessageQueue: 	at android.os.Binder.execTransact(Binder.java:697)
01-01 01:19:23.240  4060  4400 E SecUISvc: Error initializing local socket: -1
01-01 01:19:23.243   280   280 W /system/bin/hwservicemanager: getTransport: Cannot find entry vendor.qti.hardware.tui_comm@1.0::ITuiComm/default in either framework or device manifest.
01-01 01:19:24.246  4060  4400 E SecUISvc: Error initializing local socket: -1
01-01 01:19:24.248   280   280 W /system/bin/hwservicemanager: getTransport: Cannot find entry vendor.qti.hardware.tui_comm@1.0::ITuiComm/default in either framework or device manifest.
01-01 01:19:25.253  4060  4400 E SecUISvc: Error initializing local socket: -1
01-01 01:19:25.255   280   280 W /system/bin/hwservicemanager: getTransport: Cannot find entry vendor.qti.hardware.tui_comm@1.0::ITuiComm/default in either framework or device manifest.
01-01 01:19:26.258  4060  4400 E SecUISvc: Error initializing local socket: -1
01-01 01:19:26.261   280   280 W /system/bin/hwservicemanager: getTransport: Cannot find entry vendor.qti.hardware.tui_comm@1.0::ITuiComm/default in either framework or device manifest.
01-01 01:19:27.265  4060  4400 E SecUISvc: Error initializing local socket: -1
01-01 01:19:27.268   280   280 W /system/bin/hwservicemanager: getTransport: Cannot find entry vendor.qti.hardware.tui_comm@1.0::ITuiComm/default in either framework or device manifest.
01-01 01:19:28.274  4060  4400 E SecUISvc: Error initializing local socket: -1
01-01 01:19:28.277   280   280 W /system/bin/hwservicemanager: getTransport: Cannot find entry vendor.qti.hardware.tui_comm@1.0::ITuiComm/default in either framework or device manifest.
01-01 01:19:28.326  1114  2876 I PowerManagerService: Waking up from dozing (uid=1000 reason=android.policy:POWER)...
01-01 01:19:28.337  3456  3471 D KeyguardViewMediator: onStartedWakingUp, seq = 14
01-01 01:19:28.337  3456  3471 D KeyguardViewMediator: notifyStartedWakingUp
01-01 01:19:28.351  3456  3456 D KeyguardViewMediator: handleNotifyWakingUp
01-01 01:19:28.355  3456  3456 V KeyguardUpdateMonitor: startListeningForFingerprint()
01-01 01:19:28.357  3456  3456 V KeyguardStatusView: Schedule setEnableMarquee: Enable
01-01 01:19:28.402  1114  1410 I DisplayPowerController: Blocking screen on until initial contents have been drawn.
01-01 01:19:28.412  3456  3471 D KeyguardViewMediator: notifyScreenOn
01-01 01:19:28.418   390   390 I QCOM PowerHAL: Got set_interactive hint
01-01 01:19:28.423   411   411 D SurfaceFlinger: Set power mode=2, type=0 flinger=0xb10b6000
01-01 01:19:28.425   386   386 I SDM     : DisplayBase::SetDisplayState: Set state = 1, display 0
01-01 01:19:28.446  1114  1407 I DisplayManagerService: Display device changed state: "Built-in Screen", ON
01-01 01:19:28.481   393   729 D audio_hw_primary: adev_set_parameters: enter: screen_state=on
01-01 01:19:28.485  1114  2876 I chatty  : uid=1000(system) InputReader expire 1 line
01-01 01:19:28.505  3589  3758 I QCNEJ/CndHalConnector: -> SND notifyScreenStateChanged(true)
01-01 01:19:28.510  3589  3758 I QCNEJ/CndHalConnector: -> SND notifyScreenStateChanged(false)
01-01 01:19:28.617  3456  3456 D StatusBar: disable<e i a s b H R c s q >
01-01 01:19:28.617  3456  3456 D StatusBar: disable<e i a s b H R c s q >
01-01 01:19:28.650  1114  4603 I chatty  : uid=1000(system) Binder:1114_A expire 6 lines
01-01 01:19:28.658  3456  3456 D KeyguardViewMediator: handleNotifyScreenTurningOn
01-01 01:19:28.725  3456  3844 I vol.Events: writeEvent active_stream_changed STREAM_RING
01-01 01:19:28.730  3456  3844 I vol.Events: writeEvent key STREAM_RING 5
01-01 01:19:28.777  1114  4238 I chatty  : uid=1000(system) IzatProvider expire 3 lines
01-01 01:19:28.778   395   395 V LocSvc_HIDL_IzatSubscription: [screenStatusUpdate][575] [HS] <<<<= [HC]
01-01 01:19:28.779   395  3562 I LocSvc_SystemStatusOsObserver: DataItem: IS_SCREEN_ON: true >> IZAT-MANAGER
01-01 01:19:28.779   395  4287 I LocSvc_libulp: ulp_msg_process_system_update: systemEvent:0 
01-01 01:19:28.841  3456  3456 I vol.Events: writeEvent show_dialog volume_changed keyguard=true
01-01 01:19:28.841  3456  3456 D KeyguardUpdateMonitor: received broadcast android.intent.action.TIME_TICK
01-01 01:19:28.996  1114  3411 I chatty  : uid=1000(system) PhotonicModulat expire 1 line
01-01 01:19:29.017  3456  3849 W Adreno-EGL: <qeglDrvAPI_eglGetConfigAttrib:612>: EGL_BAD_ATTRIBUTE
01-01 01:19:29.019  1114  1407 I chatty  : uid=1000(system) android.display expire 1 line
01-01 01:19:29.043  1114  1410 I DisplayPowerController: Unblocked screen on after 639 ms
01-01 01:19:29.047  3456  3471 D KeyguardViewMediator: notifyScreenTurnedOn
01-01 01:19:29.060  3456  3456 D KeyguardUpdateMonitor: handleTimeUpdate
01-01 01:19:29.065  1114  1410 W PowerManagerService: Screen on took 866 ms
01-01 01:19:29.070  1114  1410 I DreamManagerService: Gently waking up from dream.
01-01 01:19:29.070  1114  1405 I DreamManagerService: Performing gentle wake from dream.
01-01 01:19:29.125  3456  3456 D KeyguardViewMediator: handleNotifyScreenTurnedOn
01-01 01:19:29.132  1114  4603 I DreamManagerService: Leaving dreamland.
01-01 01:19:29.133  1114  1405 I DreamManagerService: Performing gentle wake from dream.
01-01 01:19:29.133  1114  1405 I DreamController: Stopping dream: name=ComponentInfo{com.android.systemui/com.android.systemui.doze.DozeService}, isTest=false, canDoze=true, userId=0
01-01 01:19:29.200  3456  3456 V KeyguardUpdateMonitor: startListeningForFingerprint()
01-01 01:19:29.284  4060  4400 E SecUISvc: Error initializing local socket: -1
01-01 01:19:29.289   280   280 W /system/bin/hwservicemanager: getTransport: Cannot find entry vendor.qti.hardware.tui_comm@1.0::ITuiComm/default in either framework or device manifest.
01-01 01:19:29.977  3456  3456 I vol.Events: writeEvent dismiss_dialog touch_outside
01-01 01:19:29.981  3456  3844 I vol.Events: writeEvent active_stream_changed UNKNOWN_STREAM_-1
01-01 01:19:30.193  3456  3456 D StatusBar: disable<e i a s b H R c s q >
01-01 01:19:30.246  3456  3456 D KeyguardSecurityView: showNextSecurityScreenOrFinish(false)
01-01 01:19:30.248  3456  3456 D KeyguardViewMediator: handleKeyguardDone
01-01 01:19:30.249  3456  3456 D KeyguardViewMediator: handleHide
01-01 01:19:30.249  3456  3456 D KeyguardViewMediator: keyguardGoingAway
01-01 01:19:30.277  4145  4315 W Adreno-ES20: <core_glFinish:34>: glFinish skipped: 0
01-01 01:19:30.278  4145  4315 W Adreno-ES20: <core_glFinish:34>: glFinish skipped: 0
01-01 01:19:30.289  1114  4603 I chatty  : uid=1000(system) Binder:1114_A expire 3 lines
01-01 01:19:30.294  3456  3456 D StatusBar: disable<e i a s b H R c s q >
01-01 01:19:30.298  4060  4400 E SecUISvc: Error initializing local socket: -1
01-01 01:19:30.301   280   280 W /system/bin/hwservicemanager: getTransport: Cannot find entry vendor.qti.hardware.tui_comm@1.0::ITuiComm/default in either framework or device manifest.
01-01 01:19:30.355  3456  3849 W Adreno-ES20: <core_glFinish:34>: glFinish skipped: 0
01-01 01:19:30.358  4145  4315 W Adreno-EGL: <qeglDrvAPI_eglGetConfigAttrib:612>: EGL_BAD_ATTRIBUTE
01-01 01:19:30.365  3456  3849 W Adreno-ES20: <core_glFinish:34>: glFinish skipped: 0
01-01 01:19:30.383  3456  3456 V KeyguardStatusView: Enable transport text marquee
01-01 01:19:30.487  3456  3456 D KeyguardViewMediator: handleStartKeyguardExitAnimation startTime=4621691 fadeoutDuration=300
01-01 01:19:30.491  3456  3456 D StatusBar: disable<e i a s b H R c s q >
01-01 01:19:30.492  3456  3456 D StatusBar: disable<e i a s b H R c s q >
01-01 01:19:30.524  3456  3456 D KeyguardUpdateMonitor: onKeyguardVisibilityChanged(false)
01-01 01:19:30.529  3456  3456 V KeyguardDisplayManager: hide
01-01 01:19:30.532  3456  3456 D KeyguardViewMediator: adjustStatusBarLocked: mShowing=false mOccluded=false isSecure=false --> flags=0x0
01-01 01:19:30.584  3589  3758 I QCNEJ/CndHalConnector: -> SND notifyScreenStateChanged(true)
01-01 01:19:30.641  3456  3456 D StatusBar: disable<e i a s b h!r!c s q >
01-01 01:19:30.842  3456  3849 W Adreno-ES20: <core_glFinish:34>: glFinish skipped: 0
01-01 01:19:30.931  4145  4315 W OpenGLRenderer: Incorrectly called buildLayer on View: ShortcutAndWidgetContainer, destroying layer...
01-01 01:19:30.990  3456  3849 W Adreno-EGL: <qeglDrvAPI_eglGetConfigAttrib:612>: EGL_BAD_ATTRIBUTE
01-01 01:19:31.304  4060  4400 E SecUISvc: Error initializing local socket: -1
01-01 01:19:31.306   280   280 W /system/bin/hwservicemanager: getTransport: Cannot find entry vendor.qti.hardware.tui_comm@1.0::ITuiComm/default in either framework or device manifest.
01-01 01:19:32.310  4060  4400 E SecUISvc: Error initializing local socket: -1
01-01 01:19:32.312   280   280 W /system/bin/hwservicemanager: getTransport: Cannot find entry vendor.qti.hardware.tui_comm@1.0::ITuiComm/default in either framework or device manifest.
01-01 01:19:32.896  5797  5797 D AndroidRuntime: >>>>>> START com.android.internal.os.RuntimeInit uid 2000 <<<<<<
01-01 01:19:32.926  5797  5797 W app_process: Could not reserve sentinel fault page
01-01 01:19:33.317  4060  4400 E SecUISvc: Error initializing local socket: -1
01-01 01:19:33.320   280   280 W /system/bin/hwservicemanager: getTransport: Cannot find entry vendor.qti.hardware.tui_comm@1.0::ITuiComm/default in either framework or device manifest.
01-01 01:19:33.788  1114  2854 D PackageInstaller: Inherited files: [/data/app/com.nfp.update-9O5mUhT9YMUc2NO8JBT_fA==/base.apk, /data/app/com.nfp.update-9O5mUhT9YMUc2NO8JBT_fA==/split_lib_dependencies_apk.apk, /data/app/com.nfp.update-9O5mUhT9YMUc2NO8JBT_fA==/split_lib_resources_apk.apk, /data/app/com.nfp.update-9O5mUhT9YMUc2NO8JBT_fA==/split_lib_slice_0_apk.apk, /data/app/com.nfp.update-9O5mUhT9YMUc2NO8JBT_fA==/split_lib_slice_1_apk.apk, /data/app/com.nfp.update-9O5mUhT9YMUc2NO8JBT_fA==/split_lib_slice_2_apk.apk, /data/app/com.nfp.update-9O5mUhT9YMUc2NO8JBT_fA==/split_lib_slice_3_apk.apk, /data/app/com.nfp.update-9O5mUhT9YMUc2NO8JBT_fA==/split_lib_slice_4_apk.apk, /data/app/com.nfp.update-9O5mUhT9YMUc2NO8JBT_fA==/split_lib_slice_5_apk.apk, /data/app/com.nfp.update-9O5mUhT9YMUc2NO8JBT_fA==/split_lib_slice_7_apk.apk, /data/app/com.nfp.update-9O5mUhT9YMUc2NO8JBT_fA==/split_lib_slice_8_apk.apk, /data/app/com.nfp.update-9O5mUhT9YMUc2NO8JBT_fA==/split_lib_slice_9_apk.apk, /data/app/com.nfp.update-9O5mUhT9YMUc2NO8JBT_fA==/oat/arm/base.odex, /data/app/com.nfp.update-9O5mUhT9YMUc2NO8JBT_fA==/oat/arm/base.vdex]
01-01 01:19:33.847  1114  2854 D PackageInstaller: Linked 14 files into /data/app/vmdl1112015405.tmp
01-01 01:19:33.947  5797  5797 E System  : Unable to open boot classpath entry: /system/framework/oem-services.jar
01-01 01:19:33.952  5797  5797 E System  : java.io.FileNotFoundException: File doesn't exist: /system/framework/oem-services.jar
01-01 01:19:33.952  5797  5797 E System  : 	at java.util.zip.ZipFile.<init>(ZipFile.java:212)
01-01 01:19:33.952  5797  5797 E System  : 	at java.util.zip.ZipFile.<init>(ZipFile.java:149)
01-01 01:19:33.952  5797  5797 E System  : 	at java.util.jar.JarFile.<init>(JarFile.java:160)
01-01 01:19:33.952  5797  5797 E System  : 	at java.util.jar.JarFile.<init>(JarFile.java:97)
01-01 01:19:33.952  5797  5797 E System  : 	at libcore.io.ClassPathURLStreamHandler.<init>(ClassPathURLStreamHandler.java:47)
01-01 01:19:33.952  5797  5797 E System  : 	at java.lang.VMClassLoader.createBootClassPathUrlHandlers(VMClassLoader.java:49)
01-01 01:19:33.952  5797  5797 E System  : 	at java.lang.VMClassLoader.<clinit>(VMClassLoader.java:32)
01-01 01:19:33.952  5797  5797 E System  : 	at java.lang.BootClassLoader.findResource(ClassLoader.java:1360)
01-01 01:19:33.952  5797  5797 E System  : 	at java.lang.BootClassLoader.getResource(ClassLoader.java:1406)
01-01 01:19:33.952  5797  5797 E System  : 	at java.lang.ClassLoader.getResourceAsStream(ClassLoader.java:987)
01-01 01:19:33.952  5797  5797 E System  : 	at java.lang.Class.getResourceAsStream(Class.java:2211)
01-01 01:19:33.952  5797  5797 E System  : 	at java.util.logging.LogManager.readConfiguration(LogManager.java:1297)
01-01 01:19:33.952  5797  5797 E System  : 	at java.util.logging.LogManager$3.run(LogManager.java:390)
01-01 01:19:33.952  5797  5797 E System  : 	at java.util.logging.LogManager$3.run(LogManager.java:388)
01-01 01:19:33.952  5797  5797 E System  : 	at java.security.AccessController.doPrivileged(AccessController.java:69)
01-01 01:19:33.952  5797  5797 E System  : 	at java.util.logging.LogManager.readPrimordialConfiguration(LogManager.java:387)
01-01 01:19:33.952  5797  5797 E System  : 	at java.util.logging.LogManager.-wrap5(Unknown Source:0)
01-01 01:19:33.952  5797  5797 E System  : 	at java.util.logging.LogManager$2.run(LogManager.java:336)
01-01 01:19:33.952  5797  5797 E System  : 	at java.security.AccessController.doPrivileged(AccessController.java:43)
01-01 01:19:33.952  5797  5797 E System  : 	at java.util.logging.LogManager.ensureLogManagerInitialized(LogManager.java:329)
01-01 01:19:33.952  5797  5797 E System  : 	at java.util.logging.LogManager.getLogManager(LogManager.java:369)
01-01 01:19:33.952  5797  5797 E System  : 	at java.util.logging.Logger.demandLogger(Logger.java:449)
01-01 01:19:33.952  5797  5797 E System  : 	at java.util.logging.Logger.getLogger(Logger.java:505)
01-01 01:19:33.952  5797  5797 E System  : 	at android.icu.util.TimeZone.<clinit>(TimeZone.java:95)
01-01 01:19:33.952  5797  5797 E System  : 	at java.util.TimeZone.setDefault(TimeZone.java:746)
01-01 01:19:33.952  5797  5797 E System  : 	at com.android.internal.os.RuntimeInit.commonInit(RuntimeInit.java:155)
01-01 01:19:33.952  5797  5797 E System  : 	at com.android.internal.os.RuntimeInit.main(RuntimeInit.java:279)
01-01 01:19:34.009   410   410 E lowmemorykiller: Error opening /dev/memcg/apps/uid_10005/pid_4819/memory.soft_limit_in_bytes; errno=2
01-01 01:19:34.010   410   410 E lowmemorykiller: Error opening /dev/memcg/apps/uid_1000/pid_4195/memory.soft_limit_in_bytes; errno=2
01-01 01:19:34.010   410   410 E lowmemorykiller: Error opening /dev/memcg/apps/uid_10019/pid_4623/memory.soft_limit_in_bytes; errno=2
01-01 01:19:34.010   410   410 E lowmemorykiller: Error opening /dev/memcg/apps/uid_10023/pid_4513/memory.soft_limit_in_bytes; errno=2
01-01 01:19:34.021  1114  1425 I chatty  : uid=1000(system) PackageManager expire 3 lines
01-01 01:19:34.053  5797  5797 D AndroidRuntime: Calling main entry com.android.commands.wm.Wm
01-01 01:19:34.079   410   410 E lowmemorykiller: Error opening /dev/memcg/apps/uid_10005/pid_4819/memory.soft_limit_in_bytes; errno=2
01-01 01:19:34.090  1114  5746 W WindowManager: Permission Denial: dismissKeyguard from pid=5797, uid=2000 requires android.permission.CONTROL_KEYGUARD
01-01 01:19:34.095  5797  5797 D AndroidRuntime: Shutting down VM
01-01 01:19:34.323  4060  4400 E SecUISvc: Error initializing local socket: -1
01-01 01:19:34.328   280   280 W /system/bin/hwservicemanager: getTransport: Cannot find entry vendor.qti.hardware.tui_comm@1.0::ITuiComm/default in either framework or device manifest.
01-01 01:19:34.371  1114  1425 W PackageParser: Unknown element under <manifest>: uses-sdk at /data/app/vmdl1112015405.tmp/split_lib_resources_apk.apk Binary XML file line #7
01-01 01:19:34.433  1114  1397 I ActivityManager: Force stopping com.nfp.update appid=10063 user=-1: installPackageLI
01-01 01:19:34.635  1114  1425 I PackageManager: Package com.nfp.update codePath changed from /data/app/com.nfp.update-9O5mUhT9YMUc2NO8JBT_fA== to /data/app/com.nfp.update-riQ7g1PzO8X9JD0wosnnhQ==; Retaining data and using new
01-01 01:19:34.636  1114  1425 W PackageManager: Code path for com.nfp.update changing from /data/app/com.nfp.update-9O5mUhT9YMUc2NO8JBT_fA== to /data/app/com.nfp.update-riQ7g1PzO8X9JD0wosnnhQ==
01-01 01:19:34.636  1114  1425 W PackageManager: Resource path for com.nfp.update changing from /data/app/com.nfp.update-9O5mUhT9YMUc2NO8JBT_fA== to /data/app/com.nfp.update-riQ7g1PzO8X9JD0wosnnhQ==
01-01 01:19:34.961  1114  1425 D PackageManager: Ephemeral installer not found with new action; try old one
01-01 01:19:34.961  1114  1425 D PackageManager: Clear ephemeral installer activity
01-01 01:19:35.332  4060  4400 E SecUISvc: Error initializing local socket: -1
01-01 01:19:35.337   280   280 W /system/bin/hwservicemanager: getTransport: Cannot find entry vendor.qti.hardware.tui_comm@1.0::ITuiComm/default in either framework or device manifest.
01-01 01:19:35.355  1114  1425 I zygote  : Explicit concurrent copying GC freed 123201(6MB) AllocSpace objects, 88(3MB) LOS objects, 73% free, 6MB/24MB, paused 269us total 380.573ms
01-01 01:19:35.386   467  2860 E         : Couldn't opendir /data/app/vmdl1112015405.tmp: No such file or directory
01-01 01:19:35.387   467  2860 E installd: Failed to delete /data/app/vmdl1112015405.tmp: No such file or directory
01-01 01:19:35.429  1114  1425 I ActivityManager: Force stopping com.nfp.update appid=10063 user=0: pkg removed
01-01 01:19:35.485  1114  1425 D CompatibilityInfo: mCompatibilityFlags - 4
01-01 01:19:35.485  1114  1425 D CompatibilityInfo: applicationDensity - 240
01-01 01:19:35.485  1114  1425 D CompatibilityInfo: applicationScale - 1.0
01-01 01:19:35.557   410   410 E lowmemorykiller: Error opening /dev/memcg/apps/uid_10050/pid_4558/memory.soft_limit_in_bytes; errno=2
01-01 01:19:35.557   410   410 E lowmemorykiller: Error opening /dev/memcg/apps/uid_10004/pid_4344/memory.soft_limit_in_bytes; errno=2
01-01 01:19:35.558   410   410 E lowmemorykiller: Error opening /dev/memcg/apps/uid_10018/pid_4604/memory.soft_limit_in_bytes; errno=2
01-01 01:19:35.558   410   410 E lowmemorykiller: Error opening /dev/memcg/apps/uid_1000/pid_4430/memory.soft_limit_in_bytes; errno=2
01-01 01:19:35.558  1114  1397 D CompatibilityInfo: mCompatibilityFlags - 14
01-01 01:19:35.559  1114  1397 D CompatibilityInfo: applicationDensity - 240
01-01 01:19:35.559  1114  1397 D CompatibilityInfo: applicationScale - 1.0
01-01 01:19:35.608  1114  2876 I InputReader: Reconfiguring input devices.  changes=0x00000010
01-01 01:19:35.615  1114  2876 I chatty  : uid=1000(system) InputReader identical 1 line
01-01 01:19:35.618  1114  2876 I InputReader: Reconfiguring input devices.  changes=0x00000010
01-01 01:19:35.634   410   410 E lowmemorykiller: Error opening /dev/memcg/apps/uid_10004/pid_4344/memory.soft_limit_in_bytes; errno=2
01-01 01:19:35.635   410   410 E lowmemorykiller: Error opening /dev/memcg/apps/uid_10019/pid_4623/memory.soft_limit_in_bytes; errno=2
01-01 01:19:35.635   410   410 E lowmemorykiller: Error opening /dev/memcg/apps/uid_10018/pid_4604/memory.soft_limit_in_bytes; errno=2
01-01 01:19:35.635   410   410 E lowmemorykiller: Error opening /dev/memcg/apps/uid_10048/pid_4012/memory.soft_limit_in_bytes; errno=2
01-01 01:19:35.636   410   410 E lowmemorykiller: Error opening /dev/memcg/apps/uid_10023/pid_4513/memory.soft_limit_in_bytes; errno=2
01-01 01:19:35.636   410   410 E lowmemorykiller: Error opening /dev/memcg/apps/uid_1000/pid_4430/memory.soft_limit_in_bytes; errno=2
01-01 01:19:35.636  1114  5746 D CompatibilityInfo: mCompatibilityFlags - 14
01-01 01:19:35.637  1114  5746 D CompatibilityInfo: applicationDensity - 240
01-01 01:19:35.637  1114  5746 D CompatibilityInfo: applicationScale - 1.0
01-01 01:19:35.648   410   410 E lowmemorykiller: Error opening /dev/memcg/apps/uid_10017/pid_4889/memory.soft_limit_in_bytes; errno=2
01-01 01:19:35.648   410   410 E lowmemorykiller: Error opening /dev/memcg/apps/uid_10004/pid_4344/memory.soft_limit_in_bytes; errno=2
01-01 01:19:35.648   410   410 E lowmemorykiller: Error opening /dev/memcg/apps/uid_10019/pid_4623/memory.soft_limit_in_bytes; errno=2
01-01 01:19:35.649   410   410 E lowmemorykiller: Error opening /dev/memcg/apps/uid_10048/pid_4012/memory.soft_limit_in_bytes; errno=2
01-01 01:19:35.649  1114  5746 D CompatibilityInfo: mCompatibilityFlags - 14
01-01 01:19:35.649  1114  5746 D CompatibilityInfo: applicationDensity - 240
01-01 01:19:35.649  1114  5746 D CompatibilityInfo: applicationScale - 1.0
01-01 01:19:35.656   410   410 E lowmemorykiller: Error opening /dev/memcg/apps/uid_10050/pid_4558/memory.soft_limit_in_bytes; errno=2
01-01 01:19:35.658   410   410 E lowmemorykiller: Error opening /dev/memcg/apps/uid_1000/pid_4195/memory.soft_limit_in_bytes; errno=2
01-01 01:19:35.660   410   410 E lowmemorykiller: Error opening /dev/memcg/apps/uid_10050/pid_4558/memory.soft_limit_in_bytes; errno=2
01-01 01:19:35.660   410   410 E lowmemorykiller: Error opening /dev/memcg/apps/uid_10016/pid_4574/memory.soft_limit_in_bytes; errno=2
01-01 01:19:35.663   410   410 E lowmemorykiller: Error opening /dev/memcg/apps/uid_10018/pid_4604/memory.soft_limit_in_bytes; errno=2
01-01 01:19:35.664   410   410 E lowmemorykiller: Error opening /dev/memcg/apps/uid_10023/pid_4513/memory.soft_limit_in_bytes; errno=2
01-01 01:19:35.664  1114  1114 D CompatibilityInfo: mCompatibilityFlags - 4
01-01 01:19:35.664  1114  1114 D CompatibilityInfo: applicationDensity - 240
01-01 01:19:35.665  1114  1114 D CompatibilityInfo: applicationScale - 1.0
01-01 01:19:35.672  1114  3656 D CompatibilityInfo: mCompatibilityFlags - 14
01-01 01:19:35.672  1114  3656 D CompatibilityInfo: applicationDensity - 240
01-01 01:19:35.672  1114  3656 D CompatibilityInfo: applicationScale - 1.0
01-01 01:19:35.677  1114  3656 W BroadcastQueue: Background execution not allowed: receiving Intent { act=android.intent.action.PACKAGE_REMOVED dat=package:com.nfp.update flg=0x4000010 (has extras) } to org.codeaurora.gallery/com.android.gallery3d.app.PackagesMonitor
01-01 01:19:35.679   410   410 E lowmemorykiller: Error opening /dev/memcg/apps/uid_10050/pid_4558/memory.soft_limit_in_bytes; errno=2
01-01 01:19:35.680  1114  1397 D CompatibilityInfo: mCompatibilityFlags - 14
01-01 01:19:35.680  1114  1397 D CompatibilityInfo: applicationDensity - 240
01-01 01:19:35.680  1114  1397 D CompatibilityInfo: applicationScale - 1.0
01-01 01:19:35.687  1114  5746 D CompatibilityInfo: mCompatibilityFlags - 14
01-01 01:19:35.687  1114  5746 D CompatibilityInfo: applicationDensity - 240
01-01 01:19:35.687  1114  5746 D CompatibilityInfo: applicationScale - 1.0
01-01 01:19:35.708   410   410 E lowmemorykiller: Error opening /dev/memcg/apps/uid_10050/pid_4558/memory.soft_limit_in_bytes; errno=2
01-01 01:19:35.708  1114  5746 W BroadcastQueue: Background execution not allowed: receiving Intent { act=android.intent.action.PACKAGE_ADDED dat=package:com.nfp.update flg=0x4000010 (has extras) } to com.svox.pico/.VoiceDataInstallerReceiver
01-01 01:19:35.709  1114  1397 W BroadcastQueue: Background execution not allowed: receiving Intent { act=android.intent.action.PACKAGE_ADDED dat=package:com.nfp.update flg=0x4000010 (has extras) } to org.codeaurora.gallery/com.android.gallery3d.app.PackagesMonitor
01-01 01:19:35.710  1114  1397 D CompatibilityInfo: mCompatibilityFlags - 14
01-01 01:19:35.710  1114  1397 D CompatibilityInfo: applicationDensity - 240
01-01 01:19:35.710  1114  1397 D CompatibilityInfo: applicationScale - 1.0
01-01 01:19:35.718   410   410 E lowmemorykiller: Error opening /dev/memcg/apps/uid_10017/pid_4889/memory.soft_limit_in_bytes; errno=2
01-01 01:19:35.719  3456  3468 I zygote  : Background concurrent copying GC freed 51961(1905KB) AllocSpace objects, 0(0B) LOS objects, 78% free, 4MB/22MB, paused 312us total 251.315ms
01-01 01:19:35.725   459   459 I VM_BMS  : power_supply_update: ocv_uv=4223094 ibatt=-285799 soc=93 seq_num=95
01-01 01:19:35.735  3456  3849 W Adreno-ES20: <core_glFinish:34>: glFinish skipped: 0
01-01 01:19:35.742   410   410 E lowmemorykiller: Error opening /dev/memcg/apps/uid_1000/pid_4195/memory.soft_limit_in_bytes; errno=2
01-01 01:19:35.748  3456  3849 W Adreno-ES20: <core_glFinish:34>: glFinish skipped: 0
01-01 01:19:35.905  1114  5746 I ActivityManager: START u0 {act=android.intent.action.MAIN cat=[android.intent.category.LAUNCHER] flg=0x10000000 cmp=com.nfp.update/.MainActivity} from uid 2000
01-01 01:19:35.926  3626  3626 E PhoneInterfaceManager: [PhoneIntfMgr] getCarrierPackageNamesForIntent: No UICC
01-01 01:19:35.944  3626  3626 D CarrierSvcBindHelper: No carrier app for: 0
01-01 01:19:35.946  3626  3626 E PhoneInterfaceManager: [PhoneIntfMgr] getCarrierPackageNamesForIntent: No UICC
01-01 01:19:35.946  3626  3626 D CarrierSvcBindHelper: No carrier app for: 0
01-01 01:19:36.005   397   451 E ANDR-PERF-MPCTL: Invalid profile no. 0, total profiles 0 only
01-01 01:19:36.014   280   280 W /system/bin/hwservicemanager: getTransport: Cannot find entry vendor.qti.hardware.iop@1.0::IIop/default in either framework or device manifest.
01-01 01:19:36.014  1114  5746 E ANDR-PERF-JNI: Iop tryGetService failed
01-01 01:19:36.028  1114  1114 I Telecom : DefaultDialerCache: Refreshing default dialer for user 0: now com.android.dialer: DDC.oR@AHs
01-01 01:19:36.055  3626  3626 D ImsResolver: maybeAddedImsService, packageName: com.nfp.update
01-01 01:19:36.064  3626  3626 D CarrierConfigLoader: mHandler: 9 phoneId: 0
01-01 01:19:36.089  1114  5746 D ActivityTrigger: activityStartTrigger: Activity is Triggerred in full screen ApplicationInfo{4fc6a8c com.nfp.update}
01-01 01:19:36.089  1114  5746 E ActivityTrigger: activityStartTrigger: not whiteListedcom.nfp.update/com.nfp.update.MainActivity/1
01-01 01:19:36.099  1114  5746 D CompatibilityInfo: mCompatibilityFlags - 4
01-01 01:19:36.099  1114  5746 D CompatibilityInfo: applicationDensity - 240
01-01 01:19:36.099  1114  5746 D CompatibilityInfo: applicationScale - 1.0
01-01 01:19:36.101  1114  5746 D ActivityTrigger: activityResumeTrigger: The activity in ApplicationInfo{4fc6a8c com.nfp.update} is now in focus and seems to be in full-screen mode
01-01 01:19:36.101  1114  5746 E ActivityTrigger: activityResumeTrigger: not whiteListedcom.nfp.update/com.nfp.update.MainActivity/1
01-01 01:19:36.111  1114  5746 D ActivityTrigger: ActivityTrigger activityPauseTrigger 
01-01 01:19:36.160  1114  1125 D ActivityTrigger: activityResumeTrigger: The activity in ApplicationInfo{4fc6a8c com.nfp.update} is now in focus and seems to be in full-screen mode
01-01 01:19:36.161  1114  1125 E ActivityTrigger: activityResumeTrigger: not whiteListedcom.nfp.update/com.nfp.update.MainActivity/1
01-01 01:19:36.283  1114  3656 W zygote  : Long monitor contention with owner Binder:1114_F (5746) at int com.android.server.am.ActivityStarter.startActivityMayWait(android.app.IApplicationThread, int, java.lang.String, android.content.Intent, java.lang.String, android.service.voice.IVoiceInteractionSession, com.android.internal.app.IVoiceInteractor, android.os.IBinder, java.lang.String, int, int, android.app.ProfilerInfo, android.app.WaitResult, android.content.res.Configuration, android.os.Bundle, boolean, int, com.android.server.am.TaskRecord, java.lang.String)(ActivityStarter.java:737) waiters=1 in boolean com.android.server.am.ActivityManagerService.stopServiceToken(android.content.ComponentName, android.os.IBinder, int) for 217ms
01-01 01:19:36.286  1114  1125 W ActivityManager: Slow operation: 122ms so far, now at startProcess: returned from zygote!
01-01 01:19:36.287  1114  1125 W ActivityManager: Slow operation: 122ms so far, now at startProcess: done updating battery stats
01-01 01:19:36.290  1114  1125 W ActivityManager: Slow operation: 125ms so far, now at startProcess: building log message
01-01 01:19:36.290  1114  1125 I ActivityManager: Start proc 5835:com.nfp.update/u0a63 for activity com.nfp.update/.MainActivity
01-01 01:19:36.292  1114  1125 W ActivityManager: Slow operation: 127ms so far, now at startProcess: starting to update pids map
01-01 01:19:36.292  1114  1125 W ActivityManager: Slow operation: 127ms so far, now at startProcess: done updating pids map
01-01 01:19:36.295  1114  1125 W ActivityManager: Slow operation: 131ms so far, now at startProcess: done starting proc!
