04-23 23:32:48.408   753  1528 D ACDB-LOADER: ACDB -> ACDB_CMD_GET_ANC_SETTING
04-23 23:32:48.408   753  1528 D         : Failed to fetch the lookup information of the device 00000059 
04-23 23:32:48.408   753  1528 E ACDB-LOADER: Error: ACDB ANC returned = -19
04-23 23:32:48.408   753  1528 D ACDB-LOADER: ACDB -> ACDB_CMD_GET_ANC_SETTING
04-23 23:32:48.408   753  1528 D ACDB-LOADER: send_wcd9xxx_anc_cal: anc_version = 1
04-23 23:32:48.408   753  1528 D anc_map : convert_anc_acdb_to_reg:enter, ancch  0, input device   0
04-23 23:32:48.408   753  1528 D anc_map : convert_anc_acdb_to_reg:enter, ancch  1, input device   4
04-23 23:32:48.408   753  1528 D anc_map : Setwcd9xxxANC_IIRCoeffs:enter
04-23 23:32:48.408   753  1528 D anc_map : Setwcd9xxxANC_IIRCoeffs:leave
04-23 23:32:48.408   753  1528 D anc_map : Setwcd9xxxANC_LPFShift:enter
04-23 23:32:48.408   753  1528 D anc_map : Setwcd9xxxANC_LPFShift:leave
04-23 23:32:48.408   753  1528 D anc_map : convert_anc_acdb_to_reg:leave
04-23 23:32:48.408   753  1528 E msm8916_platform: Failed to call ioctl  for anc_cal err=14 calib.size=4480
04-23 23:32:48.408   753  1528 D msm8916_platform: send_codec_cal cal sent for anc_cal calib.size=4480
04-23 23:32:48.408   753  1528 D ACDB-LOADER: send mbhc data
04-23 23:32:48.408   753  1528 D ACDB-LOADER: ACDB -> MBHC ACDB_PID_GENERAL_CONFIG
04-23 23:32:48.408   753  1528 D ACDB-LOADER: ACDB -> MBHC ACDB_PID_PLUG_REMOVAL_DETECTION
04-23 23:32:48.408   753  1528 D ACDB-LOADER: ACDB -> MBHC ACDB_PID_PLUG_TYPE_DETECTION
04-23 23:32:48.408   753  1528 D ACDB-LOADER: ACDB -> MBHC ACDB_PID_BUTTON_PRESS_DETECTION
04-23 23:32:48.408   753  1528 D ACDB-LOADER: ACDB -> MBHC ACDB_PID_IMPEDANCE_DETECTION
04-23 23:32:48.408   753  1528 D msm8916_platform: send_codec_cal cal sent for mbhc_cal calib.size=154
04-23 23:32:48.408   753  1528 D ACDB-LOADER: send vbat data
04-23 23:32:48.408   753  1528 D ACDB-LOADER: ACDB -> VBAT ACDB_PID_ADC_CAL
04-23 23:32:48.408   753  1528 D ACDB-LOADER: ACDB -> VBAT ACDB_PID_GAIN_PROC
04-23 23:32:48.408   753  1528 D ACDB-LOADER: send vbat data, calling convert_vbat_data
04-23 23:32:48.408   753  1528 D ACDB-LOADER: copied vbat cal size =72
04-23 23:32:48.408   753  1528 E msm8916_platform: Failed to call ioctl  for vbat_cal err=14 calib.size=72
04-23 23:32:48.408   753  1528 D msm8916_platform: send_codec_cal cal sent for vbat_cal calib.size=72
04-23 23:32:48.408   755   755 I mm-camera: <MCT   >< INFO> 5042: mct_pipeline_start_stream_internal: Adding session stream streamid= 0xf for session=4
04-23 23:32:48.408   753  1528 D audio_hw_extn: audio_extn_can_use_ras: ras.enabled property is set to 0
04-23 23:32:48.409   755   755 I mm-camera: <MCT   >< INFO> 5090: mct_pipeline_start_stream_internal: Linking session stream for session 4
04-23 23:32:48.409   755   755 I mm-camera: <MCT   >< INFO> 525: mct_stream_start_link: Start linking Session-stream 0x4000f
04-23 23:32:48.409   755   755 I mm-camera: <IFACE >< INFO> 344: iface_util_find_primary_cid: iface_util_find_primary_cid:344 error cannot find primary sensor format cids 1
04-23 23:32:48.409   755   755 E mm-camera: <IFACE ><ERROR> 638: iface_reserve_src_port: iface_reserve_src_port: port not created! port state = 1
04-23 23:32:48.409   755   755 I mm-camera: <ISP   >< INFO> 849: isp_port_check_caps_reserve: port 0xe9c77680 ide 4000f type 10 dim 0 0
04-23 23:32:48.409   753  1528 W msm8916_platform: init_be_dai_name_table: sound device  has no hw interface set
04-23 23:32:48.409   753  1528 D msm8916_platform: init_be_dai_name_table: sound device speaker-and-headphones does not have a valid hw interface set (disregard for combo devices) INT4_MI2S_RX-and-INT0_MI2S_RX
04-23 23:32:48.409   753  1528 D msm8916_platform: init_be_dai_name_table: sound device speaker-and-line does not have a valid hw interface set (disregard for combo devices) INT4_MI2S_RX-and-INT0_MI2S_RX
04-23 23:32:48.409   753  1528 D msm8916_platform: init_be_dai_name_table: sound device speaker-and-headphones-ext-1 does not have a valid hw interface set (disregard for combo devices) INT4_MI2S_RX-and-INT0_MI2S_RX
04-23 23:32:48.409   753  1528 D msm8916_platform: init_be_dai_name_table: sound device speaker-and-headphones-ext-2 does not have a valid hw interface set (disregard for combo devices) INT4_MI2S_RX-and-INT0_MI2S_RX
04-23 23:32:48.409   753  1528 D msm8916_platform: init_be_dai_name_table: sound device speaker-and-hdmi does not have a valid hw interface set (disregard for combo devices) INT4_MI2S_RX-and-HDMI
04-23 23:32:48.409   753  1528 D msm8916_platform: init_be_dai_name_table: sound device speaker-and-display-port does not have a valid hw interface set (disregard for combo devices) INT4_MI2S_RX-and-DISPLAY_PORT
04-23 23:32:48.409   753  1528 D msm8916_platform: init_be_dai_name_table: sound device speaker-and-bt-a2dp does not have a valid hw interface set (disregard for combo devices) INT4_MI2S_RX-and-SLIMBUS_7_RX
04-23 23:32:48.409   755   755 I mm-camera: <PPROC >< INFO> 449: pproc_port_add_modules_to_stream: in identity 4000f stream 10 int_link = 0xe9bf6080
04-23 23:32:48.409   753  1528 D msm8916_platform: init_be_dai_name_table: sound device speaker-and-bt-sco does not have a valid hw interface set (disregard for combo devices) SLIMBUS_0_RX-and-SLIMBUS_7_RX
04-23 23:32:48.409   753  1528 D msm8916_platform: init_be_dai_name_table: sound device speaker-and-bt-sco-wb does not have a valid hw interface set (disregard for combo devices) SLIMBUS_0_RX-and-SLIMBUS_7_RX
04-23 23:32:48.409   755   755 I mm-camera: <PPROC >< INFO> 461: pproc_port_add_modules_to_stream: :LINK linking mods tmod and paaf for identity 4000f
04-23 23:32:48.409   753  1528 D msm8916_platform: init_be_dai_name_table: sound device speaker-and-usb-headphones does not have a valid hw interface set (disregard for combo devices) SLIMBUS_0_RX-and-USB_AUDIO_RX
04-23 23:32:48.409   753  1528 D msm8916_platform: init_be_dai_name_table: sound device speaker-and-anc-headphones does not have a valid hw interface set (disregard for combo devices) INT4_MI2S_RX-and-INT0_MI2S_RX
04-23 23:32:48.409   753  1528 W msm8916_platform: init_be_dai_name_table: sound device speaker-protected has no hw interface set
04-23 23:32:48.409   753  1528 W msm8916_platform: init_be_dai_name_table: sound device speaker-protected-vbat has no hw interface set
04-23 23:32:48.409   753  1528 D msm8916_platform: init_be_dai_name_table: sound device voice-speaker-and-voice-headphones does not have a valid hw interface set (disregard for combo devices) SLIMBUS_0_RX-and-SLIMBUS_6_RX
04-23 23:32:48.409   753  1528 D msm8916_platform: init_be_dai_name_table: sound device voice-speaker-and-voice-anc-headphones does not have a valid hw interface set (disregard for combo devices) SLIMBUS_0_RX-and-SLIMBUS_6_RX
04-23 23:32:48.409   753  1528 W msm8916_platform: init_be_dai_name_table: sound device usb-headset-mic has no hw interface set
04-23 23:32:48.409   753  1528 I chatty  : uid=1041(audioserver) HwBinder:753_1 identical 2 lines
04-23 23:32:48.409   753  1528 W msm8916_platform: init_be_dai_name_table: sound device usb-headset-mic has no hw interface set
04-23 23:32:48.409   753  1528 W msm8916_platform: init_be_dai_name_table: sound device incall-rec-rx-tx has no hw interface set
04-23 23:32:48.409   753  1528 D msm8916_platform: platform_init: Fluence_Type(1) max_mic_count(4) mic_type(0xf) fluence_in_voice_call(1) fluence_in_voice_rec(0) fluence_in_spkr_mode(0) fluence_in_hfp_call(0) 
04-23 23:32:48.409   755   755 I mm-camera: <PPROC >< INFO> 461: pproc_port_add_modules_to_stream: :LINK linking mods paaf and sat for identity 4000f
04-23 23:32:48.409   753  1528 D split_a2dp: get_offload_codec_capabilities = sbc-aptx-aptxhd-aac
04-23 23:32:48.410   753  1528 D split_a2dp: a2dp_offload_codec_cap_parser: SBC offload supported
04-23 23:32:48.410   753  1528 D split_a2dp: update_offload_codec_capabilities: codec cap = sbc
04-23 23:32:48.410   753  1528 D audio_hw_ssr: audio_extn_ssr_update_enabled: surround sound recording is not supported
04-23 23:32:48.410   753  1528 D audio_hw_spkr_prot: audio_extn_spkr_prot_init: Initialize speaker protection module
04-23 23:32:48.410   753  1528 D audio_hw_spkr_prot: audio_extn_spkr_prot_init: Speaker protection disabled
04-23 23:32:48.410   755   755 I mm-camera: <PPROC >< INFO> 461: pproc_port_add_modules_to_stream: :LINK linking mods sat and ppeiscore for identity 4000f
04-23 23:32:48.410   755   755 I mm-camera: <PPROC >< INFO> 461: pproc_port_add_modules_to_stream: :LINK linking mods ppeiscore and c2d for identity 4000f
04-23 23:32:48.410   755   755 I mm-camera: <C2D   >< INFO> 1557: c2d_module_notify_add_stream: width 0, height 0, stride 0, scanline 0, is_type 0
04-23 23:32:48.410   755   755 I mm-camera: <PPROC >< INFO> 461: pproc_port_add_modules_to_stream: :LINK linking mods c2d and cpp for identity 4000f
04-23 23:32:48.410   755   755 I mm-camera: <CPP   >< INFO> 2389: cpp_module_notify_add_stream: :stream 10, width 0, height 0, stride 0,scanline 0, framelen 0
04-23 23:32:48.410   755   755 I mm-camera: <CPP   >< INFO> 2546: cpp_module_notify_add_stream: : stream 10, fmt 1, asf_mode 0, sharpness_level 0.000000,asf mask 0, denoise 0, denoise_mask 0, dsdn mask 0,dsdn enable 0, tnr mask 0, tnr enable 0, ds_mask 0, luma dsdn 0
04-23 23:32:48.410   755   755 I mm-camera: <PPROC >< INFO> 461: pproc_port_add_modules_to_stream: :LINK linking mods cpp and rtbdm for identity 4000f
04-23 23:32:48.411   755   755 I mm-camera: <PPROC >< INFO> 461: pproc_port_add_modules_to_stream: :LINK linking mods rtbdm and depth_map for identity 4000f
04-23 23:32:48.411   755   755 I mm-camera: <PPROC >< INFO> 461: pproc_port_add_modules_to_stream: :LINK linking mods depth_map and rtb for identity 4000f
04-23 23:32:48.411   755   755 I mm-camera: <PPROC >< INFO> 461: pproc_port_add_modules_to_stream: :LINK linking mods rtb and ezt for identity 4000f
04-23 23:32:48.411   755   755 I mm-camera: <PPROC >< INFO> 461: pproc_port_add_modules_to_stream: :LINK linking mods ezt and quadracfa for identity 4000f
04-23 23:32:48.411   755  1693 E         : mayang_dw9763_s5k3l8_eeprom_get_calibration_items:34,is_wbc:1,is_afc:1,is_lsc:1,is_dpc:0,is_insensor:0,  is_ois:0, is_dual:1
04-23 23:32:48.415   755   755 E mm-camera: <STATS ><ERROR> 3011: stats_port_check_caps_reserve: Invalid Port capability type!
04-23 23:32:48.415   755   755 I chatty  : uid=1047(cameraserver) provider@2.4-se identical 2 lines
04-23 23:32:48.415   755   755 E mm-camera: <STATS ><ERROR> 3011: stats_port_check_caps_reserve: Invalid Port capability type!
04-23 23:32:48.417   755   755 I mm-camera: <MCT   >< INFO> 5099: mct_pipeline_start_stream_internal: Session stream linked successfully session 4
04-23 23:32:48.423   755  1689 I mm-camera: <MCT   >< INFO> 4044: mct_pipeline_populate_query_cap_buffer: ng521 pxs_debug1 snap_sensor_width=4208 ; snap_sensor_height=3120 
04-23 23:32:48.423   755  1689 I mm-camera: <MCT   >< INFO> 4045: mct_pipeline_populate_query_cap_buffer: ng521 pxs_debug1 quadra_cfa_width=0 ; quadra_cfa_height=0 
04-23 23:32:48.423   755  1689 I mm-camera: <MCT   >< INFO> 3265: mct_pipeline_fill_dimensions_snapshot: ng521 pxs_debug3 i = 4 ,default_picture_sizes[i]=4160 
04-23 23:32:48.423   755  1689 I mm-camera:  
04-23 23:32:48.423   755  1689 I mm-camera: <MCT   >< INFO> 3265: mct_pipeline_fill_dimensions_snapshot: ng521 pxs_debug3 i = 5 ,default_picture_sizes[i]=4000 
04-23 23:32:48.423   755  1689 I mm-camera:  
04-23 23:32:48.423   755  1689 I mm-camera: <MCT   >< INFO> 3265: mct_pipeline_fill_dimensions_snapshot: ng521 pxs_debug3 i = 6 ,default_picture_sizes[i]=3840 
04-23 23:32:48.423   755  1689 I mm-camera:  
04-23 23:32:48.423   755  1689 I mm-camera: <MCT   >< INFO> 3265: mct_pipeline_fill_dimensions_snapshot: ng521 pxs_debug3 i = 7 ,default_picture_sizes[i]=3264 
04-23 23:32:48.423   755  1689 I mm-camera:  
04-23 23:32:48.423   755  1689 I mm-camera: <MCT   >< INFO> 3265: mct_pipeline_fill_dimensions_snapshot: ng521 pxs_debug3 i = 8 ,default_picture_sizes[i]=3200 
04-23 23:32:48.423   755  1689 I mm-camera:  
04-23 23:32:48.423   755  1689 I mm-camera: <MCT   >< INFO> 3265: mct_pipeline_fill_dimensions_snapshot: ng521 pxs_debug3 i = 9 ,default_picture_sizes[i]=2976 
04-23 23:32:48.423   755  1689 I mm-camera:  
04-23 23:32:48.423   755  1689 I mm-camera: <MCT   >< INFO> 3265: mct_pipeline_fill_dimensions_snapshot: ng521 pxs_debug3 i = 10 ,default_picture_sizes[i]=2592 
04-23 23:32:48.423   755  1689 I mm-camera:  
04-23 23:32:48.423   755  1689 I mm-camera: <MCT   >< INFO> 3265: mct_pipeline_fill_dimensions_snapshot: ng521 pxs_debug3 i = 11 ,default_picture_sizes[i]=2688 
04-23 23:32:48.423   755  1689 I mm-camera:  
04-23 23:32:48.423   755  1689 I mm-camera: <MCT   >< INFO> 3265: mct_pipeline_fill_dimensions_snapshot: ng521 pxs_debug3 i = 12 ,default_picture_sizes[i]=2048 
04-23 23:32:48.423   755  1689 I mm-camera:  
04-23 23:32:48.423   755  1689 I mm-camera: <MCT   >< INFO> 3265: mct_pipeline_fill_dimensions_snapshot: ng521 pxs_debug3 i = 13 ,default_picture_sizes[i]=1920 
04-23 23:32:48.423   755  1689 I mm-camera:  
04-23 23:32:48.423   755  1689 I mm-camera: <MCT   >< INFO> 3265: mct_pipeline_fill_dimensions_snapshot: ng521 pxs_debug3 i = 14 ,default_picture_sizes[i]=2560 
04-23 23:32:48.423   755  1689 I mm-camera:  
04-23 23:32:48.423   755  1689 I mm-camera: <MCT   >< INFO> 3265: mct_pipeline_fill_dimensions_snapshot: ng521 pxs_debug3 i = 15 ,default_picture_sizes[i]=1600 
04-23 23:32:48.423   755  1689 I mm-camera:  
04-23 23:32:48.423   755  1689 I mm-camera: <MCT   >< INFO> 3265: mct_pipeline_fill_dimensions_snapshot: ng521 pxs_debug3 i = 16 ,default_picture_sizes[i]=1440 
04-23 23:32:48.423   755  1689 I mm-camera:  
04-23 23:32:48.423   755  1689 I mm-camera: <MCT   >< INFO> 3265: mct_pipeline_fill_dimensions_snapshot: ng521 pxs_debug3 i = 17 ,default_picture_sizes[i]=1280 
04-23 23:32:48.423   755  1689 I mm-camera:  
04-23 23:32:48.423   755  1689 I mm-camera: <MCT   >< INFO> 3265: mct_pipeline_fill_dimensions_snapshot: ng521 pxs_debug3 i = 18 ,default_picture_sizes[i]=1280 
04-23 23:32:48.423   755  1689 I mm-camera:  
04-23 23:32:48.424   755  1689 I mm-camera: <MCT   >< INFO> 3265: mct_pipeline_fill_dimensions_snapshot: ng521 pxs_debug3 i = 19 ,default_picture_sizes[i]=1280 
04-23 23:32:48.424   755  1689 I mm-camera:  
04-23 23:32:48.424   755  1689 I mm-camera: <MCT   >< INFO> 3265: mct_pipeline_fill_dimensions_snapshot: ng521 pxs_debug3 i = 20 ,default_picture_sizes[i]=1200 
04-23 23:32:48.424   755  1689 I mm-camera:  
04-23 23:32:48.424   755  1689 I mm-camera: <MCT   >< INFO> 3265: mct_pipeline_fill_dimensions_snapshot: ng521 pxs_debug3 i = 21 ,default_picture_sizes[i]=1280 
04-23 23:32:48.424   755  1689 I mm-camera:  
04-23 23:32:48.424   755  1689 I mm-camera: <MCT   >< INFO> 3265: mct_pipeline_fill_dimensions_snapshot: ng521 pxs_debug3 i = 22 ,default_picture_sizes[i]=1280 
04-23 23:32:48.424   755  1689 I mm-camera:  
04-23 23:32:48.424   755  1689 I mm-camera: <MCT   >< INFO> 3265: mct_pipeline_fill_dimensions_snapshot: ng521 pxs_debug3 i = 23 ,default_picture_sizes[i]=1024 
04-23 23:32:48.424   755  1689 I mm-camera:  
04-23 23:32:48.424   755  1689 I mm-camera: <MCT   >< INFO> 3265: mct_pipeline_fill_dimensions_snapshot: ng521 pxs_debug3 i = 24 ,default_picture_sizes[i]=800 
04-23 23:32:48.424   755  1689 I mm-camera:  
04-23 23:32:48.424   755  1689 I mm-camera: <MCT   >< INFO> 3265: mct_pipeline_fill_dimensions_snapshot: ng521 pxs_debug3 i = 25 ,default_picture_sizes[i]=864 
04-23 23:32:48.424   755  1689 I mm-camera:  
04-23 23:32:48.424   755  1689 I mm-camera: <MCT   >< INFO> 3265: mct_pipeline_fill_dimensions_snapshot: ng521 pxs_debug3 i = 26 ,default_picture_sizes[i]=800 
04-23 23:32:48.424   755  1689 I mm-camera:  
04-23 23:32:48.424   755  1689 I mm-camera: <MCT   >< INFO> 3265: mct_pipeline_fill_dimensions_snapshot: ng521 pxs_debug3 i = 27 ,default_picture_sizes[i]=720 
04-23 23:32:48.424   755  1689 I mm-camera:  
04-23 23:32:48.424   755  1689 I mm-camera: <MCT   >< INFO> 3265: mct_pipeline_fill_dimensions_snapshot: ng521 pxs_debug3 i = 28 ,default_picture_sizes[i]=640 
04-23 23:32:48.424   755  1689 I mm-camera:  
04-23 23:32:48.424   755  1689 I mm-camera: <MCT   >< INFO> 3265: mct_pipeline_fill_dimensions_snapshot: ng521 pxs_debug3 i = 29 ,default_picture_sizes[i]=640 
04-23 23:32:48.424   755  1689 I mm-camera:  
04-23 23:32:48.424   755  1689 I mm-camera: <MCT   >< INFO> 3265: mct_pipeline_fill_dimensions_snapshot: ng521 pxs_debug3 i = 30 ,default_picture_sizes[i]=480 
04-23 23:32:48.424   755  1689 I mm-camera:  
04-23 23:32:48.424   755  1689 I mm-camera: <MCT   >< INFO> 3265: mct_pipeline_fill_dimensions_snapshot: ng521 pxs_debug3 i = 31 ,default_picture_sizes[i]=480 
04-23 23:32:48.424   755  1689 I mm-camera:  
04-23 23:32:48.424   755  1689 I mm-camera: <MCT   >< INFO> 3265: mct_pipeline_fill_dimensions_snapshot: ng521 pxs_debug3 i = 32 ,default_picture_sizes[i]=480 
04-23 23:32:48.424   755  1689 I mm-camera:  
04-23 23:32:48.424   755  1689 I mm-camera: <MCT   >< INFO> 3265: mct_pipeline_fill_dimensions_snapshot: ng521 pxs_debug3 i = 33 ,default_picture_sizes[i]=352 
04-23 23:32:48.424   755  1689 I mm-camera:  
04-23 23:32:48.424   755  1689 I mm-camera: <MCT   >< INFO> 3265: mct_pipeline_fill_dimensions_snapshot: ng521 pxs_debug3 i = 34 ,default_picture_sizes[i]=320 
04-23 23:32:48.424   755  1689 I mm-camera:  
04-23 23:32:48.424   755  1689 I mm-camera: <MCT   >< INFO> 3265: mct_pipeline_fill_dimensions_snapshot: ng521 pxs_debug3 i = 35 ,default_picture_sizes[i]=240 
04-23 23:32:48.424   755  1689 I mm-camera:  
04-23 23:32:48.424   755  1689 I mm-camera: <MCT   >< INFO> 3265: mct_pipeline_fill_dimensions_snapshot: ng521 pxs_debug3 i = 36 ,default_picture_sizes[i]=176 
04-23 23:32:48.424   755  1689 I mm-camera:  
04-23 23:32:48.424   755  1689 I mm-camera: <MCT   >< INFO> 3265: mct_pipeline_fill_dimensions_snapshot: ng521 pxs_debug3 i = 37 ,default_picture_sizes[i]=160 
04-23 23:32:48.424   755  1689 I mm-camera:  
04-23 23:32:48.424   755  1689 I mm-camera: <MCT   >< INFO> 3265: mct_pipeline_fill_dimensions_snapshot: ng521 pxs_debug3 i = 38 ,default_picture_sizes[i]=144 
04-23 23:32:48.424   755  1689 I mm-camera:  
04-23 23:32:48.424   755  1689 I mm-camera: <MCT   >< INFO> 2194: mct_pipeline_append_fps_entry:  Added hal_table[0]: (15.000000, 15.000000)
04-23 23:32:48.424   755  1689 I mm-camera: <MCT   >< INFO> 2194: mct_pipeline_append_fps_entry:  Added hal_table[1]: (20.000000, 20.000000)
04-23 23:32:48.424   755  1689 I mm-camera: <MCT   >< INFO> 2194: mct_pipeline_append_fps_entry:  Added hal_table[2]: (7.500000, 24.000000)
04-23 23:32:48.424   755  1689 I mm-camera: <MCT   >< INFO> 2207: mct_pipeline_append_fps_entry:  Added hal_table[3]: (24.000000, 24.000000)
04-23 23:32:48.424   755  1689 I mm-camera: <MCT   >< INFO> 2194: mct_pipeline_append_fps_entry:  Added hal_table[4]: (7.000000, 30.000000)
04-23 23:32:48.424   755  1689 I mm-camera: <MCT   >< INFO> 2207: mct_pipeline_append_fps_entry:  Added hal_table[5]: (30.000000, 30.000000)
04-23 23:32:48.424   755  1689 I mm-camera: <MCT   >< INFO> 3440: mct_pipeline_fill_dimensions_snapshot: Cam 0: FPS range selection complete. Publishing 6 ranges.
04-23 23:32:48.434  1645  1645 W ADebug  : Failed to get property persist.sys.media.traces
04-23 23:32:48.458   753  1528 D audio_hw_utils: audio_extn_utils_update_streams_cfg_lists: failed to open io config file(/vendor/etc/audio_io_policy.conf), trying older config file
04-23 23:32:48.462  1201  1201 D PerMgrLib: QCRIL voting for modem
04-23 23:32:48.462   753  1528 I audio_hw_utils: load_cfg_list: could not load input, node is NULL
04-23 23:32:48.462   786   798 D PerMgrSrv: QCRIL voting for modem
04-23 23:32:48.462   786   798 D PerMgrSrv: modem num voters is 3
04-23 23:32:48.465   753  1528 E audio_hw_extn: audio_extn_perf_lock_init: Perf lock handles Success 
04-23 23:32:48.465   753  1528 W audio_hw_sndmonitor: access /proc/asound/card0/cpe0_state failed w/ err No such file or directory
04-23 23:32:48.465   753  1528 I soundtrigger: audio_extn_sound_trigger_init: Enter
04-23 23:32:48.466   753  1528 I soundtrigger: audio_extn_sound_trigger_init: DLOPEN successful for /vendor/lib/hw/sound_trigger.primary.sdm660.so
04-23 23:32:48.467   753  1528 W DeviceHAL: Device 0xf4a8c000 get_master_volume: Function not implemented
04-23 23:32:48.467   753  1528 W DeviceHAL: Device 0xf4a8c000 get_master_mute: Function not implemented
04-23 23:32:48.467   753  1528 W DeviceHAL: Device 0xf4a8c000 set_master_volume: Function not implemented
04-23 23:32:48.467   753  1528 W DeviceHAL: Device 0xf4a8c000 set_master_mute: Function not implemented
04-23 23:32:48.467  1176  1176 I AudioFlinger: loadHwModule() Loaded primary audio interface, handle 10
04-23 23:32:48.468  1176  1176 I AudioFlinger: openOutput() this 0xe9ec5000, module 10 Device 2, SamplingRate 48000, Format 0x000001, Channels 3, flags 6
04-23 23:32:48.468   753  1528 D audio_hw_primary: adev_open_output_stream: enter: format(0x1) sample_rate(48000) channel_mask(0x3) devices(0x2) flags(0x6)        stream_handle(0xf489a000)
04-23 23:32:48.468   753  1528 I audio_hw_primary: adev_open_output_stream: dynamic qos voting not enabled for platform
04-23 23:32:48.468   753  1528 D audio_hw_primary: adev_open_output_stream: Stream (0xf489a000) picks up usecase (low-latency-playback)
04-23 23:32:48.469  1176  1176 I AudioFlinger: HAL output buffer size 192 frames, normal sink buffer size 960 frames
04-23 23:32:48.469   753  1528 D compress_voip: voice_extn_compress_voip_out_get_parameters: enter
04-23 23:32:48.470   753  1528 E EffectsConfig: Failed to parse /vendor/etc/audio_effects.xml: Tinyxml2 error (3): /vendor/etc/audio_effects.xml (null)
04-23 23:32:48.470   753  1528 E EffectsFactoryConfigLoader: Failed to parse XML configuration file
04-23 23:32:48.470   753  1528 W EffectsFactory: Failed to load XML effect configuration, fallback to .conf
04-23 23:32:48.471  1645  1645 E RTPServiceImpl: qpLogDiagInit <== result : 1; log_write_mutex is Initialized
04-23 23:32:48.471  1645  1645 E RTPServiceImpl: [IMS_AP_RTP]"RTP Daemon bLogRTPMsgs 1, bLogRTPDataMsgs 1, bLogAdbMsgs 0"
04-23 23:32:48.471  1645  1645 E RTPServiceImpl: [IMS_AP_RTP]"RTP Daemon main entry : 3e9"
04-23 23:32:48.474  1645  1645 E Diag_Lib: [IMS_AP_RTP]"qvp_rtp_task_init"
04-23 23:32:48.475  1645  1645 E RTPServiceImpl: [IMS_AP_RTP]"ims-rtp-daemon listen done"
04-23 23:32:48.475  1645  1645 E RTPServiceImpl: [IMS_AP_RTP]"ims-rtp-daemon qmi_rtp_register_service >"
04-23 23:32:48.476  1645  1763 E Diag_Lib: DPL : gIsQXDMDisabled 0, gIsADBDisabled 1, gIsDebugDisabled 0, gIsIMSLogsDisabled 0 gIsDebugDataPathDisabled = 0
04-23 23:32:48.477  1645  1645 E RTPServiceImpl: [IMS_AP_RTP]"ims-rtp-daemon qmi_rtp_register_service rc : 0"
04-23 23:32:48.477  1645  1645 E RTPServiceImpl: [IMS_AP_RTP]"ims-rtp-daemon qmi_rtp_register_service service_cookie.service_handle : 0x1"
04-23 23:32:48.477  1645  1645 E RTPServiceImpl: [IMS_AP_RTP]"HIDL Service is starting."
04-23 23:32:48.477  1645  1645 E Diag_Lib: bLogRTPMSgs =1,rtpdata=1,adblog=0
04-23 23:32:48.477  1645  1645 E RTPServiceImpl: [IMS_AP_RTP]"RTPService callback Registraton"
04-23 23:32:48.477  1645  1765 E RTPServiceImpl: [IMS_AP_RTP]"ms-rtp-daemon ims_rtp_qmi_handler_thread_func >"
04-23 23:32:48.478   755  1730 E mm-camera: <SENSOR><ERROR> 247: module_sensor_offload_init_config: func_tbl for submodule 4 is NULL
04-23 23:32:48.478   755  1730 E mm-camera: <SENSOR><ERROR> 249: module_sensor_offload_init_config: failed to get led off frame skip time
04-23 23:32:48.478  1645  1645 E RTPServiceImpl: [IMS_AP_RTP]"[ION_RTP]Device open success"
04-23 23:32:48.483  1645  1763 E Diag_Lib: [IMS_FATAL]| 1763 |qpNetSetReadFds - DataD IPC socket not available
04-23 23:32:48.483  1645  1763 E Diag_Lib: [IMS_FATAL]| 1763 |qpCheckSockEventsOnNetConnProfiles : pNetConnProfileArray NULL
04-23 23:32:48.485   755  1721 I mm-camera: <MCT   >< INFO> 4044: mct_pipeline_populate_query_cap_buffer: ng521 pxs_debug1 snap_sensor_width=4208 ; snap_sensor_height=3120 
04-23 23:32:48.485   755  1721 I mm-camera: <MCT   >< INFO> 4045: mct_pipeline_populate_query_cap_buffer: ng521 pxs_debug1 quadra_cfa_width=0 ; quadra_cfa_height=0 
04-23 23:32:48.485   755  1721 I mm-camera: <MCT   >< INFO> 3265: mct_pipeline_fill_dimensions_snapshot: ng521 pxs_debug3 i = 4 ,default_picture_sizes[i]=4160 
04-23 23:32:48.485   755  1721 I mm-camera:  
04-23 23:32:48.485   755  1721 I mm-camera: <MCT   >< INFO> 3265: mct_pipeline_fill_dimensions_snapshot: ng521 pxs_debug3 i = 5 ,default_picture_sizes[i]=4000 
04-23 23:32:48.485   755  1721 I mm-camera:  
04-23 23:32:48.485   755  1721 I mm-camera: <MCT   >< INFO> 3265: mct_pipeline_fill_dimensions_snapshot: ng521 pxs_debug3 i = 6 ,default_picture_sizes[i]=3840 
04-23 23:32:48.485   755  1721 I mm-camera:  
04-23 23:32:48.485   755  1721 I mm-camera: <MCT   >< INFO> 3265: mct_pipeline_fill_dimensions_snapshot: ng521 pxs_debug3 i = 7 ,default_picture_sizes[i]=3264 
04-23 23:32:48.485   755  1721 I mm-camera:  
04-23 23:32:48.485   755  1721 I mm-camera: <MCT   >< INFO> 3265: mct_pipeline_fill_dimensions_snapshot: ng521 pxs_debug3 i = 8 ,default_picture_sizes[i]=3200 
04-23 23:32:48.485   755  1721 I mm-camera:  
04-23 23:32:48.485   755  1721 I mm-camera: <MCT   >< INFO> 3265: mct_pipeline_fill_dimensions_snapshot: ng521 pxs_debug3 i = 9 ,default_picture_sizes[i]=2976 
04-23 23:32:48.485   755  1721 I mm-camera:  
04-23 23:32:48.486   755  1721 I mm-camera: <MCT   >< INFO> 3265: mct_pipeline_fill_dimensions_snapshot: ng521 pxs_debug3 i = 10 ,default_picture_sizes[i]=2592 
04-23 23:32:48.486   755  1721 I mm-camera:  
04-23 23:32:48.486   755  1721 I mm-camera: <MCT   >< INFO> 3265: mct_pipeline_fill_dimensions_snapshot: ng521 pxs_debug3 i = 11 ,default_picture_sizes[i]=2688 
04-23 23:32:48.486   755  1721 I mm-camera:  
04-23 23:32:48.486   755  1721 I mm-camera: <MCT   >< INFO> 3265: mct_pipeline_fill_dimensions_snapshot: ng521 pxs_debug3 i = 12 ,default_picture_sizes[i]=2048 
04-23 23:32:48.486   755  1721 I mm-camera:  
04-23 23:32:48.486   755  1721 I mm-camera: <MCT   >< INFO> 3265: mct_pipeline_fill_dimensions_snapshot: ng521 pxs_debug3 i = 13 ,default_picture_sizes[i]=1920 
04-23 23:32:48.486   755  1721 I mm-camera:  
04-23 23:32:48.486   755  1721 I mm-camera: <MCT   >< INFO> 3265: mct_pipeline_fill_dimensions_snapshot: ng521 pxs_debug3 i = 14 ,default_picture_sizes[i]=2560 
04-23 23:32:48.486   755  1721 I mm-camera:  
04-23 23:32:48.486   755  1721 I mm-camera: <MCT   >< INFO> 3265: mct_pipeline_fill_dimensions_snapshot: ng521 pxs_debug3 i = 15 ,default_picture_sizes[i]=1600 
04-23 23:32:48.486   755  1721 I mm-camera:  
04-23 23:32:48.486   755  1721 I mm-camera: <MCT   >< INFO> 3265: mct_pipeline_fill_dimensions_snapshot: ng521 pxs_debug3 i = 16 ,default_picture_sizes[i]=1440 
04-23 23:32:48.486   755  1721 I mm-camera:  
04-23 23:32:48.486   755  1721 I mm-camera: <MCT   >< INFO> 3265: mct_pipeline_fill_dimensions_snapshot: ng521 pxs_debug3 i = 17 ,default_picture_sizes[i]=1280 
04-23 23:32:48.486   755  1721 I mm-camera:  
04-23 23:32:48.486   755  1721 I mm-camera: <MCT   >< INFO> 3265: mct_pipeline_fill_dimensions_snapshot: ng521 pxs_debug3 i = 18 ,default_picture_sizes[i]=1280 
04-23 23:32:48.486   755  1721 I mm-camera:  
04-23 23:32:48.486   755  1721 I mm-camera: <MCT   >< INFO> 3265: mct_pipeline_fill_dimensions_snapshot: ng521 pxs_debug3 i = 19 ,default_picture_sizes[i]=1280 
04-23 23:32:48.486   755  1721 I mm-camera:  
04-23 23:32:48.486   755  1721 I mm-camera: <MCT   >< INFO> 3265: mct_pipeline_fill_dimensions_snapshot: ng521 pxs_debug3 i = 20 ,default_picture_sizes[i]=1200 
04-23 23:32:48.486   755  1721 I mm-camera:  
04-23 23:32:48.486   755  1721 I mm-camera: <MCT   >< INFO> 3265: mct_pipeline_fill_dimensions_snapshot: ng521 pxs_debug3 i = 21 ,default_picture_sizes[i]=1280 
04-23 23:32:48.486   755  1721 I mm-camera:  
04-23 23:32:48.486   755  1721 I mm-camera: <MCT   >< INFO> 3265: mct_pipeline_fill_dimensions_snapshot: ng521 pxs_debug3 i = 22 ,default_picture_sizes[i]=1280 
04-23 23:32:48.486   755  1721 I mm-camera:  
04-23 23:32:48.486   755  1721 I mm-camera: <MCT   >< INFO> 3265: mct_pipeline_fill_dimensions_snapshot: ng521 pxs_debug3 i = 23 ,default_picture_sizes[i]=1024 
04-23 23:32:48.486   755  1721 I mm-camera:  
04-23 23:32:48.486   755  1721 I mm-camera: <MCT   >< INFO> 3265: mct_pipeline_fill_dimensions_snapshot: ng521 pxs_debug3 i = 24 ,default_picture_sizes[i]=800 
04-23 23:32:48.486   755  1721 I mm-camera:  
04-23 23:32:48.486   755  1721 I mm-camera: <MCT   >< INFO> 3265: mct_pipeline_fill_dimensions_snapshot: ng521 pxs_debug3 i = 25 ,default_picture_sizes[i]=864 
04-23 23:32:48.486   755  1721 I mm-camera:  
04-23 23:32:48.486   755  1721 I mm-camera: <MCT   >< INFO> 3265: mct_pipeline_fill_dimensions_snapshot: ng521 pxs_debug3 i = 26 ,default_picture_sizes[i]=800 
04-23 23:32:48.486   755  1721 I mm-camera:  
04-23 23:32:48.486   755  1721 I mm-camera: <MCT   >< INFO> 3265: mct_pipeline_fill_dimensions_snapshot: ng521 pxs_debug3 i = 27 ,default_picture_sizes[i]=720 
04-23 23:32:48.486   755  1721 I mm-camera:  
04-23 23:32:48.486   755  1721 I mm-camera: <MCT   >< INFO> 3265: mct_pipeline_fill_dimensions_snapshot: ng521 pxs_debug3 i = 28 ,default_picture_sizes[i]=640 
04-23 23:32:48.486   755  1721 I mm-camera:  
04-23 23:32:48.486   755  1721 I mm-camera: <MCT   >< INFO> 3265: mct_pipeline_fill_dimensions_snapshot: ng521 pxs_debug3 i = 29 ,default_picture_sizes[i]=640 
04-23 23:32:48.486   755  1721 I mm-camera:  
04-23 23:32:48.486   755  1721 I mm-camera: <MCT   >< INFO> 3265: mct_pipeline_fill_dimensions_snapshot: ng521 pxs_debug3 i = 30 ,default_picture_sizes[i]=480 
04-23 23:32:48.486   755  1721 I mm-camera:  
04-23 23:32:48.486   755  1721 I mm-camera: <MCT   >< INFO> 3265: mct_pipeline_fill_dimensions_snapshot: ng521 pxs_debug3 i = 31 ,default_picture_sizes[i]=480 
04-23 23:32:48.486   755  1721 I mm-camera:  
04-23 23:32:48.486   755  1721 I mm-camera: <MCT   >< INFO> 3265: mct_pipeline_fill_dimensions_snapshot: ng521 pxs_debug3 i = 32 ,default_picture_sizes[i]=480 
04-23 23:32:48.486   755  1721 I mm-camera:  
04-23 23:32:48.486   755  1721 I mm-camera: <MCT   >< INFO> 3265: mct_pipeline_fill_dimensions_snapshot: ng521 pxs_debug3 i = 33 ,default_picture_sizes[i]=352 
04-23 23:32:48.486   755  1721 I mm-camera:  
04-23 23:32:48.486   755  1721 I mm-camera: <MCT   >< INFO> 3265: mct_pipeline_fill_dimensions_snapshot: ng521 pxs_debug3 i = 34 ,default_picture_sizes[i]=320 
04-23 23:32:48.486   755  1721 I mm-camera:  
04-23 23:32:48.486   755  1721 I mm-camera: <MCT   >< INFO> 3265: mct_pipeline_fill_dimensions_snapshot: ng521 pxs_debug3 i = 35 ,default_picture_sizes[i]=240 
04-23 23:32:48.486   755  1721 I mm-camera:  
04-23 23:32:48.486   755  1721 I mm-camera: <MCT   >< INFO> 3265: mct_pipeline_fill_dimensions_snapshot: ng521 pxs_debug3 i = 36 ,default_picture_sizes[i]=176 
04-23 23:32:48.486   755  1721 I mm-camera:  
04-23 23:32:48.486   755  1721 I mm-camera: <MCT   >< INFO> 3265: mct_pipeline_fill_dimensions_snapshot: ng521 pxs_debug3 i = 37 ,default_picture_sizes[i]=160 
04-23 23:32:48.486   755  1721 I mm-camera:  
04-23 23:32:48.486   755  1721 I mm-camera: <MCT   >< INFO> 3265: mct_pipeline_fill_dimensions_snapshot: ng521 pxs_debug3 i = 38 ,default_picture_sizes[i]=144 
04-23 23:32:48.486   755  1721 I mm-camera:  
04-23 23:32:48.486   755  1721 I mm-camera: <MCT   >< INFO> 2194: mct_pipeline_append_fps_entry:  Added hal_table[0]: (15.000000, 15.000000)
04-23 23:32:48.486   755  1721 I mm-camera: <MCT   >< INFO> 2194: mct_pipeline_append_fps_entry:  Added hal_table[1]: (20.000000, 20.000000)
04-23 23:32:48.486   755  1721 I mm-camera: <MCT   >< INFO> 2194: mct_pipeline_append_fps_entry:  Added hal_table[2]: (7.500000, 24.000000)
04-23 23:32:48.486   755  1721 I mm-camera: <MCT   >< INFO> 2207: mct_pipeline_append_fps_entry:  Added hal_table[3]: (24.000000, 24.000000)
04-23 23:32:48.486   755  1721 I mm-camera: <MCT   >< INFO> 2194: mct_pipeline_append_fps_entry:  Added hal_table[4]: (7.000000, 30.000000)
04-23 23:32:48.486   755  1721 I mm-camera: <MCT   >< INFO> 2207: mct_pipeline_append_fps_entry:  Added hal_table[5]: (30.000000, 30.000000)
04-23 23:32:48.486   755  1721 I mm-camera: <MCT   >< INFO> 3440: mct_pipeline_fill_dimensions_snapshot: Cam 2: FPS range selection complete. Publishing 6 ranges.
04-23 23:32:48.486  1645  1772 E RTPServiceImpl: [IMS_AP_RTP]"QmiOttLoop : ims_rtp_qmi_ott_init failed....."
04-23 23:32:48.487   755   755 I mm-camera: <MCT   >< INFO> 310: mct_controller_destroy: Initiating destroy sequence for session = 4
04-23 23:32:48.487   755   755 I mm-camera: <MCT   >< INFO> 328: mct_controller_destroy: serv_thread closed
04-23 23:32:48.487   755   755 I mm-camera: <MCT   >< INFO> 343: mct_controller_destroy: bus_handler thread closed
04-23 23:32:48.487   755   755 I mm-camera: <MCT   >< INFO> 5199: mct_pipeline_stop_session: Initiating stop_session on session 4
04-23 23:32:48.487   755   755 I mm-camera: <MCT   >< INFO> 4114: mct_pipeline_process_set: command=800000b
04-23 23:32:48.487   755   755 I mm-camera: <MCT   >< INFO> 4333: mct_pipeline_process_set: Issuing DEL_STREAM on stream 0x4000f and stream type=10
04-23 23:32:48.487   755   755 I mm-camera: <IFACE >< INFO> 680: iface_unreserve_sink_port: stream_id f mode 0 
04-23 23:32:48.487   755   755 I mm-camera: <ISP   >< INFO> 939: isp_port_check_caps_unreserve: ide 4000f port 0xe9c77680
04-23 23:32:48.488  1645  1763 E Diag_Lib: qvp_rtp_h264_profile_init rateadaptEnabled =15
04-23 23:32:48.489   755   755 I mm-camera: <MCT   >< INFO> 4356: mct_pipeline_process_set: Stream 0x4000f and stream type=10, successfully deleted
04-23 23:32:48.489   755  1774 I mm-camera: <MCT   >< INFO> 4933: mct_pipeline_stop_session_thread: Stop module name: sensor - E
04-23 23:32:48.489   755  1775 I mm-camera: <MCT   >< INFO> 4933: mct_pipeline_stop_session_thread: Stop module name: iface - E
04-23 23:32:48.490   755  1776 I mm-camera: <MCT   >< INFO> 4933: mct_pipeline_stop_session_thread: Stop module name: isp - E
04-23 23:32:48.490   755  1776 I mm-camera: <ISP   >< INFO> 506: isp_module_stop_session: session id 4
04-23 23:32:48.490   755  1777 I mm-camera: <MCT   >< INFO> 4933: mct_pipeline_stop_session_thread: Stop module name: stats - E
04-23 23:32:48.490   755  1774 I mm-camera: <MCT   >< INFO> 4941: mct_pipeline_stop_session_thread: Stop module name: sensor - X
04-23 23:32:48.491  1201  1201 E QMI_FW  : QMUXD: WARNING qmi_qmux_if_pwr_up_init failed! rc=-6
04-23 23:32:48.493   755  1778 I mm-camera: <MCT   >< INFO> 4933: mct_pipeline_stop_session_thread: Stop module name: pproc - E
04-23 23:32:48.493   755  1778 E mm-camera: <IMGLIB><ERROR> 328: AllocateBuffers: Nothing allocated or already freed!
04-23 23:32:48.493   755  1775 I mm-camera: <MCT   >< INFO> 4941: mct_pipeline_stop_session_thread: Stop module name: iface - X
04-23 23:32:48.493   755  1778 I mm-camera: <MCT   >< INFO> 4941: mct_pipeline_stop_session_thread: Stop module name: pproc - X
04-23 23:32:48.493   755   755 I mm-camera: <MCT   >< INFO> 5221: mct_pipeline_stop_session: Modules left: 5
04-23 23:32:48.493   755   755 I mm-camera: <MCT   >< INFO> 5221: mct_pipeline_stop_session: Modules left: 4
04-23 23:32:48.493   755   755 I mm-camera: <MCT   >< INFO> 5221: mct_pipeline_stop_session: Modules left: 3
04-23 23:32:48.494   755  1781 I mm-camera: <MCT   >< INFO> 4933: mct_pipeline_stop_session_thread: Stop module name: imglib - E
04-23 23:32:48.494   755  1777 I mm-camera: <MCT   >< INFO> 4941: mct_pipeline_stop_session_thread: Stop module name: stats - X
04-23 23:32:48.494   755   755 I mm-camera: <MCT   >< INFO> 5221: mct_pipeline_stop_session: Modules left: 2
04-23 23:32:48.495   755  1776 I mm-camera: <MCT   >< INFO> 4941: mct_pipeline_stop_session_thread: Stop module name: isp - X
04-23 23:32:48.495   755  1781 I mm-camera: <MCT   >< INFO> 4941: mct_pipeline_stop_session_thread: Stop module name: imglib - X
04-23 23:32:48.495   755   755 I mm-camera: <MCT   >< INFO> 5221: mct_pipeline_stop_session: Modules left: 1
04-23 23:32:48.495   755   755 I mm-camera: <MCT   >< INFO> 5221: mct_pipeline_stop_session: Modules left: 0
04-23 23:32:48.495   755   755 I mm-camera: <MCT   >< INFO> 5231: mct_pipeline_stop_session: Stopped session 4 successfully
04-23 23:32:48.495   755   755 I mm-camera: <MCT   >< INFO> 5531: mct_pipeline_destroy: E: session:4
04-23 23:32:48.495   755   755 E mm-camera: <MCT   ><ERROR> 179: stop_sof_check_thread: Returning as SOF timer thread not yet initialized
04-23 23:32:48.495   755   755 I mm-camera: <MCT   >< INFO> 5608: mct_pipeline_destroy: X: Pipeline destroyed successfully session =4
04-23 23:32:48.495   755   755 I mm-camera: <MCT   >< INFO> 422: mct_controller_destroy: X Successfully closed mct_controller session 4
04-23 23:32:48.496   755   755 I mm-camera: <MCT   >< INFO> 310: mct_controller_destroy: Initiating destroy sequence for session = 3
04-23 23:32:48.496   755   755 I mm-camera: <MCT   >< INFO> 328: mct_controller_destroy: serv_thread closed
04-23 23:32:48.496   755   755 I mm-camera: <MCT   >< INFO> 343: mct_controller_destroy: bus_handler thread closed
04-23 23:32:48.496   755   755 I mm-camera: <MCT   >< INFO> 5199: mct_pipeline_stop_session: Initiating stop_session on session 3
04-23 23:32:48.496   755   755 I mm-camera: <MCT   >< INFO> 4114: mct_pipeline_process_set: command=800000b
04-23 23:32:48.496   755   755 I mm-camera: <MCT   >< INFO> 4333: mct_pipeline_process_set: Issuing DEL_STREAM on stream 0x3000f and stream type=10
04-23 23:32:48.496   755   755 I mm-camera: <IFACE >< INFO> 680: iface_unreserve_sink_port: stream_id f mode 0 
04-23 23:32:48.496   755   755 I mm-camera: <ISP   >< INFO> 939: isp_port_check_caps_unreserve: ide 3000f port 0xe9c77540
04-23 23:32:48.497   755   755 I mm-camera: <MCT   >< INFO> 4356: mct_pipeline_process_set: Stream 0x3000f and stream type=10, successfully deleted
04-23 23:32:48.497   755  1784 I mm-camera: <MCT   >< INFO> 4933: mct_pipeline_stop_session_thread: Stop module name: sensor - E
04-23 23:32:48.498   755  1785 I mm-camera: <MCT   >< INFO> 4933: mct_pipeline_stop_session_thread: Stop module name: iface - E
04-23 23:32:48.498   755  1786 I mm-camera: <MCT   >< INFO> 4933: mct_pipeline_stop_session_thread: Stop module name: isp - E
04-23 23:32:48.498   755  1786 I mm-camera: <ISP   >< INFO> 506: isp_module_stop_session: session id 3
04-23 23:32:48.498   755  1785 I mm-camera: <MCT   >< INFO> 4941: mct_pipeline_stop_session_thread: Stop module name: iface - X
04-23 23:32:48.498   755  1784 I mm-camera: <MCT   >< INFO> 4941: mct_pipeline_stop_session_thread: Stop module name: sensor - X
04-23 23:32:48.500   755  1787 I mm-camera: <MCT   >< INFO> 4933: mct_pipeline_stop_session_thread: Stop module name: stats - E
04-23 23:32:48.501   755  1788 I mm-camera: <MCT   >< INFO> 4933: mct_pipeline_stop_session_thread: Stop module name: pproc - E
04-23 23:32:48.504   755   755 I mm-camera: <MCT   >< INFO> 5221: mct_pipeline_stop_session: Modules left: 5
04-23 23:32:48.504   755  1786 I mm-camera: <MCT   >< INFO> 4941: mct_pipeline_stop_session_thread: Stop module name: isp - X
04-23 23:32:48.504   755   755 I mm-camera: <MCT   >< INFO> 5221: mct_pipeline_stop_session: Modules left: 4
04-23 23:32:48.504   755   755 I mm-camera: <MCT   >< INFO> 5221: mct_pipeline_stop_session: Modules left: 3
04-23 23:32:48.504   755  1789 I mm-camera: <MCT   >< INFO> 4933: mct_pipeline_stop_session_thread: Stop module name: imglib - E
04-23 23:32:48.505   755  1789 I mm-camera: <MCT   >< INFO> 4941: mct_pipeline_stop_session_thread: Stop module name: imglib - X
04-23 23:32:48.505   755   755 I mm-camera: <MCT   >< INFO> 5221: mct_pipeline_stop_session: Modules left: 2
04-23 23:32:48.505   755  1788 E mm-camera: <IMGLIB><ERROR> 328: AllocateBuffers: Nothing allocated or already freed!
04-23 23:32:48.505   755  1788 I mm-camera: <MCT   >< INFO> 4941: mct_pipeline_stop_session_thread: Stop module name: pproc - X
04-23 23:32:48.505   755   755 I mm-camera: <MCT   >< INFO> 5221: mct_pipeline_stop_session: Modules left: 1
04-23 23:32:48.507   755  1787 I mm-camera: <MCT   >< INFO> 4941: mct_pipeline_stop_session_thread: Stop module name: stats - X
04-23 23:32:48.508   755   755 I mm-camera: <MCT   >< INFO> 5221: mct_pipeline_stop_session: Modules left: 0
04-23 23:32:48.508   755   755 I mm-camera: <MCT   >< INFO> 5231: mct_pipeline_stop_session: Stopped session 3 successfully
04-23 23:32:48.508   755   755 I mm-camera: <MCT   >< INFO> 5531: mct_pipeline_destroy: E: session:3
04-23 23:32:48.508   755   755 E mm-camera: <MCT   ><ERROR> 179: stop_sof_check_thread: Returning as SOF timer thread not yet initialized
04-23 23:32:48.508   755   755 I mm-camera: <MCT   >< INFO> 5608: mct_pipeline_destroy: X: Pipeline destroyed successfully session =3
04-23 23:32:48.508   755   755 I mm-camera: <MCT   >< INFO> 422: mct_controller_destroy: X Successfully closed mct_controller session 3
04-23 23:32:48.510   755   755 E CamComm1.0-MD: Update metadata entry: Unknown tag -2145976319
04-23 23:32:48.510   755   755 E CamComm1.0-MD: Update metadata entry: Unknown tag -2145976317
04-23 23:32:48.510   755   755 I QCamera : <HAL><INFO> getCamInfo: 10409: camera 3 resource cost is 100
04-23 23:32:48.510   755   755 I QCamera : <HAL><INFO> openLegacy: 503: openLegacy halVersion: 256 cameraId = 3
04-23 23:32:48.510   755   755 D vndksupport: Loading /vendor/lib/hw/power.qcom.so from current namespace instead of sphal namespace.
04-23 23:32:48.512   755   755 I QCamera : <HAL><INFO> openCamera: 1898: [KPI Perf]: E PROFILE_OPEN_CAMERA camera id 3
04-23 23:32:48.512   755   755 E QCamera : <HAL><ERROR> acquirePerfLock: 515: Failed to acquire the perf lock
04-23 23:32:48.519  1175  1175 I zygote  : Explicit concurrent copying GC freed 187(23KB) AllocSpace objects, 0(0B) LOS objects, 98% free, 24KB/1560KB, paused 53us total 2.759ms
04-23 23:32:48.522  1175  1175 I zygote  : Explicit concurrent copying GC freed 5(32KB) AllocSpace objects, 0(0B) LOS objects, 98% free, 24KB/1560KB, paused 39us total 2.401ms
04-23 23:32:48.522  1175  1175 D Zygote32Timing: PostZygoteInitGC took to complete: 6ms
04-23 23:32:48.522  1175  1175 D Zygote32Timing: ZygoteInit took to complete: 9ms
04-23 23:32:48.522  1175  1175 I zygote  : Global filter of size 170 installed
04-23 23:32:48.522  1175  1175 I Zygote  : Accepting command socket connections
04-23 23:32:48.530   753  1528 W EffectsFactoryConfigLoader: Error querying effect 7d1580bd-297f-4683-9239-e475b6d1d69f on lib offload_bundle
04-23 23:32:48.530   753  1528 D volume_listener: init_once Called 
04-23 23:32:48.531   753  1528 D volume_listener: init_once: using default volume table
04-23 23:32:48.531  1174  1174 D Zygote  : begin preload
04-23 23:32:48.531  1174  1174 I Zygote  : Installing ICU cache reference pinning...
04-23 23:32:48.531  1174  1174 I Zygote  : Preloading ICU data...
04-23 23:32:48.531  1176  1176 I BufferProvider: found effect "Multichannel Downmix To Stereo" from The Android Open Source Project
04-23 23:32:48.532  1176  1796 I AudioFlinger: AudioFlinger's thread 0xe8783e00 tid=1796 ready to run
04-23 23:32:48.532  1176  1176 I AudioFlinger: Using module 10 as the primary audio interface
04-23 23:32:48.532  1176  1796 W AudioFlinger: no wake lock to update, system not ready yet
04-23 23:32:48.532   753   753 D audio_hw_primary: out_standby: enter: stream (0xf489a000) usecase(1: low-latency-playback)
04-23 23:32:48.532   753   753 D audio_hw_primary: out_standby: exit
04-23 23:32:48.533   755   755 D QCamera : Debug log file is not enabled
04-23 23:32:48.533  1176  1176 W AudioFlinger: moveEffects() bad srcOutput 0
04-23 23:32:48.533   755   755 I mm-camera: <MCT   >< INFO> 118: mct_controller_new: Creating new mct_controller with session-id 3
04-23 23:32:48.534   755  1799 I mm-camera: <MCT   >< INFO> 5121: mct_pipeline_start_session_thread: E sensor
04-23 23:32:48.534   755  1799 I mm-camera: <MCT   >< INFO> 5128: mct_pipeline_start_session_thread: Calling start_session on Module sensor
04-23 23:32:48.534   755  1800 I mm-camera: <MCT   >< INFO> 5121: mct_pipeline_start_session_thread: E iface
04-23 23:32:48.534  1176  1796 W AudioFlinger: no wake lock to update, system not ready yet
04-23 23:32:48.534   755  1800 I mm-camera: <MCT   >< INFO> 5128: mct_pipeline_start_session_thread: Calling start_session on Module iface
04-23 23:32:48.534   755  1802 I mm-camera: <MCT   >< INFO> 5121: mct_pipeline_start_session_thread: E isp
04-23 23:32:48.534   755  1802 I mm-camera: <MCT   >< INFO> 5128: mct_pipeline_start_session_thread: Calling start_session on Module isp
04-23 23:32:48.534   755  1802 I mm-camera: <ISP   >< INFO> 210: isp_module_start_session: session id 3 
04-23 23:32:48.534   753   753 D audio_hw_primary: out_set_parameters: enter: usecase(1: low-latency-playback) kvpairs: routing=2
04-23 23:32:48.534   753   753 D audio_hw_extn: audio_extn_set_anc_parameters: anc_enabled:0
04-23 23:32:48.534   753   753 D audio_hw_spkr_prot: audio_extn_fbsp_set_parameters: Speaker protection disabled
04-23 23:32:48.535   755  1802 I mm-camera: <MCT   >< INFO> 5131: mct_pipeline_start_session_thread: Module isp start_session rc = 1
04-23 23:32:48.535   755  1802 I mm-camera: <MCT   >< INFO> 5139: mct_pipeline_start_session_thread: started_num = 1, success = 1
04-23 23:32:48.535   755  1800 I mm-camera: <MCT   >< INFO> 5131: mct_pipeline_start_session_thread: Module iface start_session rc = 1
04-23 23:32:48.535   755  1802 I mm-camera: <MCT   >< INFO> 5146: mct_pipeline_start_session_thread: X isp
04-23 23:32:48.535   755  1800 I mm-camera: <MCT   >< INFO> 5139: mct_pipeline_start_session_thread: started_num = 2, success = 2
04-23 23:32:48.535   755  1800 I mm-camera: <MCT   >< INFO> 5146: mct_pipeline_start_session_thread: X iface
04-23 23:32:48.535   755  1807 I mm-camera: <MCT   >< INFO> 5121: mct_pipeline_start_session_thread: E stats
04-23 23:32:48.536   755  1807 I mm-camera: <MCT   >< INFO> 5128: mct_pipeline_start_session_thread: Calling start_session on Module stats
04-23 23:32:48.536   755  1808 I mm-camera: <MCT   >< INFO> 5121: mct_pipeline_start_session_thread: E pproc
04-23 23:32:48.536   755  1808 I mm-camera: <MCT   >< INFO> 5128: mct_pipeline_start_session_thread: Calling start_session on Module pproc
04-23 23:32:48.536  1176  1176 I AudioFlinger: openOutput() this 0xe9ec5000, module 10 Device 2, SamplingRate 48000, Format 0x000001, Channels 3, flags 104
04-23 23:32:48.536   753   753 D audio_hw_primary: adev_open_output_stream: enter: format(0x1) sample_rate(48000) channel_mask(0x3) devices(0x2) flags(0x104)        stream_handle(0xf4d94000)
04-23 23:32:48.536   755  1809 I mm-camera: <MCT   >< INFO> 5121: mct_pipeline_start_session_thread: E imglib
04-23 23:32:48.536   753   753 D audio_hw_primary: adev_open_output_stream: Stream (0xf4d94000) picks up usecase (audio-ull-playback)
04-23 23:32:48.537   755  1809 I mm-camera: <MCT   >< INFO> 5128: mct_pipeline_start_session_thread: Calling start_session on Module imglib
04-23 23:32:48.537  1176  1176 I AudioFlinger: HAL output buffer size 192 frames, normal sink buffer size 960 frames
04-23 23:32:48.537   753   753 D compress_voip: voice_extn_compress_voip_out_get_parameters: enter
04-23 23:32:48.537   755  1809 I mm-camera: <MCT   >< INFO> 5131: mct_pipeline_start_session_thread: Module imglib start_session rc = 1
04-23 23:32:48.538   755  1809 I mm-camera: <MCT   >< INFO> 5139: mct_pipeline_start_session_thread: started_num = 3, success = 3
04-23 23:32:48.538   755  1809 I mm-camera: <MCT   >< INFO> 5146: mct_pipeline_start_session_thread: X imglib
04-23 23:32:48.538  1176  1815 I AudioFlinger: AudioFlinger's thread 0xe8483880 tid=1815 ready to run
04-23 23:32:48.538  1176  1815 W AudioFlinger: no wake lock to update, system not ready yet
04-23 23:32:48.538   753   753 D audio_hw_primary: out_standby: enter: stream (0xf4d94000) usecase(12: audio-ull-playback)
04-23 23:32:48.538   753   753 D audio_hw_primary: out_standby: exit
04-23 23:32:48.539  1176  1815 W AudioFlinger: no wake lock to update, system not ready yet
04-23 23:32:48.539   755  1808 I mm-camera: <MCT   >< INFO> 5131: mct_pipeline_start_session_thread: Module pproc start_session rc = 1
04-23 23:32:48.539   755  1808 I mm-camera: <MCT   >< INFO> 5139: mct_pipeline_start_session_thread: started_num = 4, success = 4
04-23 23:32:48.539   755  1808 I mm-camera: <MCT   >< INFO> 5146: mct_pipeline_start_session_thread: X pproc
04-23 23:32:48.539   753   753 D audio_hw_primary: out_set_parameters: enter: usecase(12: audio-ull-playback) kvpairs: routing=2
04-23 23:32:48.539   755  1807 I mm-camera: <MCT   >< INFO> 5131: mct_pipeline_start_session_thread: Module stats start_session rc = 1
04-23 23:32:48.539   755  1807 I mm-camera: <MCT   >< INFO> 5139: mct_pipeline_start_session_thread: started_num = 5, success = 5
04-23 23:32:48.539   755  1807 I mm-camera: <MCT   >< INFO> 5146: mct_pipeline_start_session_thread: X stats
04-23 23:32:48.540  1176  1176 I AudioFlinger: openOutput() this 0xe9ec5000, module 10 Device 2, SamplingRate 48000, Format 0x000001, Channels 3, flags 8
04-23 23:32:48.540   753   753 D audio_hw_primary: adev_open_output_stream: enter: format(0x1) sample_rate(48000) channel_mask(0x3) devices(0x2) flags(0x8)        stream_handle(0xf4d96800)
04-23 23:32:48.540   753   753 D audio_hw_primary: adev_open_output_stream: Stream (0xf4d96800) picks up usecase (deep-buffer-playback)
04-23 23:32:48.541  1176  1176 I AudioFlinger: HAL output buffer size 1920 frames, normal sink buffer size 1920 frames
04-23 23:32:48.541   753   753 D compress_voip: voice_extn_compress_voip_out_get_parameters: enter
